[0.223s] DEBUG:colcon:Command line arguments: ['/usr/bin/colcon', 'build', '--packages-select', 'agrobot_msgs']
[0.223s] DEBUG:colcon:Parsed command line arguments: Namespace(log_base=None, log_level=None, verb_name='build', build_base='build', install_base='install', merge_install=False, symlink_install=False, test_result_base=None, continue_on_error=False, executor='parallel', parallel_workers=8, event_handlers=None, ignore_user_meta=False, metas=['./colcon.meta'], base_paths=['.'], packages_ignore=None, packages_ignore_regex=None, paths=None, packages_up_to=None, packages_up_to_regex=None, packages_above=None, packages_above_and_dependencies=None, packages_above_depth=None, packages_select_by_dep=None, packages_skip_by_dep=None, packages_skip_up_to=None, packages_select_build_failed=False, packages_skip_build_finished=False, packages_select_test_failures=False, packages_skip_test_passed=False, packages_select=['agrobot_msgs'], packages_skip=None, packages_select_regex=None, packages_skip_regex=None, packages_start=None, packages_end=None, allow_overriding=[], cmake_args=None, cmake_target=None, cmake_target_skip_unavailable=False, cmake_clean_cache=False, cmake_clean_first=False, cmake_force_configure=False, ament_cmake_args=None, catkin_cmake_args=None, catkin_skip_building_tests=False, verb_parser=<colcon_defaults.argument_parser.defaults.DefaultArgumentsDecorator object at 0xffffb8afa2c0>, verb_extension=<colcon_core.verb.build.BuildVerb object at 0xffffb8d901c0>, main=<bound method BuildVerb.main of <colcon_core.verb.build.BuildVerb object at 0xffffb8d901c0>>)
[0.305s] Level 1:colcon.colcon_core.package_discovery:discover_packages(colcon_meta) check parameters
[0.305s] Level 1:colcon.colcon_core.package_discovery:discover_packages(recursive) check parameters
[0.306s] Level 1:colcon.colcon_core.package_discovery:discover_packages(ignore) check parameters
[0.306s] Level 1:colcon.colcon_core.package_discovery:discover_packages(path) check parameters
[0.306s] Level 1:colcon.colcon_core.package_discovery:discover_packages(colcon_meta) discover
[0.306s] Level 1:colcon.colcon_core.package_discovery:discover_packages(recursive) discover
[0.306s] INFO:colcon.colcon_core.package_discovery:Crawling recursively for packages in '/workspaces/daniels-wonderland/agrobot-pipeline/ros2_ws'
[0.306s] Level 1:colcon.colcon_core.package_identification:_identify(.) by extensions ['ignore', 'ignore_ament_install']
[0.307s] Level 1:colcon.colcon_core.package_identification:_identify(.) by extension 'ignore'
[0.307s] Level 1:colcon.colcon_core.package_identification:_identify(.) by extension 'ignore_ament_install'
[0.307s] Level 1:colcon.colcon_core.package_identification:_identify(.) by extensions ['colcon_pkg']
[0.307s] Level 1:colcon.colcon_core.package_identification:_identify(.) by extension 'colcon_pkg'
[0.307s] Level 1:colcon.colcon_core.package_identification:_identify(.) by extensions ['colcon_meta']
[0.307s] Level 1:colcon.colcon_core.package_identification:_identify(.) by extension 'colcon_meta'
[0.307s] Level 1:colcon.colcon_core.package_identification:_identify(.) by extensions ['ros']
[0.307s] Level 1:colcon.colcon_core.package_identification:_identify(.) by extension 'ros'
[0.339s] Level 1:colcon.colcon_core.package_identification:_identify(.) by extensions ['cmake', 'python']
[0.340s] Level 1:colcon.colcon_core.package_identification:_identify(.) by extension 'cmake'
[0.340s] Level 1:colcon.colcon_core.package_identification:_identify(.) by extension 'python'
[0.340s] Level 1:colcon.colcon_core.package_identification:_identify(.) by extensions ['python_setup_py']
[0.340s] Level 1:colcon.colcon_core.package_identification:_identify(.) by extension 'python_setup_py'
[0.340s] Level 1:colcon.colcon_core.package_identification:_identify(build) by extensions ['ignore', 'ignore_ament_install']
[0.341s] Level 1:colcon.colcon_core.package_identification:_identify(build) by extension 'ignore'
[0.341s] Level 1:colcon.colcon_core.package_identification:_identify(build) ignored
[0.341s] Level 1:colcon.colcon_core.package_identification:_identify(install) by extensions ['ignore', 'ignore_ament_install']
[0.341s] Level 1:colcon.colcon_core.package_identification:_identify(install) by extension 'ignore'
[0.341s] Level 1:colcon.colcon_core.package_identification:_identify(install) ignored
[0.342s] Level 1:colcon.colcon_core.package_identification:_identify(log) by extensions ['ignore', 'ignore_ament_install']
[0.342s] Level 1:colcon.colcon_core.package_identification:_identify(log) by extension 'ignore'
[0.342s] Level 1:colcon.colcon_core.package_identification:_identify(log) ignored
[0.342s] Level 1:colcon.colcon_core.package_identification:_identify(src) by extensions ['ignore', 'ignore_ament_install']
[0.342s] Level 1:colcon.colcon_core.package_identification:_identify(src) by extension 'ignore'
[0.342s] Level 1:colcon.colcon_core.package_identification:_identify(src) by extension 'ignore_ament_install'
[0.342s] Level 1:colcon.colcon_core.package_identification:_identify(src) by extensions ['colcon_pkg']
[0.343s] Level 1:colcon.colcon_core.package_identification:_identify(src) by extension 'colcon_pkg'
[0.343s] Level 1:colcon.colcon_core.package_identification:_identify(src) by extensions ['colcon_meta']
[0.343s] Level 1:colcon.colcon_core.package_identification:_identify(src) by extension 'colcon_meta'
[0.343s] Level 1:colcon.colcon_core.package_identification:_identify(src) by extensions ['ros']
[0.343s] Level 1:colcon.colcon_core.package_identification:_identify(src) by extension 'ros'
[0.343s] Level 1:colcon.colcon_core.package_identification:_identify(src) by extensions ['cmake', 'python']
[0.343s] Level 1:colcon.colcon_core.package_identification:_identify(src) by extension 'cmake'
[0.343s] Level 1:colcon.colcon_core.package_identification:_identify(src) by extension 'python'
[0.343s] Level 1:colcon.colcon_core.package_identification:_identify(src) by extensions ['python_setup_py']
[0.343s] Level 1:colcon.colcon_core.package_identification:_identify(src) by extension 'python_setup_py'
[0.344s] Level 1:colcon.colcon_core.package_identification:_identify(src/agrobot_msgs) by extensions ['ignore', 'ignore_ament_install']
[0.344s] Level 1:colcon.colcon_core.package_identification:_identify(src/agrobot_msgs) by extension 'ignore'
[0.344s] Level 1:colcon.colcon_core.package_identification:_identify(src/agrobot_msgs) by extension 'ignore_ament_install'
[0.344s] Level 1:colcon.colcon_core.package_identification:_identify(src/agrobot_msgs) by extensions ['colcon_pkg']
[0.344s] Level 1:colcon.colcon_core.package_identification:_identify(src/agrobot_msgs) by extension 'colcon_pkg'
[0.344s] Level 1:colcon.colcon_core.package_identification:_identify(src/agrobot_msgs) by extensions ['colcon_meta']
[0.344s] Level 1:colcon.colcon_core.package_identification:_identify(src/agrobot_msgs) by extension 'colcon_meta'
[0.344s] Level 1:colcon.colcon_core.package_identification:_identify(src/agrobot_msgs) by extensions ['ros']
[0.345s] Level 1:colcon.colcon_core.package_identification:_identify(src/agrobot_msgs) by extension 'ros'
[0.350s] DEBUG:colcon.colcon_core.package_identification:Package 'src/agrobot_msgs' with type 'ros.catkin' and name 'agrobot_msgs'
[0.350s] Level 1:colcon.colcon_core.package_identification:_identify(src/ros_pad_probe) by extensions ['ignore', 'ignore_ament_install']
[0.350s] Level 1:colcon.colcon_core.package_identification:_identify(src/ros_pad_probe) by extension 'ignore'
[0.351s] Level 1:colcon.colcon_core.package_identification:_identify(src/ros_pad_probe) by extension 'ignore_ament_install'
[0.351s] Level 1:colcon.colcon_core.package_identification:_identify(src/ros_pad_probe) by extensions ['colcon_pkg']
[0.351s] Level 1:colcon.colcon_core.package_identification:_identify(src/ros_pad_probe) by extension 'colcon_pkg'
[0.351s] Level 1:colcon.colcon_core.package_identification:_identify(src/ros_pad_probe) by extensions ['colcon_meta']
[0.351s] Level 1:colcon.colcon_core.package_identification:_identify(src/ros_pad_probe) by extension 'colcon_meta'
[0.351s] Level 1:colcon.colcon_core.package_identification:_identify(src/ros_pad_probe) by extensions ['ros']
[0.351s] Level 1:colcon.colcon_core.package_identification:_identify(src/ros_pad_probe) by extension 'ros'
[0.353s] DEBUG:colcon.colcon_core.package_identification:Package 'src/ros_pad_probe' with type 'ros.ament_python' and name 'ros_pad_probe'
[0.353s] Level 1:colcon.colcon_core.package_discovery:discover_packages(recursive) using defaults
[0.353s] Level 1:colcon.colcon_core.package_discovery:discover_packages(ignore) discover
[0.353s] Level 1:colcon.colcon_core.package_discovery:discover_packages(ignore) using defaults
[0.353s] Level 1:colcon.colcon_core.package_discovery:discover_packages(path) discover
[0.353s] Level 1:colcon.colcon_core.package_discovery:discover_packages(path) using defaults
[0.393s] INFO:colcon.colcon_core.package_selection:Skipping not selected package 'ros_pad_probe' in 'src/ros_pad_probe'
[0.394s] Level 1:colcon.colcon_core.package_discovery:discover_packages(prefix_path) check parameters
[0.394s] Level 1:colcon.colcon_core.package_discovery:discover_packages(prefix_path) discover
[0.398s] DEBUG:colcon.colcon_installed_package_information.package_discovery:Found 1 installed packages in /workspaces/daniels-wonderland/agrobot-pipeline/ros2_ws/install
[0.400s] DEBUG:colcon.colcon_installed_package_information.package_discovery:Found 184 installed packages in /opt/ros/humble
[0.404s] Level 1:colcon.colcon_core.package_discovery:discover_packages(prefix_path) using defaults
[0.458s] Level 5:colcon.colcon_core.verb:set package 'agrobot_msgs' build argument 'cmake_args' from command line to 'None'
[0.458s] Level 5:colcon.colcon_core.verb:set package 'agrobot_msgs' build argument 'cmake_target' from command line to 'None'
[0.458s] Level 5:colcon.colcon_core.verb:set package 'agrobot_msgs' build argument 'cmake_target_skip_unavailable' from command line to 'False'
[0.459s] Level 5:colcon.colcon_core.verb:set package 'agrobot_msgs' build argument 'cmake_clean_cache' from command line to 'False'
[0.459s] Level 5:colcon.colcon_core.verb:set package 'agrobot_msgs' build argument 'cmake_clean_first' from command line to 'False'
[0.459s] Level 5:colcon.colcon_core.verb:set package 'agrobot_msgs' build argument 'cmake_force_configure' from command line to 'False'
[0.459s] Level 5:colcon.colcon_core.verb:set package 'agrobot_msgs' build argument 'ament_cmake_args' from command line to 'None'
[0.459s] Level 5:colcon.colcon_core.verb:set package 'agrobot_msgs' build argument 'catkin_cmake_args' from command line to 'None'
[0.459s] Level 5:colcon.colcon_core.verb:set package 'agrobot_msgs' build argument 'catkin_skip_building_tests' from command line to 'False'
[0.459s] DEBUG:colcon.colcon_core.verb:Building package 'agrobot_msgs' with the following arguments: {'ament_cmake_args': None, 'build_base': '/workspaces/daniels-wonderland/agrobot-pipeline/ros2_ws/build/agrobot_msgs', 'catkin_cmake_args': None, 'catkin_skip_building_tests': False, 'cmake_args': None, 'cmake_clean_cache': False, 'cmake_clean_first': False, 'cmake_force_configure': False, 'cmake_target': None, 'cmake_target_skip_unavailable': False, 'install_base': '/workspaces/daniels-wonderland/agrobot-pipeline/ros2_ws/install/agrobot_msgs', 'merge_install': False, 'path': '/workspaces/daniels-wonderland/agrobot-pipeline/ros2_ws/src/agrobot_msgs', 'symlink_install': False, 'test_result_base': None}
[0.459s] INFO:colcon.colcon_core.executor:Executing jobs using 'parallel' executor
[0.461s] DEBUG:colcon.colcon_parallel_executor.executor.parallel:run_until_complete
[0.462s] INFO:colcon.colcon_ros.task.catkin.build:Building ROS package in '/workspaces/daniels-wonderland/agrobot-pipeline/ros2_ws/src/agrobot_msgs' with build type 'catkin'
[0.462s] INFO:colcon.colcon_cmake.task.cmake.build:Building CMake package in '/workspaces/daniels-wonderland/agrobot-pipeline/ros2_ws/src/agrobot_msgs'
[0.467s] INFO:colcon.colcon_core.plugin_system:Skipping extension 'colcon_core.shell.bat': Not used on non-Windows systems
[0.467s] INFO:colcon.colcon_core.shell:Skip shell extension 'powershell' for command environment: Not usable outside of PowerShell
[0.467s] DEBUG:colcon.colcon_core.shell:Skip shell extension 'dsv' for command environment
[0.539s] DEBUG:colcon.colcon_core.event_handler.log_command:Invoking command in '/workspaces/daniels-wonderland/agrobot-pipeline/ros2_ws/build/agrobot_msgs': _=/usr/bin/env /usr/bin/cmake /workspaces/daniels-wonderland/agrobot-pipeline/ros2_ws/src/agrobot_msgs -DCATKIN_INSTALL_INTO_PREFIX_ROOT=0 -DCMAKE_INSTALL_PREFIX=/workspaces/daniels-wonderland/agrobot-pipeline/ros2_ws/install/agrobot_msgs
[4.836s] DEBUG:colcon.colcon_core.event_handler.log_command:Invoked command in '/workspaces/daniels-wonderland/agrobot-pipeline/ros2_ws/build/agrobot_msgs' returned '0': _=/usr/bin/env /usr/bin/cmake /workspaces/daniels-wonderland/agrobot-pipeline/ros2_ws/src/agrobot_msgs -DCATKIN_INSTALL_INTO_PREFIX_ROOT=0 -DCMAKE_INSTALL_PREFIX=/workspaces/daniels-wonderland/agrobot-pipeline/ros2_ws/install/agrobot_msgs
[4.842s] DEBUG:colcon.colcon_core.event_handler.log_command:Invoking command in '/workspaces/daniels-wonderland/agrobot-pipeline/ros2_ws/build/agrobot_msgs': _=/usr/bin/env /usr/bin/cmake --build /workspaces/daniels-wonderland/agrobot-pipeline/ros2_ws/build/agrobot_msgs -- -j8 -l8
[10.373s] DEBUG:colcon.colcon_core.event_handler.log_command:Invoked command in '/workspaces/daniels-wonderland/agrobot-pipeline/ros2_ws/build/agrobot_msgs' returned '0': _=/usr/bin/env /usr/bin/cmake --build /workspaces/daniels-wonderland/agrobot-pipeline/ros2_ws/build/agrobot_msgs -- -j8 -l8
[10.399s] DEBUG:colcon.colcon_core.event_handler.log_command:Invoking command in '/workspaces/daniels-wonderland/agrobot-pipeline/ros2_ws/build/agrobot_msgs': _=/usr/bin/env /usr/bin/cmake --install /workspaces/daniels-wonderland/agrobot-pipeline/ros2_ws/build/agrobot_msgs
[10.551s] DEBUG:colcon.colcon_core.event_handler.log_command:Invoked command in '/workspaces/daniels-wonderland/agrobot-pipeline/ros2_ws/build/agrobot_msgs' returned '0': _=/usr/bin/env /usr/bin/cmake --install /workspaces/daniels-wonderland/agrobot-pipeline/ros2_ws/build/agrobot_msgs
[10.552s] Level 1:colcon.colcon_core.shell:create_environment_hook('agrobot_msgs', 'ros_package_path')
[10.553s] INFO:colcon.colcon_core.shell:Creating environment hook '/workspaces/daniels-wonderland/agrobot-pipeline/ros2_ws/install/agrobot_msgs/share/agrobot_msgs/hook/ros_package_path.ps1'
[10.555s] INFO:colcon.colcon_core.shell:Creating environment descriptor '/workspaces/daniels-wonderland/agrobot-pipeline/ros2_ws/install/agrobot_msgs/share/agrobot_msgs/hook/ros_package_path.dsv'
[10.557s] INFO:colcon.colcon_core.shell:Creating environment hook '/workspaces/daniels-wonderland/agrobot-pipeline/ros2_ws/install/agrobot_msgs/share/agrobot_msgs/hook/ros_package_path.sh'
[10.560s] Level 1:colcon.colcon_ros.task.catkin:checking '/workspaces/daniels-wonderland/agrobot-pipeline/ros2_ws/install/agrobot_msgs/local/lib/python3.10/dist-packages'
[10.560s] Level 1:colcon.colcon_core.shell:create_environment_hook('agrobot_msgs', 'catkin_pythonpath')
[10.561s] INFO:colcon.colcon_core.shell:Creating environment hook '/workspaces/daniels-wonderland/agrobot-pipeline/ros2_ws/install/agrobot_msgs/share/agrobot_msgs/hook/catkin_pythonpath.ps1'
[10.562s] INFO:colcon.colcon_core.shell:Creating environment descriptor '/workspaces/daniels-wonderland/agrobot-pipeline/ros2_ws/install/agrobot_msgs/share/agrobot_msgs/hook/catkin_pythonpath.dsv'
[10.564s] INFO:colcon.colcon_core.shell:Creating environment hook '/workspaces/daniels-wonderland/agrobot-pipeline/ros2_ws/install/agrobot_msgs/share/agrobot_msgs/hook/catkin_pythonpath.sh'
[10.565s] Level 1:colcon.colcon_core.shell:create_environment_hook('agrobot_msgs', 'pkg_config_path')
[10.566s] INFO:colcon.colcon_core.shell:Creating environment hook '/workspaces/daniels-wonderland/agrobot-pipeline/ros2_ws/install/agrobot_msgs/share/agrobot_msgs/hook/pkg_config_path.ps1'
[10.568s] INFO:colcon.colcon_core.shell:Creating environment descriptor '/workspaces/daniels-wonderland/agrobot-pipeline/ros2_ws/install/agrobot_msgs/share/agrobot_msgs/hook/pkg_config_path.dsv'
[10.569s] INFO:colcon.colcon_core.shell:Creating environment hook '/workspaces/daniels-wonderland/agrobot-pipeline/ros2_ws/install/agrobot_msgs/share/agrobot_msgs/hook/pkg_config_path.sh'
[10.575s] Level 1:colcon.colcon_core.shell:create_environment_hook('agrobot_msgs', 'pkg_config_path_multiarch')
[10.576s] INFO:colcon.colcon_core.shell:Creating environment hook '/workspaces/daniels-wonderland/agrobot-pipeline/ros2_ws/install/agrobot_msgs/share/agrobot_msgs/hook/pkg_config_path_multiarch.ps1'
[10.578s] INFO:colcon.colcon_core.shell:Creating environment descriptor '/workspaces/daniels-wonderland/agrobot-pipeline/ros2_ws/install/agrobot_msgs/share/agrobot_msgs/hook/pkg_config_path_multiarch.dsv'
[10.578s] INFO:colcon.colcon_core.shell:Creating environment hook '/workspaces/daniels-wonderland/agrobot-pipeline/ros2_ws/install/agrobot_msgs/share/agrobot_msgs/hook/pkg_config_path_multiarch.sh'
[10.581s] Level 1:colcon.colcon_core.environment:create_environment_scripts_only(agrobot_msgs)
[10.586s] Level 1:colcon.colcon_core.environment:checking '/workspaces/daniels-wonderland/agrobot-pipeline/ros2_ws/install/agrobot_msgs' for CMake module files
[10.587s] Level 1:colcon.colcon_core.environment:checking '/workspaces/daniels-wonderland/agrobot-pipeline/ros2_ws/install/agrobot_msgs' for CMake config files
[10.588s] Level 1:colcon.colcon_core.shell:create_environment_hook('agrobot_msgs', 'cmake_prefix_path')
[10.588s] INFO:colcon.colcon_core.shell:Creating environment hook '/workspaces/daniels-wonderland/agrobot-pipeline/ros2_ws/install/agrobot_msgs/share/agrobot_msgs/hook/cmake_prefix_path.ps1'
[10.589s] INFO:colcon.colcon_core.shell:Creating environment descriptor '/workspaces/daniels-wonderland/agrobot-pipeline/ros2_ws/install/agrobot_msgs/share/agrobot_msgs/hook/cmake_prefix_path.dsv'
[10.590s] INFO:colcon.colcon_core.shell:Creating environment hook '/workspaces/daniels-wonderland/agrobot-pipeline/ros2_ws/install/agrobot_msgs/share/agrobot_msgs/hook/cmake_prefix_path.sh'
[10.591s] Level 1:colcon.colcon_core.environment:checking '/workspaces/daniels-wonderland/agrobot-pipeline/ros2_ws/install/agrobot_msgs/lib'
[10.592s] Level 1:colcon.colcon_core.shell:create_environment_hook('agrobot_msgs', 'ld_library_path_lib')
[10.592s] INFO:colcon.colcon_core.shell:Creating environment hook '/workspaces/daniels-wonderland/agrobot-pipeline/ros2_ws/install/agrobot_msgs/share/agrobot_msgs/hook/ld_library_path_lib.ps1'
[10.593s] INFO:colcon.colcon_core.shell:Creating environment descriptor '/workspaces/daniels-wonderland/agrobot-pipeline/ros2_ws/install/agrobot_msgs/share/agrobot_msgs/hook/ld_library_path_lib.dsv'
[10.594s] INFO:colcon.colcon_core.shell:Creating environment hook '/workspaces/daniels-wonderland/agrobot-pipeline/ros2_ws/install/agrobot_msgs/share/agrobot_msgs/hook/ld_library_path_lib.sh'
[10.594s] Level 1:colcon.colcon_core.environment:checking '/workspaces/daniels-wonderland/agrobot-pipeline/ros2_ws/install/agrobot_msgs/bin'
[10.595s] Level 1:colcon.colcon_core.environment:checking '/workspaces/daniels-wonderland/agrobot-pipeline/ros2_ws/install/agrobot_msgs/lib/pkgconfig/agrobot_msgs.pc'
[10.595s] Level 1:colcon.colcon_core.environment:checking '/workspaces/daniels-wonderland/agrobot-pipeline/ros2_ws/install/agrobot_msgs/lib/python3.10/site-packages'
[10.596s] Level 1:colcon.colcon_core.environment:checking '/workspaces/daniels-wonderland/agrobot-pipeline/ros2_ws/install/agrobot_msgs/bin'
[10.597s] INFO:colcon.colcon_core.shell:Creating package script '/workspaces/daniels-wonderland/agrobot-pipeline/ros2_ws/install/agrobot_msgs/share/agrobot_msgs/package.ps1'
[10.600s] INFO:colcon.colcon_core.shell:Creating package descriptor '/workspaces/daniels-wonderland/agrobot-pipeline/ros2_ws/install/agrobot_msgs/share/agrobot_msgs/package.dsv'
[10.601s] INFO:colcon.colcon_core.shell:Creating package script '/workspaces/daniels-wonderland/agrobot-pipeline/ros2_ws/install/agrobot_msgs/share/agrobot_msgs/package.sh'
[10.603s] INFO:colcon.colcon_core.shell:Creating package script '/workspaces/daniels-wonderland/agrobot-pipeline/ros2_ws/install/agrobot_msgs/share/agrobot_msgs/package.bash'
[10.605s] INFO:colcon.colcon_core.shell:Creating package script '/workspaces/daniels-wonderland/agrobot-pipeline/ros2_ws/install/agrobot_msgs/share/agrobot_msgs/package.zsh'
[10.607s] Level 1:colcon.colcon_core.environment:create_file_with_runtime_dependencies(/workspaces/daniels-wonderland/agrobot-pipeline/ros2_ws/install/agrobot_msgs/share/colcon-core/packages/agrobot_msgs)
[10.608s] DEBUG:colcon.colcon_parallel_executor.executor.parallel:closing loop
[10.609s] DEBUG:colcon.colcon_parallel_executor.executor.parallel:loop closed
[10.609s] DEBUG:colcon.colcon_parallel_executor.executor.parallel:run_until_complete finished with '0'
[10.610s] DEBUG:colcon.colcon_core.event_reactor:joining thread
[10.629s] INFO:colcon.colcon_core.plugin_system:Skipping extension 'colcon_notification.desktop_notification.notify_send': Could not find 'notify-send'
[10.630s] INFO:colcon.colcon_core.plugin_system:Skipping extension 'colcon_notification.desktop_notification.terminal_notifier': Not used on non-Darwin systems
[10.630s] INFO:colcon.colcon_core.plugin_system:Skipping extension 'colcon_notification.desktop_notification.win32': Not used on non-Windows systems
[10.630s] INFO:colcon.colcon_notification.desktop_notification:Sending desktop notification using 'notify2'
[10.638s] DEBUG:colcon.colcon_notification.desktop_notification.notify2:Failed to initialize notify2: org.freedesktop.DBus.Error.Spawn.ExecFailed: /usr/bin/dbus-launch terminated abnormally without any error message
[10.639s] DEBUG:colcon.colcon_core.event_reactor:joined thread
[10.640s] INFO:colcon.colcon_core.shell:Creating prefix script '/workspaces/daniels-wonderland/agrobot-pipeline/ros2_ws/install/local_setup.ps1'
[10.644s] INFO:colcon.colcon_core.shell:Creating prefix util module '/workspaces/daniels-wonderland/agrobot-pipeline/ros2_ws/install/_local_setup_util_ps1.py'
[10.648s] INFO:colcon.colcon_core.shell:Creating prefix chain script '/workspaces/daniels-wonderland/agrobot-pipeline/ros2_ws/install/setup.ps1'
[10.652s] INFO:colcon.colcon_core.shell:Creating prefix script '/workspaces/daniels-wonderland/agrobot-pipeline/ros2_ws/install/local_setup.sh'
[10.654s] INFO:colcon.colcon_core.shell:Creating prefix util module '/workspaces/daniels-wonderland/agrobot-pipeline/ros2_ws/install/_local_setup_util_sh.py'
[10.656s] INFO:colcon.colcon_core.shell:Creating prefix chain script '/workspaces/daniels-wonderland/agrobot-pipeline/ros2_ws/install/setup.sh'
[10.659s] INFO:colcon.colcon_core.shell:Creating prefix script '/workspaces/daniels-wonderland/agrobot-pipeline/ros2_ws/install/local_setup.bash'
[10.661s] INFO:colcon.colcon_core.shell:Creating prefix chain script '/workspaces/daniels-wonderland/agrobot-pipeline/ros2_ws/install/setup.bash'
[10.664s] INFO:colcon.colcon_core.shell:Creating prefix script '/workspaces/daniels-wonderland/agrobot-pipeline/ros2_ws/install/local_setup.zsh'
[10.665s] INFO:colcon.colcon_core.shell:Creating prefix chain script '/workspaces/daniels-wonderland/agrobot-pipeline/ros2_ws/install/setup.zsh'
