[0.226s] DEBUG:colcon:Command line arguments: ['/usr/bin/colcon', 'build', '--packages-select', 'agrobot_msgs']
[0.226s] DEBUG:colcon:Parsed command line arguments: Namespace(log_base=None, log_level=None, verb_name='build', build_base='build', install_base='install', merge_install=False, symlink_install=False, test_result_base=None, continue_on_error=False, executor='parallel', parallel_workers=8, event_handlers=None, ignore_user_meta=False, metas=['./colcon.meta'], base_paths=['.'], packages_ignore=None, packages_ignore_regex=None, paths=None, packages_up_to=None, packages_up_to_regex=None, packages_above=None, packages_above_and_dependencies=None, packages_above_depth=None, packages_select_by_dep=None, packages_skip_by_dep=None, packages_skip_up_to=None, packages_select_build_failed=False, packages_skip_build_finished=False, packages_select_test_failures=False, packages_skip_test_passed=False, packages_select=['agrobot_msgs'], packages_skip=None, packages_select_regex=None, packages_skip_regex=None, packages_start=None, packages_end=None, allow_overriding=[], cmake_args=None, cmake_target=None, cmake_target_skip_unavailable=False, cmake_clean_cache=False, cmake_clean_first=False, cmake_force_configure=False, ament_cmake_args=None, catkin_cmake_args=None, catkin_skip_building_tests=False, verb_parser=<colcon_defaults.argument_parser.defaults.DefaultArgumentsDecorator object at 0xffff9a5ea2f0>, verb_extension=<colcon_core.verb.build.BuildVerb object at 0xffff9a8801f0>, main=<bound method BuildVerb.main of <colcon_core.verb.build.BuildVerb object at 0xffff9a8801f0>>)
[0.309s] Level 1:colcon.colcon_core.package_discovery:discover_packages(colcon_meta) check parameters
[0.309s] Level 1:colcon.colcon_core.package_discovery:discover_packages(recursive) check parameters
[0.309s] Level 1:colcon.colcon_core.package_discovery:discover_packages(ignore) check parameters
[0.309s] Level 1:colcon.colcon_core.package_discovery:discover_packages(path) check parameters
[0.310s] Level 1:colcon.colcon_core.package_discovery:discover_packages(colcon_meta) discover
[0.310s] Level 1:colcon.colcon_core.package_discovery:discover_packages(recursive) discover
[0.310s] INFO:colcon.colcon_core.package_discovery:Crawling recursively for packages in '/workspaces/daniels-wonderland/agrobot-pipeline/ros2_ws'
[0.310s] Level 1:colcon.colcon_core.package_identification:_identify(.) by extensions ['ignore', 'ignore_ament_install']
[0.310s] Level 1:colcon.colcon_core.package_identification:_identify(.) by extension 'ignore'
[0.310s] Level 1:colcon.colcon_core.package_identification:_identify(.) by extension 'ignore_ament_install'
[0.311s] Level 1:colcon.colcon_core.package_identification:_identify(.) by extensions ['colcon_pkg']
[0.311s] Level 1:colcon.colcon_core.package_identification:_identify(.) by extension 'colcon_pkg'
[0.311s] Level 1:colcon.colcon_core.package_identification:_identify(.) by extensions ['colcon_meta']
[0.311s] Level 1:colcon.colcon_core.package_identification:_identify(.) by extension 'colcon_meta'
[0.311s] Level 1:colcon.colcon_core.package_identification:_identify(.) by extensions ['ros']
[0.311s] Level 1:colcon.colcon_core.package_identification:_identify(.) by extension 'ros'
[0.344s] Level 1:colcon.colcon_core.package_identification:_identify(.) by extensions ['cmake', 'python']
[0.344s] Level 1:colcon.colcon_core.package_identification:_identify(.) by extension 'cmake'
[0.344s] Level 1:colcon.colcon_core.package_identification:_identify(.) by extension 'python'
[0.344s] Level 1:colcon.colcon_core.package_identification:_identify(.) by extensions ['python_setup_py']
[0.344s] Level 1:colcon.colcon_core.package_identification:_identify(.) by extension 'python_setup_py'
[0.345s] Level 1:colcon.colcon_core.package_identification:_identify(build) by extensions ['ignore', 'ignore_ament_install']
[0.345s] Level 1:colcon.colcon_core.package_identification:_identify(build) by extension 'ignore'
[0.345s] Level 1:colcon.colcon_core.package_identification:_identify(build) ignored
[0.345s] Level 1:colcon.colcon_core.package_identification:_identify(install) by extensions ['ignore', 'ignore_ament_install']
[0.345s] Level 1:colcon.colcon_core.package_identification:_identify(install) by extension 'ignore'
[0.346s] Level 1:colcon.colcon_core.package_identification:_identify(install) ignored
[0.346s] Level 1:colcon.colcon_core.package_identification:_identify(log) by extensions ['ignore', 'ignore_ament_install']
[0.346s] Level 1:colcon.colcon_core.package_identification:_identify(log) by extension 'ignore'
[0.346s] Level 1:colcon.colcon_core.package_identification:_identify(log) ignored
[0.346s] Level 1:colcon.colcon_core.package_identification:_identify(src) by extensions ['ignore', 'ignore_ament_install']
[0.346s] Level 1:colcon.colcon_core.package_identification:_identify(src) by extension 'ignore'
[0.347s] Level 1:colcon.colcon_core.package_identification:_identify(src) by extension 'ignore_ament_install'
[0.347s] Level 1:colcon.colcon_core.package_identification:_identify(src) by extensions ['colcon_pkg']
[0.347s] Level 1:colcon.colcon_core.package_identification:_identify(src) by extension 'colcon_pkg'
[0.347s] Level 1:colcon.colcon_core.package_identification:_identify(src) by extensions ['colcon_meta']
[0.347s] Level 1:colcon.colcon_core.package_identification:_identify(src) by extension 'colcon_meta'
[0.347s] Level 1:colcon.colcon_core.package_identification:_identify(src) by extensions ['ros']
[0.347s] Level 1:colcon.colcon_core.package_identification:_identify(src) by extension 'ros'
[0.347s] Level 1:colcon.colcon_core.package_identification:_identify(src) by extensions ['cmake', 'python']
[0.347s] Level 1:colcon.colcon_core.package_identification:_identify(src) by extension 'cmake'
[0.347s] Level 1:colcon.colcon_core.package_identification:_identify(src) by extension 'python'
[0.348s] Level 1:colcon.colcon_core.package_identification:_identify(src) by extensions ['python_setup_py']
[0.348s] Level 1:colcon.colcon_core.package_identification:_identify(src) by extension 'python_setup_py'
[0.348s] Level 1:colcon.colcon_core.package_identification:_identify(src/agrobot_msgs) by extensions ['ignore', 'ignore_ament_install']
[0.348s] Level 1:colcon.colcon_core.package_identification:_identify(src/agrobot_msgs) by extension 'ignore'
[0.348s] Level 1:colcon.colcon_core.package_identification:_identify(src/agrobot_msgs) by extension 'ignore_ament_install'
[0.348s] Level 1:colcon.colcon_core.package_identification:_identify(src/agrobot_msgs) by extensions ['colcon_pkg']
[0.348s] Level 1:colcon.colcon_core.package_identification:_identify(src/agrobot_msgs) by extension 'colcon_pkg'
[0.348s] Level 1:colcon.colcon_core.package_identification:_identify(src/agrobot_msgs) by extensions ['colcon_meta']
[0.349s] Level 1:colcon.colcon_core.package_identification:_identify(src/agrobot_msgs) by extension 'colcon_meta'
[0.349s] Level 1:colcon.colcon_core.package_identification:_identify(src/agrobot_msgs) by extensions ['ros']
[0.349s] Level 1:colcon.colcon_core.package_identification:_identify(src/agrobot_msgs) by extension 'ros'
[0.354s] DEBUG:colcon.colcon_core.package_identification:Package 'src/agrobot_msgs' with type 'ros.catkin' and name 'agrobot_msgs'
[0.354s] Level 1:colcon.colcon_core.package_identification:_identify(src/ros_pad_probe) by extensions ['ignore', 'ignore_ament_install']
[0.355s] Level 1:colcon.colcon_core.package_identification:_identify(src/ros_pad_probe) by extension 'ignore'
[0.355s] Level 1:colcon.colcon_core.package_identification:_identify(src/ros_pad_probe) by extension 'ignore_ament_install'
[0.355s] Level 1:colcon.colcon_core.package_identification:_identify(src/ros_pad_probe) by extensions ['colcon_pkg']
[0.355s] Level 1:colcon.colcon_core.package_identification:_identify(src/ros_pad_probe) by extension 'colcon_pkg'
[0.355s] Level 1:colcon.colcon_core.package_identification:_identify(src/ros_pad_probe) by extensions ['colcon_meta']
[0.355s] Level 1:colcon.colcon_core.package_identification:_identify(src/ros_pad_probe) by extension 'colcon_meta'
[0.355s] Level 1:colcon.colcon_core.package_identification:_identify(src/ros_pad_probe) by extensions ['ros']
[0.355s] Level 1:colcon.colcon_core.package_identification:_identify(src/ros_pad_probe) by extension 'ros'
[0.357s] DEBUG:colcon.colcon_core.package_identification:Package 'src/ros_pad_probe' with type 'ros.ament_python' and name 'ros_pad_probe'
[0.357s] Level 1:colcon.colcon_core.package_discovery:discover_packages(recursive) using defaults
[0.357s] Level 1:colcon.colcon_core.package_discovery:discover_packages(ignore) discover
[0.357s] Level 1:colcon.colcon_core.package_discovery:discover_packages(ignore) using defaults
[0.357s] Level 1:colcon.colcon_core.package_discovery:discover_packages(path) discover
[0.357s] Level 1:colcon.colcon_core.package_discovery:discover_packages(path) using defaults
[0.399s] INFO:colcon.colcon_core.package_selection:Skipping not selected package 'ros_pad_probe' in 'src/ros_pad_probe'
[0.421s] Level 1:colcon.colcon_core.package_discovery:discover_packages(prefix_path) check parameters
[0.421s] Level 1:colcon.colcon_core.package_discovery:discover_packages(prefix_path) discover
[0.425s] DEBUG:colcon.colcon_installed_package_information.package_discovery:Found 1 installed packages in /workspaces/daniels-wonderland/agrobot-pipeline/ros2_ws/install
[0.427s] DEBUG:colcon.colcon_installed_package_information.package_discovery:Found 184 installed packages in /opt/ros/humble
[0.430s] Level 1:colcon.colcon_core.package_discovery:discover_packages(prefix_path) using defaults
[0.486s] Level 5:colcon.colcon_core.verb:set package 'agrobot_msgs' build argument 'cmake_args' from command line to 'None'
[0.486s] Level 5:colcon.colcon_core.verb:set package 'agrobot_msgs' build argument 'cmake_target' from command line to 'None'
[0.486s] Level 5:colcon.colcon_core.verb:set package 'agrobot_msgs' build argument 'cmake_target_skip_unavailable' from command line to 'False'
[0.486s] Level 5:colcon.colcon_core.verb:set package 'agrobot_msgs' build argument 'cmake_clean_cache' from command line to 'False'
[0.486s] Level 5:colcon.colcon_core.verb:set package 'agrobot_msgs' build argument 'cmake_clean_first' from command line to 'False'
[0.486s] Level 5:colcon.colcon_core.verb:set package 'agrobot_msgs' build argument 'cmake_force_configure' from command line to 'False'
[0.486s] Level 5:colcon.colcon_core.verb:set package 'agrobot_msgs' build argument 'ament_cmake_args' from command line to 'None'
[0.486s] Level 5:colcon.colcon_core.verb:set package 'agrobot_msgs' build argument 'catkin_cmake_args' from command line to 'None'
[0.486s] Level 5:colcon.colcon_core.verb:set package 'agrobot_msgs' build argument 'catkin_skip_building_tests' from command line to 'False'
[0.486s] DEBUG:colcon.colcon_core.verb:Building package 'agrobot_msgs' with the following arguments: {'ament_cmake_args': None, 'build_base': '/workspaces/daniels-wonderland/agrobot-pipeline/ros2_ws/build/agrobot_msgs', 'catkin_cmake_args': None, 'catkin_skip_building_tests': False, 'cmake_args': None, 'cmake_clean_cache': False, 'cmake_clean_first': False, 'cmake_force_configure': False, 'cmake_target': None, 'cmake_target_skip_unavailable': False, 'install_base': '/workspaces/daniels-wonderland/agrobot-pipeline/ros2_ws/install/agrobot_msgs', 'merge_install': False, 'path': '/workspaces/daniels-wonderland/agrobot-pipeline/ros2_ws/src/agrobot_msgs', 'symlink_install': False, 'test_result_base': None}
[0.487s] INFO:colcon.colcon_core.executor:Executing jobs using 'parallel' executor
[0.489s] DEBUG:colcon.colcon_parallel_executor.executor.parallel:run_until_complete
[0.490s] INFO:colcon.colcon_ros.task.catkin.build:Building ROS package in '/workspaces/daniels-wonderland/agrobot-pipeline/ros2_ws/src/agrobot_msgs' with build type 'catkin'
[0.490s] INFO:colcon.colcon_cmake.task.cmake.build:Building CMake package in '/workspaces/daniels-wonderland/agrobot-pipeline/ros2_ws/src/agrobot_msgs'
[0.495s] INFO:colcon.colcon_core.plugin_system:Skipping extension 'colcon_core.shell.bat': Not used on non-Windows systems
[0.496s] INFO:colcon.colcon_core.shell:Skip shell extension 'powershell' for command environment: Not usable outside of PowerShell
[0.496s] DEBUG:colcon.colcon_core.shell:Skip shell extension 'dsv' for command environment
[0.575s] DEBUG:colcon.colcon_core.event_handler.log_command:Invoking command in '/workspaces/daniels-wonderland/agrobot-pipeline/ros2_ws/build/agrobot_msgs': _=/usr/bin/env /usr/bin/cmake --build /workspaces/daniels-wonderland/agrobot-pipeline/ros2_ws/build/agrobot_msgs -- -j8 -l8
[9.917s] DEBUG:colcon.colcon_core.event_handler.log_command:Invoked command in '/workspaces/daniels-wonderland/agrobot-pipeline/ros2_ws/build/agrobot_msgs' returned '0': _=/usr/bin/env /usr/bin/cmake --build /workspaces/daniels-wonderland/agrobot-pipeline/ros2_ws/build/agrobot_msgs -- -j8 -l8
[9.947s] DEBUG:colcon.colcon_core.event_handler.log_command:Invoking command in '/workspaces/daniels-wonderland/agrobot-pipeline/ros2_ws/build/agrobot_msgs': _=/usr/bin/env /usr/bin/cmake --install /workspaces/daniels-wonderland/agrobot-pipeline/ros2_ws/build/agrobot_msgs
[10.115s] Level 1:colcon.colcon_core.shell:create_environment_hook('agrobot_msgs', 'ros_package_path')
[10.116s] INFO:colcon.colcon_core.shell:Creating environment hook '/workspaces/daniels-wonderland/agrobot-pipeline/ros2_ws/install/agrobot_msgs/share/agrobot_msgs/hook/ros_package_path.ps1'
[10.118s] INFO:colcon.colcon_core.shell:Creating environment descriptor '/workspaces/daniels-wonderland/agrobot-pipeline/ros2_ws/install/agrobot_msgs/share/agrobot_msgs/hook/ros_package_path.dsv'
[10.120s] INFO:colcon.colcon_core.shell:Creating environment hook '/workspaces/daniels-wonderland/agrobot-pipeline/ros2_ws/install/agrobot_msgs/share/agrobot_msgs/hook/ros_package_path.sh'
[10.122s] Level 1:colcon.colcon_ros.task.catkin:checking '/workspaces/daniels-wonderland/agrobot-pipeline/ros2_ws/install/agrobot_msgs/local/lib/python3.10/dist-packages'
[10.122s] Level 1:colcon.colcon_core.shell:create_environment_hook('agrobot_msgs', 'catkin_pythonpath')
[10.123s] INFO:colcon.colcon_core.shell:Creating environment hook '/workspaces/daniels-wonderland/agrobot-pipeline/ros2_ws/install/agrobot_msgs/share/agrobot_msgs/hook/catkin_pythonpath.ps1'
[10.124s] INFO:colcon.colcon_core.shell:Creating environment descriptor '/workspaces/daniels-wonderland/agrobot-pipeline/ros2_ws/install/agrobot_msgs/share/agrobot_msgs/hook/catkin_pythonpath.dsv'
[10.125s] INFO:colcon.colcon_core.shell:Creating environment hook '/workspaces/daniels-wonderland/agrobot-pipeline/ros2_ws/install/agrobot_msgs/share/agrobot_msgs/hook/catkin_pythonpath.sh'
[10.126s] Level 1:colcon.colcon_core.shell:create_environment_hook('agrobot_msgs', 'pkg_config_path')
[10.126s] INFO:colcon.colcon_core.shell:Creating environment hook '/workspaces/daniels-wonderland/agrobot-pipeline/ros2_ws/install/agrobot_msgs/share/agrobot_msgs/hook/pkg_config_path.ps1'
[10.127s] INFO:colcon.colcon_core.shell:Creating environment descriptor '/workspaces/daniels-wonderland/agrobot-pipeline/ros2_ws/install/agrobot_msgs/share/agrobot_msgs/hook/pkg_config_path.dsv'
[10.128s] INFO:colcon.colcon_core.shell:Creating environment hook '/workspaces/daniels-wonderland/agrobot-pipeline/ros2_ws/install/agrobot_msgs/share/agrobot_msgs/hook/pkg_config_path.sh'
[10.133s] DEBUG:colcon.colcon_core.event_handler.log_command:Invoked command in '/workspaces/daniels-wonderland/agrobot-pipeline/ros2_ws/build/agrobot_msgs' returned '0': _=/usr/bin/env /usr/bin/cmake --install /workspaces/daniels-wonderland/agrobot-pipeline/ros2_ws/build/agrobot_msgs
[10.134s] Level 1:colcon.colcon_core.shell:create_environment_hook('agrobot_msgs', 'pkg_config_path_multiarch')
[10.135s] INFO:colcon.colcon_core.shell:Creating environment hook '/workspaces/daniels-wonderland/agrobot-pipeline/ros2_ws/install/agrobot_msgs/share/agrobot_msgs/hook/pkg_config_path_multiarch.ps1'
[10.136s] INFO:colcon.colcon_core.shell:Creating environment descriptor '/workspaces/daniels-wonderland/agrobot-pipeline/ros2_ws/install/agrobot_msgs/share/agrobot_msgs/hook/pkg_config_path_multiarch.dsv'
[10.137s] INFO:colcon.colcon_core.shell:Creating environment hook '/workspaces/daniels-wonderland/agrobot-pipeline/ros2_ws/install/agrobot_msgs/share/agrobot_msgs/hook/pkg_config_path_multiarch.sh'
[10.139s] Level 1:colcon.colcon_core.environment:create_environment_scripts_only(agrobot_msgs)
[10.145s] Level 1:colcon.colcon_core.environment:checking '/workspaces/daniels-wonderland/agrobot-pipeline/ros2_ws/install/agrobot_msgs' for CMake module files
[10.147s] Level 1:colcon.colcon_core.environment:checking '/workspaces/daniels-wonderland/agrobot-pipeline/ros2_ws/install/agrobot_msgs' for CMake config files
[10.148s] Level 1:colcon.colcon_core.shell:create_environment_hook('agrobot_msgs', 'cmake_prefix_path')
[10.148s] INFO:colcon.colcon_core.shell:Creating environment hook '/workspaces/daniels-wonderland/agrobot-pipeline/ros2_ws/install/agrobot_msgs/share/agrobot_msgs/hook/cmake_prefix_path.ps1'
[10.150s] INFO:colcon.colcon_core.shell:Creating environment descriptor '/workspaces/daniels-wonderland/agrobot-pipeline/ros2_ws/install/agrobot_msgs/share/agrobot_msgs/hook/cmake_prefix_path.dsv'
[10.151s] INFO:colcon.colcon_core.shell:Creating environment hook '/workspaces/daniels-wonderland/agrobot-pipeline/ros2_ws/install/agrobot_msgs/share/agrobot_msgs/hook/cmake_prefix_path.sh'
[10.153s] Level 1:colcon.colcon_core.environment:checking '/workspaces/daniels-wonderland/agrobot-pipeline/ros2_ws/install/agrobot_msgs/lib'
[10.153s] Level 1:colcon.colcon_core.shell:create_environment_hook('agrobot_msgs', 'ld_library_path_lib')
[10.153s] INFO:colcon.colcon_core.shell:Creating environment hook '/workspaces/daniels-wonderland/agrobot-pipeline/ros2_ws/install/agrobot_msgs/share/agrobot_msgs/hook/ld_library_path_lib.ps1'
[10.154s] INFO:colcon.colcon_core.shell:Creating environment descriptor '/workspaces/daniels-wonderland/agrobot-pipeline/ros2_ws/install/agrobot_msgs/share/agrobot_msgs/hook/ld_library_path_lib.dsv'
[10.155s] INFO:colcon.colcon_core.shell:Creating environment hook '/workspaces/daniels-wonderland/agrobot-pipeline/ros2_ws/install/agrobot_msgs/share/agrobot_msgs/hook/ld_library_path_lib.sh'
[10.156s] Level 1:colcon.colcon_core.environment:checking '/workspaces/daniels-wonderland/agrobot-pipeline/ros2_ws/install/agrobot_msgs/bin'
[10.156s] Level 1:colcon.colcon_core.environment:checking '/workspaces/daniels-wonderland/agrobot-pipeline/ros2_ws/install/agrobot_msgs/lib/pkgconfig/agrobot_msgs.pc'
[10.157s] Level 1:colcon.colcon_core.environment:checking '/workspaces/daniels-wonderland/agrobot-pipeline/ros2_ws/install/agrobot_msgs/lib/python3.10/site-packages'
[10.158s] Level 1:colcon.colcon_core.environment:checking '/workspaces/daniels-wonderland/agrobot-pipeline/ros2_ws/install/agrobot_msgs/bin'
[10.159s] INFO:colcon.colcon_core.shell:Creating package script '/workspaces/daniels-wonderland/agrobot-pipeline/ros2_ws/install/agrobot_msgs/share/agrobot_msgs/package.ps1'
[10.162s] INFO:colcon.colcon_core.shell:Creating package descriptor '/workspaces/daniels-wonderland/agrobot-pipeline/ros2_ws/install/agrobot_msgs/share/agrobot_msgs/package.dsv'
[10.164s] INFO:colcon.colcon_core.shell:Creating package script '/workspaces/daniels-wonderland/agrobot-pipeline/ros2_ws/install/agrobot_msgs/share/agrobot_msgs/package.sh'
[10.166s] INFO:colcon.colcon_core.shell:Creating package script '/workspaces/daniels-wonderland/agrobot-pipeline/ros2_ws/install/agrobot_msgs/share/agrobot_msgs/package.bash'
[10.168s] INFO:colcon.colcon_core.shell:Creating package script '/workspaces/daniels-wonderland/agrobot-pipeline/ros2_ws/install/agrobot_msgs/share/agrobot_msgs/package.zsh'
[10.169s] Level 1:colcon.colcon_core.environment:create_file_with_runtime_dependencies(/workspaces/daniels-wonderland/agrobot-pipeline/ros2_ws/install/agrobot_msgs/share/colcon-core/packages/agrobot_msgs)
[10.171s] DEBUG:colcon.colcon_parallel_executor.executor.parallel:closing loop
[10.172s] DEBUG:colcon.colcon_parallel_executor.executor.parallel:loop closed
[10.172s] DEBUG:colcon.colcon_parallel_executor.executor.parallel:run_until_complete finished with '0'
[10.172s] DEBUG:colcon.colcon_core.event_reactor:joining thread
[10.185s] INFO:colcon.colcon_core.plugin_system:Skipping extension 'colcon_notification.desktop_notification.notify_send': Could not find 'notify-send'
[10.185s] INFO:colcon.colcon_core.plugin_system:Skipping extension 'colcon_notification.desktop_notification.terminal_notifier': Not used on non-Darwin systems
[10.185s] INFO:colcon.colcon_core.plugin_system:Skipping extension 'colcon_notification.desktop_notification.win32': Not used on non-Windows systems
[10.186s] INFO:colcon.colcon_notification.desktop_notification:Sending desktop notification using 'notify2'
[10.194s] DEBUG:colcon.colcon_notification.desktop_notification.notify2:Failed to initialize notify2: org.freedesktop.DBus.Error.Spawn.ExecFailed: /usr/bin/dbus-launch terminated abnormally without any error message
[10.195s] DEBUG:colcon.colcon_core.event_reactor:joined thread
[10.196s] INFO:colcon.colcon_core.shell:Creating prefix script '/workspaces/daniels-wonderland/agrobot-pipeline/ros2_ws/install/local_setup.ps1'
[10.199s] INFO:colcon.colcon_core.shell:Creating prefix util module '/workspaces/daniels-wonderland/agrobot-pipeline/ros2_ws/install/_local_setup_util_ps1.py'
[10.205s] INFO:colcon.colcon_core.shell:Creating prefix chain script '/workspaces/daniels-wonderland/agrobot-pipeline/ros2_ws/install/setup.ps1'
[10.208s] INFO:colcon.colcon_core.shell:Creating prefix script '/workspaces/daniels-wonderland/agrobot-pipeline/ros2_ws/install/local_setup.sh'
[10.212s] INFO:colcon.colcon_core.shell:Creating prefix util module '/workspaces/daniels-wonderland/agrobot-pipeline/ros2_ws/install/_local_setup_util_sh.py'
[10.215s] INFO:colcon.colcon_core.shell:Creating prefix chain script '/workspaces/daniels-wonderland/agrobot-pipeline/ros2_ws/install/setup.sh'
[10.218s] INFO:colcon.colcon_core.shell:Creating prefix script '/workspaces/daniels-wonderland/agrobot-pipeline/ros2_ws/install/local_setup.bash'
[10.219s] INFO:colcon.colcon_core.shell:Creating prefix chain script '/workspaces/daniels-wonderland/agrobot-pipeline/ros2_ws/install/setup.bash'
[10.222s] INFO:colcon.colcon_core.shell:Creating prefix script '/workspaces/daniels-wonderland/agrobot-pipeline/ros2_ws/install/local_setup.zsh'
[10.223s] INFO:colcon.colcon_core.shell:Creating prefix chain script '/workspaces/daniels-wonderland/agrobot-pipeline/ros2_ws/install/setup.zsh'
