[0.000000] (-) TimerEvent: {}
[0.001459] (-) JobUnselected: {'identifier': 'ros_pad_probe'}
[0.001654] (agrobot_msgs) JobQueued: {'identifier': 'agrobot_msgs', 'dependencies': OrderedDict()}
[0.002055] (agrobot_msgs) JobStarted: {'identifier': 'agrobot_msgs'}
[0.082764] (agrobot_msgs) JobProgress: {'identifier': 'agrobot_msgs', 'progress': 'cmake'}
[0.084597] (agrobot_msgs) JobProgress: {'identifier': 'agrobot_msgs', 'progress': 'build'}
[0.085997] (agrobot_msgs) Command: {'cmd': ['/usr/bin/cmake', '--build', '/workspaces/daniels-wonderland/agrobot-pipeline/ros2_ws/build/agrobot_msgs', '--', '-j8', '-l8'], 'cwd': '/workspaces/daniels-wonderland/agrobot-pipeline/ros2_ws/build/agrobot_msgs', 'env': OrderedDict([('NPP_VERSION', '12.2.1.4'), ('SHELL', '/bin/bash'), ('ROS_VERSION', '2'), ('NVIDIA_VISIBLE_DEVICES', 'all'), ('DALI_BUILD', ''), ('CUSOLVER_VERSION', '11.5.2.141'), ('PLATFORM', 'jetson'), ('CUBLAS_VERSION', '12.2.5.6'), ('PKG_CONFIG_PATH', '/workspaces/daniels-wonderland/agrobot-pipeline/ros2_ws/install/agrobot_msgs/lib/aarch64-linux-gnu/pkgconfig:/workspaces/daniels-wonderland/agrobot-pipeline/ros2_ws/install/agrobot_msgs/lib/pkgconfig'), ('ROS_PYTHON_VERSION', '3'), ('GST_GL_PLATFORM', 'egl'), ('HOSTNAME', 'jetson-orin-nx16'), ('DCGM_VERSION', '3.2.6'), ('GST_GL_WINDOW', 'surfaceless'), ('NVIDIA_REQUIRE_CUDA', 'cuda>=9.0'), ('CUFFT_VERSION', '11.0.8.103'), ('SSH_AUTH_SOCK', '/tmp/vscode-ssh-auth-25c40624-ff53-4283-b1cd-a28aca5a0d81.sock'), ('CUDA_CACHE_DISABLE', '1'), ('TAG', 'gmc1'), ('REMOTE_CONTAINERS_IPC', '/tmp/vscode-remote-containers-ipc-25c40624-ff53-4283-b1cd-a28aca5a0d81.sock'), ('NCCL_VERSION', '2.18.5'), ('ROS_PACKAGE_PATH', '/workspaces/daniels-wonderland/agrobot-pipeline/ros2_ws/install/agrobot_msgs/share'), ('DS_REL_PKG_DIR', 'deepstream_sdk_v7.0.0_jetson'), ('CUSPARSE_VERSION', '12.1.2.141'), ('ENV', '/etc/shinit_v2'), ('PWD', '/workspaces/daniels-wonderland/agrobot-pipeline/ros2_ws/build/agrobot_msgs'), ('GST_REGISTRY_REUSE_PLUGIN_SCANNER', '0'), ('DS_VERSION', '7.0.0'), ('OPENUCX_VERSION', '1.16.0'), ('NSIGHT_SYSTEMS_VERSION', '12.2.12.005'), ('NVIDIA_DRIVER_CAPABILITIES', 'compute,video,graphics,utility'), ('POLYGRAPHY_VERSION', ''), ('TF_ENABLE_WINOGRAD_NONFUSED', '1'), ('XAUTHORITY', ''), ('TRT_VERSION', '8.6.2.3'), ('NVIDIA_PRODUCT_NAME', 'Triton Server'), ('RDMACORE_VERSION', '39.0'), ('LD_PRELOAD', '/usr/lib/aarch64-linux-gnu/libgomp.so.1:/lib/aarch64-linux-gnu/libGLdispatch.so:'), ('HOME', '/home/vscode'), ('LANG', 'en_US.UTF-8'), ('LS_COLORS', ''), ('REMOTE_CONTAINERS', 'true'), ('CUDA_VERSION', '12.2.12.005'), ('WAYLAND_DISPLAY', ''), ('CURAND_VERSION', '10.3.3.141'), ('AMENT_PREFIX_PATH', '/opt/ros/humble'), ('CMAKE_PREFIX_PATH', '/workspaces/daniels-wonderland/agrobot-pipeline/ros2_ws/install/agrobot_msgs'), ('TCMALLOC_RELEASE_RATE', '200'), ('COLCON_PREFIX_PATH', '/workspaces/daniels-wonderland/agrobot-pipeline/ros2_ws/install'), ('CUTENSOR_VERSION', ''), ('DS', '/opt/nvidia/deepstream/deepstream-7.0'), ('TRITON_SERVER_GPU_ENABLED', '1'), ('HPCX_VERSION', '2.18'), ('EGL_PLATFORM', 'surfaceless'), ('LESSCLOSE', '/usr/bin/lesspipe %s %s'), ('PYTHONPATH', '/workspaces/daniels-wonderland/agrobot-pipeline/ros2_ws/install/agrobot_msgs/local/lib/python3.10/dist-packages:/opt/ros/humble/lib/python3.10/site-packages:/opt/ros/humble/local/lib/python3.10/dist-packages'), ('COLCON', '1'), ('TERM', 'xterm'), ('TRITON_SERVER_VERSION', '2.44.0'), ('GDRCOPY_VERSION', '2.3.1-1'), ('REMOTE_CONTAINERS_SOCKETS', '["/tmp/vscode-ssh-auth-25c40624-ff53-4283-b1cd-a28aca5a0d81.sock","/home/vscode/.gnupg/S.gpg-agent"]'), ('LESSOPEN', '| /usr/bin/lesspipe %s'), ('OPENMPI_VERSION', '4.1.7'), ('NVJPEG_VERSION', '12.2.12.005'), ('LIBRARY_PATH', '/usr/local/cuda/lib64/stubs:'), ('DISPLAY', ''), ('SHLVL', '2'), ('BASH_ENV', '/etc/bash.bashrc'), ('TF_AUTOTUNE_THRESHOLD', '2'), ('CUDNN_VERSION', '8.9.4.25+kitpick001'), ('NSIGHT_COMPUTE_VERSION', '12.2.12.005'), ('DALI_VERSION', ''), ('NVIDIA_TRITON_SERVER_VERSION', '24.03'), ('GST_PLUGIN_PATH', '/usr/lib/aarch64-linux-gnu/gstreamer-1.0/deepstream:/usr/local/lib/aarch64-linux-gnu/gstreamer-1.0:/usr/local/lib/gstreamer-1.0'), ('LD_LIBRARY_PATH', '/workspaces/daniels-wonderland/agrobot-pipeline/ros2_ws/install/agrobot_msgs/lib:/opt/ros/humble/lib/aarch64-linux-gnu:/opt/ros/humble/lib:/opt/nvidia/deepstream/deepstream-7.0/lib:/usr/local/cuda/compat:/usr/local/cuda/lib64:/usr/lib/aarch64-linux-gnu:/opt/tritonserver/lib:/usr/local/cuda-12.2/lib64'), ('NVIDIA_BUILD_ID', '86102636'), ('ROS_LOCALHOST_ONLY', '0'), ('OMPI_MCA_coll_hcoll_enable', '0'), ('OPAL_PREFIX', '/opt/hpcx/ompi'), ('CUDA_DRIVER_VERSION', '535.104.05'), ('TRANSFORMER_ENGINE_VERSION', ''), ('_CUDA_COMPAT_PATH', '/usr/local/cuda/compat'), ('NVIDIA_REQUIRE_JETPACK_HOST_MOUNTS', 'base-only'), ('PATH', '/opt/ros/humble/bin:/opt/tritonserver/bin:/usr/local/mpi/bin:/usr/local/nvidia/bin:/usr/local/cuda/bin:/usr/local/sbin:/usr/local/bin:/usr/sbin:/usr/bin:/sbin:/bin:/usr/local/ucx/bin'), ('TRITON_SERVER_USER', 'triton-server'), ('PYTHONWARNINGS', 'ignore'), ('MOFED_VERSION', '5.4-rdmacore39.0'), ('TRTOSS_VERSION', '23.08'), ('DEBIAN_FRONTEND', 'noninteractive'), ('ROS_DISTRO', 'humble'), ('TF_ADJUST_HUE_FUSED', '1'), ('DS_REL_PKG', 'deepstream_sdk_v7.0.0_jetson.tbz2'), ('TF_ADJUST_SATURATION_FUSED', '1'), ('REMOTE_CONTAINERS_DISPLAY_SOCK', ''), ('UCX_MEM_EVENTS', 'no'), ('OLDPWD', '/workspaces/daniels-wonderland'), ('_', '/usr/bin/env')]), 'shell': False}
[0.098811] (-) TimerEvent: {}
[0.199467] (-) TimerEvent: {}
[0.300203] (-) TimerEvent: {}
[0.354213] (agrobot_msgs) StdoutLine: {'line': b'[  9%] Built target agrobot_msgs__rosidl_generator_c\n'}
[0.354915] (agrobot_msgs) StdoutLine: {'line': b'[ 12%] Built target agrobot_msgs__rs\n'}
[0.355702] (agrobot_msgs) StdoutLine: {'line': b'[ 15%] Built target agrobot_msgs__cpp\n'}
[0.400422] (-) TimerEvent: {}
[0.412992] (agrobot_msgs) StdoutLine: {'line': b'[ 15%] Built target ament_cmake_python_copy_agrobot_msgs\n'}
[0.500842] (-) TimerEvent: {}
[0.570143] (agrobot_msgs) StdoutLine: {'line': b'[ 25%] Built target agrobot_msgs__rosidl_typesupport_introspection_c\n'}
[0.584958] (agrobot_msgs) StdoutLine: {'line': b'[ 34%] Built target agrobot_msgs__rosidl_typesupport_cpp\n'}
[0.599162] (agrobot_msgs) StdoutLine: {'line': b'[ 43%] Built target agrobot_msgs__rosidl_typesupport_c\n'}
[0.600987] (-) TimerEvent: {}
[0.617863] (agrobot_msgs) StdoutLine: {'line': b'[ 53%] Built target agrobot_msgs__rosidl_typesupport_fastrtps_c\n'}
[0.632568] (agrobot_msgs) StdoutLine: {'line': b'[ 62%] Built target agrobot_msgs__rosidl_typesupport_fastrtps_cpp\n'}
[0.634809] (agrobot_msgs) StdoutLine: {'line': b'[ 71%] Built target agrobot_msgs__rosidl_typesupport_introspection_cpp\n'}
[0.701164] (-) TimerEvent: {}
[0.801859] (-) TimerEvent: {}
[0.809792] (agrobot_msgs) StdoutLine: {'line': b'[ 71%] Built target agrobot_msgs\n'}
[0.902015] (-) TimerEvent: {}
[0.980558] (agrobot_msgs) StdoutLine: {'line': b'[ 75%] Built target agrobot_msgs__py\n'}
[1.002183] (-) TimerEvent: {}
[1.043884] (agrobot_msgs) StdoutLine: {'line': b'running egg_info\n'}
[1.071210] (agrobot_msgs) StdoutLine: {'line': b'writing agrobot_msgs.egg-info/PKG-INFO\n'}
[1.072793] (agrobot_msgs) StdoutLine: {'line': b'writing dependency_links to agrobot_msgs.egg-info/dependency_links.txt\n'}
[1.073889] (agrobot_msgs) StdoutLine: {'line': b'writing top-level names to agrobot_msgs.egg-info/top_level.txt\n'}
[1.102345] (-) TimerEvent: {}
[1.156424] (agrobot_msgs) StdoutLine: {'line': b"reading manifest file 'agrobot_msgs.egg-info/SOURCES.txt'\n"}
[1.158079] (agrobot_msgs) StdoutLine: {'line': b"writing manifest file 'agrobot_msgs.egg-info/SOURCES.txt'\n"}
[1.166928] (agrobot_msgs) StdoutLine: {'line': b'[ 81%] Built target agrobot_msgs__rosidl_generator_py\n'}
[1.202701] (-) TimerEvent: {}
[1.303642] (-) TimerEvent: {}
[1.405359] (-) TimerEvent: {}
[1.409912] (agrobot_msgs) StdoutLine: {'line': b'[ 81%] Built target ament_cmake_python_build_agrobot_msgs_egg\n'}
[1.423943] (agrobot_msgs) StdoutLine: {'line': b'[ 87%] Built target agrobot_msgs__rosidl_typesupport_introspection_c__pyext\n'}
[1.429490] (agrobot_msgs) StdoutLine: {'line': b'[ 93%] Built target agrobot_msgs__rosidl_typesupport_fastrtps_c__pyext\n'}
[1.430296] (agrobot_msgs) StdoutLine: {'line': b'[100%] Built target agrobot_msgs__rosidl_typesupport_c__pyext\n'}
[1.458885] (agrobot_msgs) CommandEnded: {'returncode': 0}
[1.461102] (agrobot_msgs) JobProgress: {'identifier': 'agrobot_msgs', 'progress': 'install'}
[1.483972] (agrobot_msgs) Command: {'cmd': ['/usr/bin/cmake', '--install', '/workspaces/daniels-wonderland/agrobot-pipeline/ros2_ws/build/agrobot_msgs'], 'cwd': '/workspaces/daniels-wonderland/agrobot-pipeline/ros2_ws/build/agrobot_msgs', 'env': OrderedDict([('NPP_VERSION', '12.2.1.4'), ('SHELL', '/bin/bash'), ('ROS_VERSION', '2'), ('NVIDIA_VISIBLE_DEVICES', 'all'), ('DALI_BUILD', ''), ('CUSOLVER_VERSION', '11.5.2.141'), ('PLATFORM', 'jetson'), ('CUBLAS_VERSION', '12.2.5.6'), ('PKG_CONFIG_PATH', '/workspaces/daniels-wonderland/agrobot-pipeline/ros2_ws/install/agrobot_msgs/lib/aarch64-linux-gnu/pkgconfig:/workspaces/daniels-wonderland/agrobot-pipeline/ros2_ws/install/agrobot_msgs/lib/pkgconfig'), ('ROS_PYTHON_VERSION', '3'), ('GST_GL_PLATFORM', 'egl'), ('HOSTNAME', 'jetson-orin-nx16'), ('DCGM_VERSION', '3.2.6'), ('GST_GL_WINDOW', 'surfaceless'), ('NVIDIA_REQUIRE_CUDA', 'cuda>=9.0'), ('CUFFT_VERSION', '11.0.8.103'), ('SSH_AUTH_SOCK', '/tmp/vscode-ssh-auth-25c40624-ff53-4283-b1cd-a28aca5a0d81.sock'), ('CUDA_CACHE_DISABLE', '1'), ('TAG', 'gmc1'), ('REMOTE_CONTAINERS_IPC', '/tmp/vscode-remote-containers-ipc-25c40624-ff53-4283-b1cd-a28aca5a0d81.sock'), ('NCCL_VERSION', '2.18.5'), ('ROS_PACKAGE_PATH', '/workspaces/daniels-wonderland/agrobot-pipeline/ros2_ws/install/agrobot_msgs/share'), ('DS_REL_PKG_DIR', 'deepstream_sdk_v7.0.0_jetson'), ('CUSPARSE_VERSION', '12.1.2.141'), ('ENV', '/etc/shinit_v2'), ('PWD', '/workspaces/daniels-wonderland/agrobot-pipeline/ros2_ws/build/agrobot_msgs'), ('GST_REGISTRY_REUSE_PLUGIN_SCANNER', '0'), ('DS_VERSION', '7.0.0'), ('OPENUCX_VERSION', '1.16.0'), ('NSIGHT_SYSTEMS_VERSION', '12.2.12.005'), ('NVIDIA_DRIVER_CAPABILITIES', 'compute,video,graphics,utility'), ('POLYGRAPHY_VERSION', ''), ('TF_ENABLE_WINOGRAD_NONFUSED', '1'), ('XAUTHORITY', ''), ('TRT_VERSION', '8.6.2.3'), ('NVIDIA_PRODUCT_NAME', 'Triton Server'), ('RDMACORE_VERSION', '39.0'), ('LD_PRELOAD', '/usr/lib/aarch64-linux-gnu/libgomp.so.1:/lib/aarch64-linux-gnu/libGLdispatch.so:'), ('HOME', '/home/vscode'), ('LANG', 'en_US.UTF-8'), ('LS_COLORS', ''), ('REMOTE_CONTAINERS', 'true'), ('CUDA_VERSION', '12.2.12.005'), ('WAYLAND_DISPLAY', ''), ('CURAND_VERSION', '10.3.3.141'), ('AMENT_PREFIX_PATH', '/opt/ros/humble'), ('CMAKE_PREFIX_PATH', '/workspaces/daniels-wonderland/agrobot-pipeline/ros2_ws/install/agrobot_msgs'), ('TCMALLOC_RELEASE_RATE', '200'), ('COLCON_PREFIX_PATH', '/workspaces/daniels-wonderland/agrobot-pipeline/ros2_ws/install'), ('CUTENSOR_VERSION', ''), ('DS', '/opt/nvidia/deepstream/deepstream-7.0'), ('TRITON_SERVER_GPU_ENABLED', '1'), ('HPCX_VERSION', '2.18'), ('EGL_PLATFORM', 'surfaceless'), ('LESSCLOSE', '/usr/bin/lesspipe %s %s'), ('PYTHONPATH', '/workspaces/daniels-wonderland/agrobot-pipeline/ros2_ws/install/agrobot_msgs/local/lib/python3.10/dist-packages:/opt/ros/humble/lib/python3.10/site-packages:/opt/ros/humble/local/lib/python3.10/dist-packages'), ('COLCON', '1'), ('TERM', 'xterm'), ('TRITON_SERVER_VERSION', '2.44.0'), ('GDRCOPY_VERSION', '2.3.1-1'), ('REMOTE_CONTAINERS_SOCKETS', '["/tmp/vscode-ssh-auth-25c40624-ff53-4283-b1cd-a28aca5a0d81.sock","/home/vscode/.gnupg/S.gpg-agent"]'), ('LESSOPEN', '| /usr/bin/lesspipe %s'), ('OPENMPI_VERSION', '4.1.7'), ('NVJPEG_VERSION', '12.2.12.005'), ('LIBRARY_PATH', '/usr/local/cuda/lib64/stubs:'), ('DISPLAY', ''), ('SHLVL', '2'), ('BASH_ENV', '/etc/bash.bashrc'), ('TF_AUTOTUNE_THRESHOLD', '2'), ('CUDNN_VERSION', '8.9.4.25+kitpick001'), ('NSIGHT_COMPUTE_VERSION', '12.2.12.005'), ('DALI_VERSION', ''), ('NVIDIA_TRITON_SERVER_VERSION', '24.03'), ('GST_PLUGIN_PATH', '/usr/lib/aarch64-linux-gnu/gstreamer-1.0/deepstream:/usr/local/lib/aarch64-linux-gnu/gstreamer-1.0:/usr/local/lib/gstreamer-1.0'), ('LD_LIBRARY_PATH', '/workspaces/daniels-wonderland/agrobot-pipeline/ros2_ws/install/agrobot_msgs/lib:/opt/ros/humble/lib/aarch64-linux-gnu:/opt/ros/humble/lib:/opt/nvidia/deepstream/deepstream-7.0/lib:/usr/local/cuda/compat:/usr/local/cuda/lib64:/usr/lib/aarch64-linux-gnu:/opt/tritonserver/lib:/usr/local/cuda-12.2/lib64'), ('NVIDIA_BUILD_ID', '86102636'), ('ROS_LOCALHOST_ONLY', '0'), ('OMPI_MCA_coll_hcoll_enable', '0'), ('OPAL_PREFIX', '/opt/hpcx/ompi'), ('CUDA_DRIVER_VERSION', '535.104.05'), ('TRANSFORMER_ENGINE_VERSION', ''), ('_CUDA_COMPAT_PATH', '/usr/local/cuda/compat'), ('NVIDIA_REQUIRE_JETPACK_HOST_MOUNTS', 'base-only'), ('PATH', '/opt/ros/humble/bin:/opt/tritonserver/bin:/usr/local/mpi/bin:/usr/local/nvidia/bin:/usr/local/cuda/bin:/usr/local/sbin:/usr/local/bin:/usr/sbin:/usr/bin:/sbin:/bin:/usr/local/ucx/bin'), ('TRITON_SERVER_USER', 'triton-server'), ('PYTHONWARNINGS', 'ignore'), ('MOFED_VERSION', '5.4-rdmacore39.0'), ('TRTOSS_VERSION', '23.08'), ('DEBIAN_FRONTEND', 'noninteractive'), ('ROS_DISTRO', 'humble'), ('TF_ADJUST_HUE_FUSED', '1'), ('DS_REL_PKG', 'deepstream_sdk_v7.0.0_jetson.tbz2'), ('TF_ADJUST_SATURATION_FUSED', '1'), ('REMOTE_CONTAINERS_DISPLAY_SOCK', ''), ('UCX_MEM_EVENTS', 'no'), ('OLDPWD', '/workspaces/daniels-wonderland'), ('_', '/usr/bin/env')]), 'shell': False}
[1.504324] (agrobot_msgs) StdoutLine: {'line': b'-- Install configuration: ""\n'}
[1.504917] (agrobot_msgs) StdoutLine: {'line': b'-- Up-to-date: /workspaces/daniels-wonderland/agrobot-pipeline/ros2_ws/install/agrobot_msgs/share/ament_index/resource_index/rosidl_interfaces/agrobot_msgs\n'}
[1.505122] (agrobot_msgs) StdoutLine: {'line': b'-- Up-to-date: /workspaces/daniels-wonderland/agrobot-pipeline/ros2_ws/install/agrobot_msgs/include/agrobot_msgs/agrobot_msgs\n'}
[1.505513] (-) TimerEvent: {}
[1.505928] (agrobot_msgs) StdoutLine: {'line': b'-- Up-to-date: /workspaces/daniels-wonderland/agrobot-pipeline/ros2_ws/install/agrobot_msgs/include/agrobot_msgs/agrobot_msgs/msg\n'}
[1.506558] (agrobot_msgs) StdoutLine: {'line': b'-- Up-to-date: /workspaces/daniels-wonderland/agrobot-pipeline/ros2_ws/install/agrobot_msgs/include/agrobot_msgs/agrobot_msgs/msg/detection.h\n'}
[1.507487] (agrobot_msgs) StdoutLine: {'line': b'-- Up-to-date: /workspaces/daniels-wonderland/agrobot-pipeline/ros2_ws/install/agrobot_msgs/include/agrobot_msgs/agrobot_msgs/msg/rosidl_generator_c__visibility_control.h\n'}
[1.508094] (agrobot_msgs) StdoutLine: {'line': b'-- Up-to-date: /workspaces/daniels-wonderland/agrobot-pipeline/ros2_ws/install/agrobot_msgs/include/agrobot_msgs/agrobot_msgs/msg/detail\n'}
[1.508438] (agrobot_msgs) StdoutLine: {'line': b'-- Up-to-date: /workspaces/daniels-wonderland/agrobot-pipeline/ros2_ws/install/agrobot_msgs/include/agrobot_msgs/agrobot_msgs/msg/detail/detection__struct.h\n'}
[1.509002] (agrobot_msgs) StdoutLine: {'line': b'-- Up-to-date: /workspaces/daniels-wonderland/agrobot-pipeline/ros2_ws/install/agrobot_msgs/include/agrobot_msgs/agrobot_msgs/msg/detail/detection__functions.c\n'}
[1.509481] (agrobot_msgs) StdoutLine: {'line': b'-- Up-to-date: /workspaces/daniels-wonderland/agrobot-pipeline/ros2_ws/install/agrobot_msgs/include/agrobot_msgs/agrobot_msgs/msg/detail/detection__functions.h\n'}
[1.509675] (agrobot_msgs) StdoutLine: {'line': b'-- Up-to-date: /workspaces/daniels-wonderland/agrobot-pipeline/ros2_ws/install/agrobot_msgs/include/agrobot_msgs/agrobot_msgs/msg/detail/detection__type_support.h\n'}
[1.509838] (agrobot_msgs) StdoutLine: {'line': b'-- Up-to-date: /workspaces/daniels-wonderland/agrobot-pipeline/ros2_ws/install/agrobot_msgs/share/agrobot_msgs/environment/library_path.sh\n'}
[1.510334] (agrobot_msgs) StdoutLine: {'line': b'-- Up-to-date: /workspaces/daniels-wonderland/agrobot-pipeline/ros2_ws/install/agrobot_msgs/share/agrobot_msgs/environment/library_path.dsv\n'}
[1.511027] (agrobot_msgs) StdoutLine: {'line': b'-- Up-to-date: /workspaces/daniels-wonderland/agrobot-pipeline/ros2_ws/install/agrobot_msgs/lib/libagrobot_msgs__rosidl_generator_c.so\n'}
[1.511533] (agrobot_msgs) StdoutLine: {'line': b'-- Up-to-date: /workspaces/daniels-wonderland/agrobot-pipeline/ros2_ws/install/agrobot_msgs/include/agrobot_msgs/agrobot_msgs\n'}
[1.511892] (agrobot_msgs) StdoutLine: {'line': b'-- Up-to-date: /workspaces/daniels-wonderland/agrobot-pipeline/ros2_ws/install/agrobot_msgs/include/agrobot_msgs/agrobot_msgs/msg\n'}
[1.512312] (agrobot_msgs) StdoutLine: {'line': b'-- Up-to-date: /workspaces/daniels-wonderland/agrobot-pipeline/ros2_ws/install/agrobot_msgs/include/agrobot_msgs/agrobot_msgs/msg/rosidl_typesupport_fastrtps_c__visibility_control.h\n'}
[1.512491] (agrobot_msgs) StdoutLine: {'line': b'-- Up-to-date: /workspaces/daniels-wonderland/agrobot-pipeline/ros2_ws/install/agrobot_msgs/include/agrobot_msgs/agrobot_msgs/msg/detail\n'}
[1.512863] (agrobot_msgs) StdoutLine: {'line': b'-- Up-to-date: /workspaces/daniels-wonderland/agrobot-pipeline/ros2_ws/install/agrobot_msgs/include/agrobot_msgs/agrobot_msgs/msg/detail/detection__rosidl_typesupport_fastrtps_c.h\n'}
[1.513026] (agrobot_msgs) StdoutLine: {'line': b'-- Up-to-date: /workspaces/daniels-wonderland/agrobot-pipeline/ros2_ws/install/agrobot_msgs/lib/libagrobot_msgs__rosidl_typesupport_fastrtps_c.so\n'}
[1.513274] (agrobot_msgs) StdoutLine: {'line': b'-- Up-to-date: /workspaces/daniels-wonderland/agrobot-pipeline/ros2_ws/install/agrobot_msgs/include/agrobot_msgs/agrobot_msgs\n'}
[1.513520] (agrobot_msgs) StdoutLine: {'line': b'-- Up-to-date: /workspaces/daniels-wonderland/agrobot-pipeline/ros2_ws/install/agrobot_msgs/include/agrobot_msgs/agrobot_msgs/msg\n'}
[1.513669] (agrobot_msgs) StdoutLine: {'line': b'-- Up-to-date: /workspaces/daniels-wonderland/agrobot-pipeline/ros2_ws/install/agrobot_msgs/include/agrobot_msgs/agrobot_msgs/msg/rosidl_typesupport_introspection_c__visibility_control.h\n'}
[1.514125] (agrobot_msgs) StdoutLine: {'line': b'-- Up-to-date: /workspaces/daniels-wonderland/agrobot-pipeline/ros2_ws/install/agrobot_msgs/include/agrobot_msgs/agrobot_msgs/msg/detail\n'}
[1.514542] (agrobot_msgs) StdoutLine: {'line': b'-- Up-to-date: /workspaces/daniels-wonderland/agrobot-pipeline/ros2_ws/install/agrobot_msgs/include/agrobot_msgs/agrobot_msgs/msg/detail/detection__rosidl_typesupport_introspection_c.h\n'}
[1.514695] (agrobot_msgs) StdoutLine: {'line': b'-- Up-to-date: /workspaces/daniels-wonderland/agrobot-pipeline/ros2_ws/install/agrobot_msgs/include/agrobot_msgs/agrobot_msgs/msg/detail/detection__type_support.c\n'}
[1.514844] (agrobot_msgs) StdoutLine: {'line': b'-- Up-to-date: /workspaces/daniels-wonderland/agrobot-pipeline/ros2_ws/install/agrobot_msgs/lib/libagrobot_msgs__rosidl_typesupport_introspection_c.so\n'}
[1.514981] (agrobot_msgs) StdoutLine: {'line': b'-- Up-to-date: /workspaces/daniels-wonderland/agrobot-pipeline/ros2_ws/install/agrobot_msgs/lib/libagrobot_msgs__rosidl_typesupport_c.so\n'}
[1.515112] (agrobot_msgs) StdoutLine: {'line': b'-- Up-to-date: /workspaces/daniels-wonderland/agrobot-pipeline/ros2_ws/install/agrobot_msgs/include/agrobot_msgs/agrobot_msgs\n'}
[1.515246] (agrobot_msgs) StdoutLine: {'line': b'-- Up-to-date: /workspaces/daniels-wonderland/agrobot-pipeline/ros2_ws/install/agrobot_msgs/include/agrobot_msgs/agrobot_msgs/msg\n'}
[1.515382] (agrobot_msgs) StdoutLine: {'line': b'-- Up-to-date: /workspaces/daniels-wonderland/agrobot-pipeline/ros2_ws/install/agrobot_msgs/include/agrobot_msgs/agrobot_msgs/msg/detection.hpp\n'}
[1.515516] (agrobot_msgs) StdoutLine: {'line': b'-- Up-to-date: /workspaces/daniels-wonderland/agrobot-pipeline/ros2_ws/install/agrobot_msgs/include/agrobot_msgs/agrobot_msgs/msg/detail\n'}
[1.515647] (agrobot_msgs) StdoutLine: {'line': b'-- Up-to-date: /workspaces/daniels-wonderland/agrobot-pipeline/ros2_ws/install/agrobot_msgs/include/agrobot_msgs/agrobot_msgs/msg/detail/detection__builder.hpp\n'}
[1.515781] (agrobot_msgs) StdoutLine: {'line': b'-- Up-to-date: /workspaces/daniels-wonderland/agrobot-pipeline/ros2_ws/install/agrobot_msgs/include/agrobot_msgs/agrobot_msgs/msg/detail/detection__struct.hpp\n'}
[1.515911] (agrobot_msgs) StdoutLine: {'line': b'-- Up-to-date: /workspaces/daniels-wonderland/agrobot-pipeline/ros2_ws/install/agrobot_msgs/include/agrobot_msgs/agrobot_msgs/msg/detail/detection__traits.hpp\n'}
[1.516085] (agrobot_msgs) StdoutLine: {'line': b'-- Up-to-date: /workspaces/daniels-wonderland/agrobot-pipeline/ros2_ws/install/agrobot_msgs/include/agrobot_msgs/agrobot_msgs/msg/detail/detection__type_support.hpp\n'}
[1.516219] (agrobot_msgs) StdoutLine: {'line': b'-- Up-to-date: /workspaces/daniels-wonderland/agrobot-pipeline/ros2_ws/install/agrobot_msgs/include/agrobot_msgs/agrobot_msgs/msg/rosidl_generator_cpp__visibility_control.hpp\n'}
[1.516353] (agrobot_msgs) StdoutLine: {'line': b'-- Up-to-date: /workspaces/daniels-wonderland/agrobot-pipeline/ros2_ws/install/agrobot_msgs/include/agrobot_msgs/agrobot_msgs\n'}
[1.516485] (agrobot_msgs) StdoutLine: {'line': b'-- Up-to-date: /workspaces/daniels-wonderland/agrobot-pipeline/ros2_ws/install/agrobot_msgs/include/agrobot_msgs/agrobot_msgs/msg\n'}
[1.516673] (agrobot_msgs) StdoutLine: {'line': b'-- Up-to-date: /workspaces/daniels-wonderland/agrobot-pipeline/ros2_ws/install/agrobot_msgs/include/agrobot_msgs/agrobot_msgs/msg/detail\n'}
[1.516814] (agrobot_msgs) StdoutLine: {'line': b'-- Up-to-date: /workspaces/daniels-wonderland/agrobot-pipeline/ros2_ws/install/agrobot_msgs/include/agrobot_msgs/agrobot_msgs/msg/detail/dds_fastrtps\n'}
[1.516944] (agrobot_msgs) StdoutLine: {'line': b'-- Up-to-date: /workspaces/daniels-wonderland/agrobot-pipeline/ros2_ws/install/agrobot_msgs/include/agrobot_msgs/agrobot_msgs/msg/detail/detection__rosidl_typesupport_fastrtps_cpp.hpp\n'}
[1.517075] (agrobot_msgs) StdoutLine: {'line': b'-- Up-to-date: /workspaces/daniels-wonderland/agrobot-pipeline/ros2_ws/install/agrobot_msgs/include/agrobot_msgs/agrobot_msgs/msg/rosidl_typesupport_fastrtps_cpp__visibility_control.h\n'}
[1.517208] (agrobot_msgs) StdoutLine: {'line': b'-- Up-to-date: /workspaces/daniels-wonderland/agrobot-pipeline/ros2_ws/install/agrobot_msgs/lib/libagrobot_msgs__rosidl_typesupport_fastrtps_cpp.so\n'}
[1.517339] (agrobot_msgs) StdoutLine: {'line': b'-- Up-to-date: /workspaces/daniels-wonderland/agrobot-pipeline/ros2_ws/install/agrobot_msgs/include/agrobot_msgs/agrobot_msgs\n'}
[1.517466] (agrobot_msgs) StdoutLine: {'line': b'-- Up-to-date: /workspaces/daniels-wonderland/agrobot-pipeline/ros2_ws/install/agrobot_msgs/include/agrobot_msgs/agrobot_msgs/msg\n'}
[1.517596] (agrobot_msgs) StdoutLine: {'line': b'-- Up-to-date: /workspaces/daniels-wonderland/agrobot-pipeline/ros2_ws/install/agrobot_msgs/include/agrobot_msgs/agrobot_msgs/msg/detail\n'}
[1.517724] (agrobot_msgs) StdoutLine: {'line': b'-- Up-to-date: /workspaces/daniels-wonderland/agrobot-pipeline/ros2_ws/install/agrobot_msgs/include/agrobot_msgs/agrobot_msgs/msg/detail/detection__rosidl_typesupport_introspection_cpp.hpp\n'}
[1.517895] (agrobot_msgs) StdoutLine: {'line': b'-- Up-to-date: /workspaces/daniels-wonderland/agrobot-pipeline/ros2_ws/install/agrobot_msgs/include/agrobot_msgs/agrobot_msgs/msg/detail/detection__type_support.cpp\n'}
[1.518030] (agrobot_msgs) StdoutLine: {'line': b'-- Up-to-date: /workspaces/daniels-wonderland/agrobot-pipeline/ros2_ws/install/agrobot_msgs/lib/libagrobot_msgs__rosidl_typesupport_introspection_cpp.so\n'}
[1.518161] (agrobot_msgs) StdoutLine: {'line': b'-- Up-to-date: /workspaces/daniels-wonderland/agrobot-pipeline/ros2_ws/install/agrobot_msgs/lib/libagrobot_msgs__rosidl_typesupport_cpp.so\n'}
[1.518296] (agrobot_msgs) StdoutLine: {'line': b'-- Up-to-date: /workspaces/daniels-wonderland/agrobot-pipeline/ros2_ws/install/agrobot_msgs/share/agrobot_msgs/environment/pythonpath.sh\n'}
[1.518434] (agrobot_msgs) StdoutLine: {'line': b'-- Up-to-date: /workspaces/daniels-wonderland/agrobot-pipeline/ros2_ws/install/agrobot_msgs/share/agrobot_msgs/environment/pythonpath.dsv\n'}
[1.518568] (agrobot_msgs) StdoutLine: {'line': b'-- Up-to-date: /workspaces/daniels-wonderland/agrobot-pipeline/ros2_ws/install/agrobot_msgs/local/lib/python3.10/dist-packages/agrobot_msgs-0.0.1-py3.10.egg-info\n'}
[1.518699] (agrobot_msgs) StdoutLine: {'line': b'-- Installing: /workspaces/daniels-wonderland/agrobot-pipeline/ros2_ws/install/agrobot_msgs/local/lib/python3.10/dist-packages/agrobot_msgs-0.0.1-py3.10.egg-info/top_level.txt\n'}
[1.518853] (agrobot_msgs) StdoutLine: {'line': b'-- Installing: /workspaces/daniels-wonderland/agrobot-pipeline/ros2_ws/install/agrobot_msgs/local/lib/python3.10/dist-packages/agrobot_msgs-0.0.1-py3.10.egg-info/dependency_links.txt\n'}
[1.518987] (agrobot_msgs) StdoutLine: {'line': b'-- Installing: /workspaces/daniels-wonderland/agrobot-pipeline/ros2_ws/install/agrobot_msgs/local/lib/python3.10/dist-packages/agrobot_msgs-0.0.1-py3.10.egg-info/SOURCES.txt\n'}
[1.519120] (agrobot_msgs) StdoutLine: {'line': b'-- Installing: /workspaces/daniels-wonderland/agrobot-pipeline/ros2_ws/install/agrobot_msgs/local/lib/python3.10/dist-packages/agrobot_msgs-0.0.1-py3.10.egg-info/PKG-INFO\n'}
[1.519251] (agrobot_msgs) StdoutLine: {'line': b'-- Up-to-date: /workspaces/daniels-wonderland/agrobot-pipeline/ros2_ws/install/agrobot_msgs/local/lib/python3.10/dist-packages/agrobot_msgs\n'}
[1.519384] (agrobot_msgs) StdoutLine: {'line': b'-- Up-to-date: /workspaces/daniels-wonderland/agrobot-pipeline/ros2_ws/install/agrobot_msgs/local/lib/python3.10/dist-packages/agrobot_msgs/_agrobot_msgs_s.ep.rosidl_typesupport_introspection_c.c\n'}
[1.519518] (agrobot_msgs) StdoutLine: {'line': b'-- Up-to-date: /workspaces/daniels-wonderland/agrobot-pipeline/ros2_ws/install/agrobot_msgs/local/lib/python3.10/dist-packages/agrobot_msgs/libagrobot_msgs__rosidl_generator_py.so\n'}
[1.519650] (agrobot_msgs) StdoutLine: {'line': b'-- Up-to-date: /workspaces/daniels-wonderland/agrobot-pipeline/ros2_ws/install/agrobot_msgs/local/lib/python3.10/dist-packages/agrobot_msgs/agrobot_msgs_s__rosidl_typesupport_fastrtps_c.cpython-310-aarch64-linux-gnu.so\n'}
[1.519788] (agrobot_msgs) StdoutLine: {'line': b'-- Up-to-date: /workspaces/daniels-wonderland/agrobot-pipeline/ros2_ws/install/agrobot_msgs/local/lib/python3.10/dist-packages/agrobot_msgs/agrobot_msgs_s__rosidl_typesupport_introspection_c.cpython-310-aarch64-linux-gnu.so\n'}
[1.519942] (agrobot_msgs) StdoutLine: {'line': b'-- Up-to-date: /workspaces/daniels-wonderland/agrobot-pipeline/ros2_ws/install/agrobot_msgs/local/lib/python3.10/dist-packages/agrobot_msgs/_agrobot_msgs_s.ep.rosidl_typesupport_fastrtps_c.c\n'}
[1.520084] (agrobot_msgs) StdoutLine: {'line': b'-- Up-to-date: /workspaces/daniels-wonderland/agrobot-pipeline/ros2_ws/install/agrobot_msgs/local/lib/python3.10/dist-packages/agrobot_msgs/__init__.py\n'}
[1.520215] (agrobot_msgs) StdoutLine: {'line': b'-- Up-to-date: /workspaces/daniels-wonderland/agrobot-pipeline/ros2_ws/install/agrobot_msgs/local/lib/python3.10/dist-packages/agrobot_msgs/_agrobot_msgs_s.ep.rosidl_typesupport_c.c\n'}
[1.520343] (agrobot_msgs) StdoutLine: {'line': b'-- Up-to-date: /workspaces/daniels-wonderland/agrobot-pipeline/ros2_ws/install/agrobot_msgs/local/lib/python3.10/dist-packages/agrobot_msgs/agrobot_msgs_s__rosidl_typesupport_c.cpython-310-aarch64-linux-gnu.so\n'}
[1.520476] (agrobot_msgs) StdoutLine: {'line': b'-- Up-to-date: /workspaces/daniels-wonderland/agrobot-pipeline/ros2_ws/install/agrobot_msgs/local/lib/python3.10/dist-packages/agrobot_msgs/msg\n'}
[1.520837] (agrobot_msgs) StdoutLine: {'line': b'-- Up-to-date: /workspaces/daniels-wonderland/agrobot-pipeline/ros2_ws/install/agrobot_msgs/local/lib/python3.10/dist-packages/agrobot_msgs/msg/_detection_s.c\n'}
[1.520992] (agrobot_msgs) StdoutLine: {'line': b'-- Up-to-date: /workspaces/daniels-wonderland/agrobot-pipeline/ros2_ws/install/agrobot_msgs/local/lib/python3.10/dist-packages/agrobot_msgs/msg/_detection.py\n'}
[1.521130] (agrobot_msgs) StdoutLine: {'line': b'-- Up-to-date: /workspaces/daniels-wonderland/agrobot-pipeline/ros2_ws/install/agrobot_msgs/local/lib/python3.10/dist-packages/agrobot_msgs/msg/__init__.py\n'}
[1.592363] (agrobot_msgs) StdoutLine: {'line': b"Listing '/workspaces/daniels-wonderland/agrobot-pipeline/ros2_ws/install/agrobot_msgs/local/lib/python3.10/dist-packages/agrobot_msgs'...\n"}
[1.593528] (agrobot_msgs) StdoutLine: {'line': b"Listing '/workspaces/daniels-wonderland/agrobot-pipeline/ros2_ws/install/agrobot_msgs/local/lib/python3.10/dist-packages/agrobot_msgs/msg'...\n"}
[1.606057] (-) TimerEvent: {}
[1.608482] (agrobot_msgs) StdoutLine: {'line': b'-- Up-to-date: /workspaces/daniels-wonderland/agrobot-pipeline/ros2_ws/install/agrobot_msgs/local/lib/python3.10/dist-packages/agrobot_msgs/agrobot_msgs_s__rosidl_typesupport_fastrtps_c.cpython-310-aarch64-linux-gnu.so\n'}
[1.609518] (agrobot_msgs) StdoutLine: {'line': b'-- Up-to-date: /workspaces/daniels-wonderland/agrobot-pipeline/ros2_ws/install/agrobot_msgs/local/lib/python3.10/dist-packages/agrobot_msgs/agrobot_msgs_s__rosidl_typesupport_introspection_c.cpython-310-aarch64-linux-gnu.so\n'}
[1.609858] (agrobot_msgs) StdoutLine: {'line': b'-- Up-to-date: /workspaces/daniels-wonderland/agrobot-pipeline/ros2_ws/install/agrobot_msgs/local/lib/python3.10/dist-packages/agrobot_msgs/agrobot_msgs_s__rosidl_typesupport_c.cpython-310-aarch64-linux-gnu.so\n'}
[1.610036] (agrobot_msgs) StdoutLine: {'line': b'-- Up-to-date: /workspaces/daniels-wonderland/agrobot-pipeline/ros2_ws/install/agrobot_msgs/lib/libagrobot_msgs__rosidl_generator_py.so\n'}
[1.610195] (agrobot_msgs) StdoutLine: {'line': b'-- Up-to-date: /workspaces/daniels-wonderland/agrobot-pipeline/ros2_ws/install/agrobot_msgs/share/ament_index/resource_index/rust_packages/agrobot_msgs\n'}
[1.610343] (agrobot_msgs) StdoutLine: {'line': b'-- Up-to-date: /workspaces/daniels-wonderland/agrobot-pipeline/ros2_ws/install/agrobot_msgs/share/agrobot_msgs/rust\n'}
[1.610690] (agrobot_msgs) StdoutLine: {'line': b'-- Up-to-date: /workspaces/daniels-wonderland/agrobot-pipeline/ros2_ws/install/agrobot_msgs/share/agrobot_msgs/rust/build.rs\n'}
[1.611024] (agrobot_msgs) StdoutLine: {'line': b'-- Up-to-date: /workspaces/daniels-wonderland/agrobot-pipeline/ros2_ws/install/agrobot_msgs/share/agrobot_msgs/rust/Cargo.toml\n'}
[1.611307] (agrobot_msgs) StdoutLine: {'line': b'-- Up-to-date: /workspaces/daniels-wonderland/agrobot-pipeline/ros2_ws/install/agrobot_msgs/share/agrobot_msgs/rust/src\n'}
[1.611478] (agrobot_msgs) StdoutLine: {'line': b'-- Up-to-date: /workspaces/daniels-wonderland/agrobot-pipeline/ros2_ws/install/agrobot_msgs/share/agrobot_msgs/rust/src/msg.rs\n'}
[1.611629] (agrobot_msgs) StdoutLine: {'line': b'-- Up-to-date: /workspaces/daniels-wonderland/agrobot-pipeline/ros2_ws/install/agrobot_msgs/share/agrobot_msgs/rust/src/lib.rs\n'}
[1.611776] (agrobot_msgs) StdoutLine: {'line': b'-- Up-to-date: /workspaces/daniels-wonderland/agrobot-pipeline/ros2_ws/install/agrobot_msgs/share/agrobot_msgs/rust/src/msg\n'}
[1.611966] (agrobot_msgs) StdoutLine: {'line': b'-- Up-to-date: /workspaces/daniels-wonderland/agrobot-pipeline/ros2_ws/install/agrobot_msgs/share/agrobot_msgs/rust/src/msg/rmw.rs\n'}
[1.612118] (agrobot_msgs) StdoutLine: {'line': b'-- Up-to-date: /workspaces/daniels-wonderland/agrobot-pipeline/ros2_ws/install/agrobot_msgs/share/agrobot_msgs/msg/Detection.idl\n'}
[1.612274] (agrobot_msgs) StdoutLine: {'line': b'-- Up-to-date: /workspaces/daniels-wonderland/agrobot-pipeline/ros2_ws/install/agrobot_msgs/share/agrobot_msgs/msg/Detection.msg\n'}
[1.613365] (agrobot_msgs) StdoutLine: {'line': b'-- Up-to-date: /workspaces/daniels-wonderland/agrobot-pipeline/ros2_ws/install/agrobot_msgs/share/ament_index/resource_index/package_run_dependencies/agrobot_msgs\n'}
[1.615233] (agrobot_msgs) StdoutLine: {'line': b'-- Up-to-date: /workspaces/daniels-wonderland/agrobot-pipeline/ros2_ws/install/agrobot_msgs/share/ament_index/resource_index/parent_prefix_path/agrobot_msgs\n'}
[1.615700] (agrobot_msgs) StdoutLine: {'line': b'-- Up-to-date: /workspaces/daniels-wonderland/agrobot-pipeline/ros2_ws/install/agrobot_msgs/share/agrobot_msgs/environment/ament_prefix_path.sh\n'}
[1.615964] (agrobot_msgs) StdoutLine: {'line': b'-- Up-to-date: /workspaces/daniels-wonderland/agrobot-pipeline/ros2_ws/install/agrobot_msgs/share/agrobot_msgs/environment/ament_prefix_path.dsv\n'}
[1.616136] (agrobot_msgs) StdoutLine: {'line': b'-- Up-to-date: /workspaces/daniels-wonderland/agrobot-pipeline/ros2_ws/install/agrobot_msgs/share/agrobot_msgs/environment/path.sh\n'}
[1.616287] (agrobot_msgs) StdoutLine: {'line': b'-- Up-to-date: /workspaces/daniels-wonderland/agrobot-pipeline/ros2_ws/install/agrobot_msgs/share/agrobot_msgs/environment/path.dsv\n'}
[1.616467] (agrobot_msgs) StdoutLine: {'line': b'-- Up-to-date: /workspaces/daniels-wonderland/agrobot-pipeline/ros2_ws/install/agrobot_msgs/share/agrobot_msgs/local_setup.bash\n'}
[1.616643] (agrobot_msgs) StdoutLine: {'line': b'-- Up-to-date: /workspaces/daniels-wonderland/agrobot-pipeline/ros2_ws/install/agrobot_msgs/share/agrobot_msgs/local_setup.sh\n'}
[1.616787] (agrobot_msgs) StdoutLine: {'line': b'-- Up-to-date: /workspaces/daniels-wonderland/agrobot-pipeline/ros2_ws/install/agrobot_msgs/share/agrobot_msgs/local_setup.zsh\n'}
[1.616927] (agrobot_msgs) StdoutLine: {'line': b'-- Up-to-date: /workspaces/daniels-wonderland/agrobot-pipeline/ros2_ws/install/agrobot_msgs/share/agrobot_msgs/local_setup.dsv\n'}
[1.617063] (agrobot_msgs) StdoutLine: {'line': b'-- Installing: /workspaces/daniels-wonderland/agrobot-pipeline/ros2_ws/install/agrobot_msgs/share/agrobot_msgs/package.dsv\n'}
[1.617194] (agrobot_msgs) StdoutLine: {'line': b'-- Up-to-date: /workspaces/daniels-wonderland/agrobot-pipeline/ros2_ws/install/agrobot_msgs/share/ament_index/resource_index/packages/agrobot_msgs\n'}
[1.617326] (agrobot_msgs) StdoutLine: {'line': b'-- Up-to-date: /workspaces/daniels-wonderland/agrobot-pipeline/ros2_ws/install/agrobot_msgs/share/agrobot_msgs/cmake/export_agrobot_msgs__rosidl_generator_cExport.cmake\n'}
[1.617511] (agrobot_msgs) StdoutLine: {'line': b'-- Up-to-date: /workspaces/daniels-wonderland/agrobot-pipeline/ros2_ws/install/agrobot_msgs/share/agrobot_msgs/cmake/export_agrobot_msgs__rosidl_generator_cExport-noconfig.cmake\n'}
[1.617650] (agrobot_msgs) StdoutLine: {'line': b'-- Up-to-date: /workspaces/daniels-wonderland/agrobot-pipeline/ros2_ws/install/agrobot_msgs/share/agrobot_msgs/cmake/export_agrobot_msgs__rosidl_typesupport_fastrtps_cExport.cmake\n'}
[1.617785] (agrobot_msgs) StdoutLine: {'line': b'-- Up-to-date: /workspaces/daniels-wonderland/agrobot-pipeline/ros2_ws/install/agrobot_msgs/share/agrobot_msgs/cmake/export_agrobot_msgs__rosidl_typesupport_fastrtps_cExport-noconfig.cmake\n'}
[1.617919] (agrobot_msgs) StdoutLine: {'line': b'-- Up-to-date: /workspaces/daniels-wonderland/agrobot-pipeline/ros2_ws/install/agrobot_msgs/share/agrobot_msgs/cmake/agrobot_msgs__rosidl_typesupport_introspection_cExport.cmake\n'}
[1.618055] (agrobot_msgs) StdoutLine: {'line': b'-- Up-to-date: /workspaces/daniels-wonderland/agrobot-pipeline/ros2_ws/install/agrobot_msgs/share/agrobot_msgs/cmake/agrobot_msgs__rosidl_typesupport_introspection_cExport-noconfig.cmake\n'}
[1.618191] (agrobot_msgs) StdoutLine: {'line': b'-- Up-to-date: /workspaces/daniels-wonderland/agrobot-pipeline/ros2_ws/install/agrobot_msgs/share/agrobot_msgs/cmake/agrobot_msgs__rosidl_typesupport_cExport.cmake\n'}
[1.618324] (agrobot_msgs) StdoutLine: {'line': b'-- Up-to-date: /workspaces/daniels-wonderland/agrobot-pipeline/ros2_ws/install/agrobot_msgs/share/agrobot_msgs/cmake/agrobot_msgs__rosidl_typesupport_cExport-noconfig.cmake\n'}
[1.618462] (agrobot_msgs) StdoutLine: {'line': b'-- Up-to-date: /workspaces/daniels-wonderland/agrobot-pipeline/ros2_ws/install/agrobot_msgs/share/agrobot_msgs/cmake/export_agrobot_msgs__rosidl_generator_cppExport.cmake\n'}
[1.618595] (agrobot_msgs) StdoutLine: {'line': b'-- Up-to-date: /workspaces/daniels-wonderland/agrobot-pipeline/ros2_ws/install/agrobot_msgs/share/agrobot_msgs/cmake/export_agrobot_msgs__rosidl_typesupport_fastrtps_cppExport.cmake\n'}
[1.618731] (agrobot_msgs) StdoutLine: {'line': b'-- Up-to-date: /workspaces/daniels-wonderland/agrobot-pipeline/ros2_ws/install/agrobot_msgs/share/agrobot_msgs/cmake/export_agrobot_msgs__rosidl_typesupport_fastrtps_cppExport-noconfig.cmake\n'}
[1.618871] (agrobot_msgs) StdoutLine: {'line': b'-- Up-to-date: /workspaces/daniels-wonderland/agrobot-pipeline/ros2_ws/install/agrobot_msgs/share/agrobot_msgs/cmake/agrobot_msgs__rosidl_typesupport_introspection_cppExport.cmake\n'}
[1.618997] (agrobot_msgs) StdoutLine: {'line': b'-- Up-to-date: /workspaces/daniels-wonderland/agrobot-pipeline/ros2_ws/install/agrobot_msgs/share/agrobot_msgs/cmake/agrobot_msgs__rosidl_typesupport_introspection_cppExport-noconfig.cmake\n'}
[1.619171] (agrobot_msgs) StdoutLine: {'line': b'-- Up-to-date: /workspaces/daniels-wonderland/agrobot-pipeline/ros2_ws/install/agrobot_msgs/share/agrobot_msgs/cmake/agrobot_msgs__rosidl_typesupport_cppExport.cmake\n'}
[1.619310] (agrobot_msgs) StdoutLine: {'line': b'-- Up-to-date: /workspaces/daniels-wonderland/agrobot-pipeline/ros2_ws/install/agrobot_msgs/share/agrobot_msgs/cmake/agrobot_msgs__rosidl_typesupport_cppExport-noconfig.cmake\n'}
[1.619442] (agrobot_msgs) StdoutLine: {'line': b'-- Up-to-date: /workspaces/daniels-wonderland/agrobot-pipeline/ros2_ws/install/agrobot_msgs/share/agrobot_msgs/cmake/export_agrobot_msgs__rosidl_generator_pyExport.cmake\n'}
[1.619566] (agrobot_msgs) StdoutLine: {'line': b'-- Up-to-date: /workspaces/daniels-wonderland/agrobot-pipeline/ros2_ws/install/agrobot_msgs/share/agrobot_msgs/cmake/export_agrobot_msgs__rosidl_generator_pyExport-noconfig.cmake\n'}
[1.619694] (agrobot_msgs) StdoutLine: {'line': b'-- Up-to-date: /workspaces/daniels-wonderland/agrobot-pipeline/ros2_ws/install/agrobot_msgs/share/agrobot_msgs/cmake/rosidl_cmake-extras.cmake\n'}
[1.619825] (agrobot_msgs) StdoutLine: {'line': b'-- Up-to-date: /workspaces/daniels-wonderland/agrobot-pipeline/ros2_ws/install/agrobot_msgs/share/agrobot_msgs/cmake/ament_cmake_export_dependencies-extras.cmake\n'}
[1.619953] (agrobot_msgs) StdoutLine: {'line': b'-- Up-to-date: /workspaces/daniels-wonderland/agrobot-pipeline/ros2_ws/install/agrobot_msgs/share/agrobot_msgs/cmake/ament_cmake_export_include_directories-extras.cmake\n'}
[1.620081] (agrobot_msgs) StdoutLine: {'line': b'-- Up-to-date: /workspaces/daniels-wonderland/agrobot-pipeline/ros2_ws/install/agrobot_msgs/share/agrobot_msgs/cmake/ament_cmake_export_libraries-extras.cmake\n'}
[1.620208] (agrobot_msgs) StdoutLine: {'line': b'-- Up-to-date: /workspaces/daniels-wonderland/agrobot-pipeline/ros2_ws/install/agrobot_msgs/share/agrobot_msgs/cmake/ament_cmake_export_targets-extras.cmake\n'}
[1.620336] (agrobot_msgs) StdoutLine: {'line': b'-- Up-to-date: /workspaces/daniels-wonderland/agrobot-pipeline/ros2_ws/install/agrobot_msgs/share/agrobot_msgs/cmake/rosidl_cmake_export_typesupport_targets-extras.cmake\n'}
[1.620470] (agrobot_msgs) StdoutLine: {'line': b'-- Up-to-date: /workspaces/daniels-wonderland/agrobot-pipeline/ros2_ws/install/agrobot_msgs/share/agrobot_msgs/cmake/rosidl_cmake_export_typesupport_libraries-extras.cmake\n'}
[1.620664] (agrobot_msgs) StdoutLine: {'line': b'-- Up-to-date: /workspaces/daniels-wonderland/agrobot-pipeline/ros2_ws/install/agrobot_msgs/share/agrobot_msgs/cmake/agrobot_msgsConfig.cmake\n'}
[1.620802] (agrobot_msgs) StdoutLine: {'line': b'-- Up-to-date: /workspaces/daniels-wonderland/agrobot-pipeline/ros2_ws/install/agrobot_msgs/share/agrobot_msgs/cmake/agrobot_msgsConfig-version.cmake\n'}
[1.620932] (agrobot_msgs) StdoutLine: {'line': b'-- Up-to-date: /workspaces/daniels-wonderland/agrobot-pipeline/ros2_ws/install/agrobot_msgs/share/agrobot_msgs/package.xml\n'}
[1.625820] (agrobot_msgs) CommandEnded: {'returncode': 0}
[1.682782] (agrobot_msgs) JobEnded: {'identifier': 'agrobot_msgs', 'rc': 0}
[1.684942] (-) EventReactorShutdown: {}
