[0.277s] DEBUG:colcon:Command line arguments: ['/usr/bin/colcon', 'build', '--packages-select', 'agrobot_msgs']
[0.278s] DEBUG:colcon:Parsed command line arguments: Namespace(log_base=None, log_level=None, verb_name='build', build_base='build', install_base='install', merge_install=False, symlink_install=False, test_result_base=None, continue_on_error=False, executor='parallel', parallel_workers=8, event_handlers=None, ignore_user_meta=False, metas=['./colcon.meta'], base_paths=['.'], packages_ignore=None, packages_ignore_regex=None, paths=None, packages_up_to=None, packages_up_to_regex=None, packages_above=None, packages_above_and_dependencies=None, packages_above_depth=None, packages_select_by_dep=None, packages_skip_by_dep=None, packages_skip_up_to=None, packages_select_build_failed=False, packages_skip_build_finished=False, packages_select_test_failures=False, packages_skip_test_passed=False, packages_select=['agrobot_msgs'], packages_skip=None, packages_select_regex=None, packages_skip_regex=None, packages_start=None, packages_end=None, allow_overriding=[], cmake_args=None, cmake_target=None, cmake_target_skip_unavailable=False, cmake_clean_cache=False, cmake_clean_first=False, cmake_force_configure=False, ament_cmake_args=None, catkin_cmake_args=None, catkin_skip_building_tests=False, verb_parser=<colcon_defaults.argument_parser.defaults.DefaultArgumentsDecorator object at 0xffff88d6a140>, verb_extension=<colcon_core.verb.build.BuildVerb object at 0xffff89004040>, main=<bound method BuildVerb.main of <colcon_core.verb.build.BuildVerb object at 0xffff89004040>>)
[0.387s] Level 1:colcon.colcon_core.package_discovery:discover_packages(colcon_meta) check parameters
[0.388s] Level 1:colcon.colcon_core.package_discovery:discover_packages(recursive) check parameters
[0.388s] Level 1:colcon.colcon_core.package_discovery:discover_packages(ignore) check parameters
[0.388s] Level 1:colcon.colcon_core.package_discovery:discover_packages(path) check parameters
[0.388s] Level 1:colcon.colcon_core.package_discovery:discover_packages(colcon_meta) discover
[0.388s] Level 1:colcon.colcon_core.package_discovery:discover_packages(recursive) discover
[0.389s] INFO:colcon.colcon_core.package_discovery:Crawling recursively for packages in '/workspaces/daniels-wonderland/agrobot-pipeline/ros2_ws'
[0.389s] Level 1:colcon.colcon_core.package_identification:_identify(.) by extensions ['ignore', 'ignore_ament_install']
[0.389s] Level 1:colcon.colcon_core.package_identification:_identify(.) by extension 'ignore'
[0.389s] Level 1:colcon.colcon_core.package_identification:_identify(.) by extension 'ignore_ament_install'
[0.390s] Level 1:colcon.colcon_core.package_identification:_identify(.) by extensions ['colcon_pkg']
[0.390s] Level 1:colcon.colcon_core.package_identification:_identify(.) by extension 'colcon_pkg'
[0.390s] Level 1:colcon.colcon_core.package_identification:_identify(.) by extensions ['colcon_meta']
[0.390s] Level 1:colcon.colcon_core.package_identification:_identify(.) by extension 'colcon_meta'
[0.390s] Level 1:colcon.colcon_core.package_identification:_identify(.) by extensions ['ros']
[0.390s] Level 1:colcon.colcon_core.package_identification:_identify(.) by extension 'ros'
[0.434s] Level 1:colcon.colcon_core.package_identification:_identify(.) by extensions ['cmake', 'python']
[0.435s] Level 1:colcon.colcon_core.package_identification:_identify(.) by extension 'cmake'
[0.435s] Level 1:colcon.colcon_core.package_identification:_identify(.) by extension 'python'
[0.435s] Level 1:colcon.colcon_core.package_identification:_identify(.) by extensions ['python_setup_py']
[0.435s] Level 1:colcon.colcon_core.package_identification:_identify(.) by extension 'python_setup_py'
[0.435s] Level 1:colcon.colcon_core.package_identification:_identify(build) by extensions ['ignore', 'ignore_ament_install']
[0.436s] Level 1:colcon.colcon_core.package_identification:_identify(build) by extension 'ignore'
[0.436s] Level 1:colcon.colcon_core.package_identification:_identify(build) ignored
[0.436s] Level 1:colcon.colcon_core.package_identification:_identify(install) by extensions ['ignore', 'ignore_ament_install']
[0.436s] Level 1:colcon.colcon_core.package_identification:_identify(install) by extension 'ignore'
[0.437s] Level 1:colcon.colcon_core.package_identification:_identify(install) ignored
[0.437s] Level 1:colcon.colcon_core.package_identification:_identify(log) by extensions ['ignore', 'ignore_ament_install']
[0.437s] Level 1:colcon.colcon_core.package_identification:_identify(log) by extension 'ignore'
[0.437s] Level 1:colcon.colcon_core.package_identification:_identify(log) ignored
[0.437s] Level 1:colcon.colcon_core.package_identification:_identify(src) by extensions ['ignore', 'ignore_ament_install']
[0.437s] Level 1:colcon.colcon_core.package_identification:_identify(src) by extension 'ignore'
[0.438s] Level 1:colcon.colcon_core.package_identification:_identify(src) by extension 'ignore_ament_install'
[0.438s] Level 1:colcon.colcon_core.package_identification:_identify(src) by extensions ['colcon_pkg']
[0.438s] Level 1:colcon.colcon_core.package_identification:_identify(src) by extension 'colcon_pkg'
[0.438s] Level 1:colcon.colcon_core.package_identification:_identify(src) by extensions ['colcon_meta']
[0.438s] Level 1:colcon.colcon_core.package_identification:_identify(src) by extension 'colcon_meta'
[0.438s] Level 1:colcon.colcon_core.package_identification:_identify(src) by extensions ['ros']
[0.438s] Level 1:colcon.colcon_core.package_identification:_identify(src) by extension 'ros'
[0.438s] Level 1:colcon.colcon_core.package_identification:_identify(src) by extensions ['cmake', 'python']
[0.438s] Level 1:colcon.colcon_core.package_identification:_identify(src) by extension 'cmake'
[0.439s] Level 1:colcon.colcon_core.package_identification:_identify(src) by extension 'python'
[0.439s] Level 1:colcon.colcon_core.package_identification:_identify(src) by extensions ['python_setup_py']
[0.439s] Level 1:colcon.colcon_core.package_identification:_identify(src) by extension 'python_setup_py'
[0.439s] Level 1:colcon.colcon_core.package_identification:_identify(src/agrobot_msgs) by extensions ['ignore', 'ignore_ament_install']
[0.439s] Level 1:colcon.colcon_core.package_identification:_identify(src/agrobot_msgs) by extension 'ignore'
[0.439s] Level 1:colcon.colcon_core.package_identification:_identify(src/agrobot_msgs) by extension 'ignore_ament_install'
[0.439s] Level 1:colcon.colcon_core.package_identification:_identify(src/agrobot_msgs) by extensions ['colcon_pkg']
[0.439s] Level 1:colcon.colcon_core.package_identification:_identify(src/agrobot_msgs) by extension 'colcon_pkg'
[0.439s] Level 1:colcon.colcon_core.package_identification:_identify(src/agrobot_msgs) by extensions ['colcon_meta']
[0.440s] Level 1:colcon.colcon_core.package_identification:_identify(src/agrobot_msgs) by extension 'colcon_meta'
[0.440s] Level 1:colcon.colcon_core.package_identification:_identify(src/agrobot_msgs) by extensions ['ros']
[0.440s] Level 1:colcon.colcon_core.package_identification:_identify(src/agrobot_msgs) by extension 'ros'
[0.446s] DEBUG:colcon.colcon_core.package_identification:Package 'src/agrobot_msgs' with type 'ros.catkin' and name 'agrobot_msgs'
[0.446s] Level 1:colcon.colcon_core.package_identification:_identify(src/ros_pad_probe) by extensions ['ignore', 'ignore_ament_install']
[0.446s] Level 1:colcon.colcon_core.package_identification:_identify(src/ros_pad_probe) by extension 'ignore'
[0.446s] Level 1:colcon.colcon_core.package_identification:_identify(src/ros_pad_probe) by extension 'ignore_ament_install'
[0.447s] Level 1:colcon.colcon_core.package_identification:_identify(src/ros_pad_probe) by extensions ['colcon_pkg']
[0.447s] Level 1:colcon.colcon_core.package_identification:_identify(src/ros_pad_probe) by extension 'colcon_pkg'
[0.447s] Level 1:colcon.colcon_core.package_identification:_identify(src/ros_pad_probe) by extensions ['colcon_meta']
[0.447s] Level 1:colcon.colcon_core.package_identification:_identify(src/ros_pad_probe) by extension 'colcon_meta'
[0.447s] Level 1:colcon.colcon_core.package_identification:_identify(src/ros_pad_probe) by extensions ['ros']
[0.447s] Level 1:colcon.colcon_core.package_identification:_identify(src/ros_pad_probe) by extension 'ros'
[0.449s] DEBUG:colcon.colcon_core.package_identification:Package 'src/ros_pad_probe' with type 'ros.ament_python' and name 'ros_pad_probe'
[0.449s] Level 1:colcon.colcon_core.package_discovery:discover_packages(recursive) using defaults
[0.449s] Level 1:colcon.colcon_core.package_discovery:discover_packages(ignore) discover
[0.449s] Level 1:colcon.colcon_core.package_discovery:discover_packages(ignore) using defaults
[0.449s] Level 1:colcon.colcon_core.package_discovery:discover_packages(path) discover
[0.449s] Level 1:colcon.colcon_core.package_discovery:discover_packages(path) using defaults
[0.497s] INFO:colcon.colcon_core.package_selection:Skipping not selected package 'ros_pad_probe' in 'src/ros_pad_probe'
[0.498s] Level 1:colcon.colcon_core.package_discovery:discover_packages(prefix_path) check parameters
[0.498s] Level 1:colcon.colcon_core.package_discovery:discover_packages(prefix_path) discover
[0.502s] DEBUG:colcon.colcon_installed_package_information.package_discovery:Found 1 installed packages in /workspaces/daniels-wonderland/agrobot-pipeline/ros2_ws/install
[0.504s] DEBUG:colcon.colcon_installed_package_information.package_discovery:Found 184 installed packages in /opt/ros/humble
[0.509s] Level 1:colcon.colcon_core.package_discovery:discover_packages(prefix_path) using defaults
[0.570s] Level 5:colcon.colcon_core.verb:set package 'agrobot_msgs' build argument 'cmake_args' from command line to 'None'
[0.570s] Level 5:colcon.colcon_core.verb:set package 'agrobot_msgs' build argument 'cmake_target' from command line to 'None'
[0.570s] Level 5:colcon.colcon_core.verb:set package 'agrobot_msgs' build argument 'cmake_target_skip_unavailable' from command line to 'False'
[0.570s] Level 5:colcon.colcon_core.verb:set package 'agrobot_msgs' build argument 'cmake_clean_cache' from command line to 'False'
[0.570s] Level 5:colcon.colcon_core.verb:set package 'agrobot_msgs' build argument 'cmake_clean_first' from command line to 'False'
[0.570s] Level 5:colcon.colcon_core.verb:set package 'agrobot_msgs' build argument 'cmake_force_configure' from command line to 'False'
[0.570s] Level 5:colcon.colcon_core.verb:set package 'agrobot_msgs' build argument 'ament_cmake_args' from command line to 'None'
[0.570s] Level 5:colcon.colcon_core.verb:set package 'agrobot_msgs' build argument 'catkin_cmake_args' from command line to 'None'
[0.570s] Level 5:colcon.colcon_core.verb:set package 'agrobot_msgs' build argument 'catkin_skip_building_tests' from command line to 'False'
[0.570s] DEBUG:colcon.colcon_core.verb:Building package 'agrobot_msgs' with the following arguments: {'ament_cmake_args': None, 'build_base': '/workspaces/daniels-wonderland/agrobot-pipeline/ros2_ws/build/agrobot_msgs', 'catkin_cmake_args': None, 'catkin_skip_building_tests': False, 'cmake_args': None, 'cmake_clean_cache': False, 'cmake_clean_first': False, 'cmake_force_configure': False, 'cmake_target': None, 'cmake_target_skip_unavailable': False, 'install_base': '/workspaces/daniels-wonderland/agrobot-pipeline/ros2_ws/install/agrobot_msgs', 'merge_install': False, 'path': '/workspaces/daniels-wonderland/agrobot-pipeline/ros2_ws/src/agrobot_msgs', 'symlink_install': False, 'test_result_base': None}
[0.571s] INFO:colcon.colcon_core.executor:Executing jobs using 'parallel' executor
[0.573s] DEBUG:colcon.colcon_parallel_executor.executor.parallel:run_until_complete
[0.574s] INFO:colcon.colcon_ros.task.catkin.build:Building ROS package in '/workspaces/daniels-wonderland/agrobot-pipeline/ros2_ws/src/agrobot_msgs' with build type 'catkin'
[0.574s] INFO:colcon.colcon_cmake.task.cmake.build:Building CMake package in '/workspaces/daniels-wonderland/agrobot-pipeline/ros2_ws/src/agrobot_msgs'
[0.581s] INFO:colcon.colcon_core.plugin_system:Skipping extension 'colcon_core.shell.bat': Not used on non-Windows systems
[0.582s] INFO:colcon.colcon_core.shell:Skip shell extension 'powershell' for command environment: Not usable outside of PowerShell
[0.582s] DEBUG:colcon.colcon_core.shell:Skip shell extension 'dsv' for command environment
[0.662s] DEBUG:colcon.colcon_core.event_handler.log_command:Invoking command in '/workspaces/daniels-wonderland/agrobot-pipeline/ros2_ws/build/agrobot_msgs': _=/usr/bin/env /usr/bin/cmake --build /workspaces/daniels-wonderland/agrobot-pipeline/ros2_ws/build/agrobot_msgs -- -j8 -l8
[2.033s] DEBUG:colcon.colcon_core.event_handler.log_command:Invoked command in '/workspaces/daniels-wonderland/agrobot-pipeline/ros2_ws/build/agrobot_msgs' returned '0': _=/usr/bin/env /usr/bin/cmake --build /workspaces/daniels-wonderland/agrobot-pipeline/ros2_ws/build/agrobot_msgs -- -j8 -l8
[2.060s] DEBUG:colcon.colcon_core.event_handler.log_command:Invoking command in '/workspaces/daniels-wonderland/agrobot-pipeline/ros2_ws/build/agrobot_msgs': _=/usr/bin/env /usr/bin/cmake --install /workspaces/daniels-wonderland/agrobot-pipeline/ros2_ws/build/agrobot_msgs
[2.198s] Level 1:colcon.colcon_core.shell:create_environment_hook('agrobot_msgs', 'ros_package_path')
[2.199s] INFO:colcon.colcon_core.shell:Creating environment hook '/workspaces/daniels-wonderland/agrobot-pipeline/ros2_ws/install/agrobot_msgs/share/agrobot_msgs/hook/ros_package_path.ps1'
[2.202s] INFO:colcon.colcon_core.shell:Creating environment descriptor '/workspaces/daniels-wonderland/agrobot-pipeline/ros2_ws/install/agrobot_msgs/share/agrobot_msgs/hook/ros_package_path.dsv'
[2.203s] DEBUG:colcon.colcon_core.event_handler.log_command:Invoked command in '/workspaces/daniels-wonderland/agrobot-pipeline/ros2_ws/build/agrobot_msgs' returned '0': _=/usr/bin/env /usr/bin/cmake --install /workspaces/daniels-wonderland/agrobot-pipeline/ros2_ws/build/agrobot_msgs
[2.204s] INFO:colcon.colcon_core.shell:Creating environment hook '/workspaces/daniels-wonderland/agrobot-pipeline/ros2_ws/install/agrobot_msgs/share/agrobot_msgs/hook/ros_package_path.sh'
[2.206s] Level 1:colcon.colcon_ros.task.catkin:checking '/workspaces/daniels-wonderland/agrobot-pipeline/ros2_ws/install/agrobot_msgs/local/lib/python3.10/dist-packages'
[2.206s] Level 1:colcon.colcon_core.shell:create_environment_hook('agrobot_msgs', 'catkin_pythonpath')
[2.207s] INFO:colcon.colcon_core.shell:Creating environment hook '/workspaces/daniels-wonderland/agrobot-pipeline/ros2_ws/install/agrobot_msgs/share/agrobot_msgs/hook/catkin_pythonpath.ps1'
[2.208s] INFO:colcon.colcon_core.shell:Creating environment descriptor '/workspaces/daniels-wonderland/agrobot-pipeline/ros2_ws/install/agrobot_msgs/share/agrobot_msgs/hook/catkin_pythonpath.dsv'
[2.209s] INFO:colcon.colcon_core.shell:Creating environment hook '/workspaces/daniels-wonderland/agrobot-pipeline/ros2_ws/install/agrobot_msgs/share/agrobot_msgs/hook/catkin_pythonpath.sh'
[2.210s] Level 1:colcon.colcon_core.shell:create_environment_hook('agrobot_msgs', 'pkg_config_path')
[2.211s] INFO:colcon.colcon_core.shell:Creating environment hook '/workspaces/daniels-wonderland/agrobot-pipeline/ros2_ws/install/agrobot_msgs/share/agrobot_msgs/hook/pkg_config_path.ps1'
[2.212s] INFO:colcon.colcon_core.shell:Creating environment descriptor '/workspaces/daniels-wonderland/agrobot-pipeline/ros2_ws/install/agrobot_msgs/share/agrobot_msgs/hook/pkg_config_path.dsv'
[2.213s] INFO:colcon.colcon_core.shell:Creating environment hook '/workspaces/daniels-wonderland/agrobot-pipeline/ros2_ws/install/agrobot_msgs/share/agrobot_msgs/hook/pkg_config_path.sh'
[2.218s] Level 1:colcon.colcon_core.shell:create_environment_hook('agrobot_msgs', 'pkg_config_path_multiarch')
[2.219s] INFO:colcon.colcon_core.shell:Creating environment hook '/workspaces/daniels-wonderland/agrobot-pipeline/ros2_ws/install/agrobot_msgs/share/agrobot_msgs/hook/pkg_config_path_multiarch.ps1'
[2.220s] INFO:colcon.colcon_core.shell:Creating environment descriptor '/workspaces/daniels-wonderland/agrobot-pipeline/ros2_ws/install/agrobot_msgs/share/agrobot_msgs/hook/pkg_config_path_multiarch.dsv'
[2.221s] INFO:colcon.colcon_core.shell:Creating environment hook '/workspaces/daniels-wonderland/agrobot-pipeline/ros2_ws/install/agrobot_msgs/share/agrobot_msgs/hook/pkg_config_path_multiarch.sh'
[2.224s] Level 1:colcon.colcon_core.environment:create_environment_scripts_only(agrobot_msgs)
[2.231s] Level 1:colcon.colcon_core.environment:checking '/workspaces/daniels-wonderland/agrobot-pipeline/ros2_ws/install/agrobot_msgs' for CMake module files
[2.232s] Level 1:colcon.colcon_core.environment:checking '/workspaces/daniels-wonderland/agrobot-pipeline/ros2_ws/install/agrobot_msgs' for CMake config files
[2.233s] Level 1:colcon.colcon_core.shell:create_environment_hook('agrobot_msgs', 'cmake_prefix_path')
[2.233s] INFO:colcon.colcon_core.shell:Creating environment hook '/workspaces/daniels-wonderland/agrobot-pipeline/ros2_ws/install/agrobot_msgs/share/agrobot_msgs/hook/cmake_prefix_path.ps1'
[2.235s] INFO:colcon.colcon_core.shell:Creating environment descriptor '/workspaces/daniels-wonderland/agrobot-pipeline/ros2_ws/install/agrobot_msgs/share/agrobot_msgs/hook/cmake_prefix_path.dsv'
[2.236s] INFO:colcon.colcon_core.shell:Creating environment hook '/workspaces/daniels-wonderland/agrobot-pipeline/ros2_ws/install/agrobot_msgs/share/agrobot_msgs/hook/cmake_prefix_path.sh'
[2.238s] Level 1:colcon.colcon_core.environment:checking '/workspaces/daniels-wonderland/agrobot-pipeline/ros2_ws/install/agrobot_msgs/lib'
[2.238s] Level 1:colcon.colcon_core.shell:create_environment_hook('agrobot_msgs', 'ld_library_path_lib')
[2.239s] INFO:colcon.colcon_core.shell:Creating environment hook '/workspaces/daniels-wonderland/agrobot-pipeline/ros2_ws/install/agrobot_msgs/share/agrobot_msgs/hook/ld_library_path_lib.ps1'
[2.240s] INFO:colcon.colcon_core.shell:Creating environment descriptor '/workspaces/daniels-wonderland/agrobot-pipeline/ros2_ws/install/agrobot_msgs/share/agrobot_msgs/hook/ld_library_path_lib.dsv'
[2.241s] INFO:colcon.colcon_core.shell:Creating environment hook '/workspaces/daniels-wonderland/agrobot-pipeline/ros2_ws/install/agrobot_msgs/share/agrobot_msgs/hook/ld_library_path_lib.sh'
[2.242s] Level 1:colcon.colcon_core.environment:checking '/workspaces/daniels-wonderland/agrobot-pipeline/ros2_ws/install/agrobot_msgs/bin'
[2.242s] Level 1:colcon.colcon_core.environment:checking '/workspaces/daniels-wonderland/agrobot-pipeline/ros2_ws/install/agrobot_msgs/lib/pkgconfig/agrobot_msgs.pc'
[2.243s] Level 1:colcon.colcon_core.environment:checking '/workspaces/daniels-wonderland/agrobot-pipeline/ros2_ws/install/agrobot_msgs/lib/python3.10/site-packages'
[2.243s] Level 1:colcon.colcon_core.environment:checking '/workspaces/daniels-wonderland/agrobot-pipeline/ros2_ws/install/agrobot_msgs/bin'
[2.244s] INFO:colcon.colcon_core.shell:Creating package script '/workspaces/daniels-wonderland/agrobot-pipeline/ros2_ws/install/agrobot_msgs/share/agrobot_msgs/package.ps1'
[2.248s] INFO:colcon.colcon_core.shell:Creating package descriptor '/workspaces/daniels-wonderland/agrobot-pipeline/ros2_ws/install/agrobot_msgs/share/agrobot_msgs/package.dsv'
[2.250s] INFO:colcon.colcon_core.shell:Creating package script '/workspaces/daniels-wonderland/agrobot-pipeline/ros2_ws/install/agrobot_msgs/share/agrobot_msgs/package.sh'
[2.252s] INFO:colcon.colcon_core.shell:Creating package script '/workspaces/daniels-wonderland/agrobot-pipeline/ros2_ws/install/agrobot_msgs/share/agrobot_msgs/package.bash'
[2.254s] INFO:colcon.colcon_core.shell:Creating package script '/workspaces/daniels-wonderland/agrobot-pipeline/ros2_ws/install/agrobot_msgs/share/agrobot_msgs/package.zsh'
[2.255s] Level 1:colcon.colcon_core.environment:create_file_with_runtime_dependencies(/workspaces/daniels-wonderland/agrobot-pipeline/ros2_ws/install/agrobot_msgs/share/colcon-core/packages/agrobot_msgs)
[2.256s] DEBUG:colcon.colcon_parallel_executor.executor.parallel:closing loop
[2.257s] DEBUG:colcon.colcon_parallel_executor.executor.parallel:loop closed
[2.257s] DEBUG:colcon.colcon_parallel_executor.executor.parallel:run_until_complete finished with '0'
[2.258s] DEBUG:colcon.colcon_core.event_reactor:joining thread
[2.271s] INFO:colcon.colcon_core.plugin_system:Skipping extension 'colcon_notification.desktop_notification.notify_send': Could not find 'notify-send'
[2.271s] INFO:colcon.colcon_core.plugin_system:Skipping extension 'colcon_notification.desktop_notification.terminal_notifier': Not used on non-Darwin systems
[2.271s] INFO:colcon.colcon_core.plugin_system:Skipping extension 'colcon_notification.desktop_notification.win32': Not used on non-Windows systems
[2.271s] INFO:colcon.colcon_notification.desktop_notification:Sending desktop notification using 'notify2'
[2.271s] DEBUG:colcon.colcon_notification.desktop_notification.notify2:Failed to initialize notify2: org.freedesktop.DBus.Error.NotSupported: Unable to autolaunch a dbus-daemon without a $DISPLAY for X11
[2.272s] DEBUG:colcon.colcon_core.event_reactor:joined thread
[2.272s] INFO:colcon.colcon_core.shell:Creating prefix script '/workspaces/daniels-wonderland/agrobot-pipeline/ros2_ws/install/local_setup.ps1'
[2.274s] INFO:colcon.colcon_core.shell:Creating prefix util module '/workspaces/daniels-wonderland/agrobot-pipeline/ros2_ws/install/_local_setup_util_ps1.py'
[2.278s] INFO:colcon.colcon_core.shell:Creating prefix chain script '/workspaces/daniels-wonderland/agrobot-pipeline/ros2_ws/install/setup.ps1'
[2.280s] INFO:colcon.colcon_core.shell:Creating prefix script '/workspaces/daniels-wonderland/agrobot-pipeline/ros2_ws/install/local_setup.sh'
[2.281s] INFO:colcon.colcon_core.shell:Creating prefix util module '/workspaces/daniels-wonderland/agrobot-pipeline/ros2_ws/install/_local_setup_util_sh.py'
[2.283s] INFO:colcon.colcon_core.shell:Creating prefix chain script '/workspaces/daniels-wonderland/agrobot-pipeline/ros2_ws/install/setup.sh'
[2.285s] INFO:colcon.colcon_core.shell:Creating prefix script '/workspaces/daniels-wonderland/agrobot-pipeline/ros2_ws/install/local_setup.bash'
[2.286s] INFO:colcon.colcon_core.shell:Creating prefix chain script '/workspaces/daniels-wonderland/agrobot-pipeline/ros2_ws/install/setup.bash'
[2.288s] INFO:colcon.colcon_core.shell:Creating prefix script '/workspaces/daniels-wonderland/agrobot-pipeline/ros2_ws/install/local_setup.zsh'
[2.289s] INFO:colcon.colcon_core.shell:Creating prefix chain script '/workspaces/daniels-wonderland/agrobot-pipeline/ros2_ws/install/setup.zsh'
