[  9%] Built target agrobot_msgs__rosidl_generator_c
[ 12%] Built target agrobot_msgs__rs
[ 15%] Built target agrobot_msgs__cpp
[ 15%] Built target ament_cmake_python_copy_agrobot_msgs
[ 25%] Built target agrobot_msgs__rosidl_typesupport_introspection_c
[ 34%] Built target agrobot_msgs__rosidl_typesupport_cpp
[ 43%] Built target agrobot_msgs__rosidl_typesupport_c
[ 53%] Built target agrobot_msgs__rosidl_typesupport_fastrtps_c
[ 62%] Built target agrobot_msgs__rosidl_typesupport_fastrtps_cpp
[ 71%] Built target agrobot_msgs__rosidl_typesupport_introspection_cpp
[ 71%] Built target agrobot_msgs
[ 75%] Built target agrobot_msgs__py
running egg_info
writing agrobot_msgs.egg-info/PKG-INFO
writing dependency_links to agrobot_msgs.egg-info/dependency_links.txt
writing top-level names to agrobot_msgs.egg-info/top_level.txt
reading manifest file 'agrobot_msgs.egg-info/SOURCES.txt'
writing manifest file 'agrobot_msgs.egg-info/SOURCES.txt'
[ 81%] Built target agrobot_msgs__rosidl_generator_py
[ 81%] Built target ament_cmake_python_build_agrobot_msgs_egg
[ 87%] Built target agrobot_msgs__rosidl_typesupport_introspection_c__pyext
[ 93%] Built target agrobot_msgs__rosidl_typesupport_fastrtps_c__pyext
[100%] Built target agrobot_msgs__rosidl_typesupport_c__pyext
-- Install configuration: ""
-- Up-to-date: /workspaces/daniels-wonderland/agrobot-pipeline/ros2_ws/install/agrobot_msgs/share/ament_index/resource_index/rosidl_interfaces/agrobot_msgs
-- Up-to-date: /workspaces/daniels-wonderland/agrobot-pipeline/ros2_ws/install/agrobot_msgs/include/agrobot_msgs/agrobot_msgs
-- Up-to-date: /workspaces/daniels-wonderland/agrobot-pipeline/ros2_ws/install/agrobot_msgs/include/agrobot_msgs/agrobot_msgs/msg
-- Up-to-date: /workspaces/daniels-wonderland/agrobot-pipeline/ros2_ws/install/agrobot_msgs/include/agrobot_msgs/agrobot_msgs/msg/detection.h
-- Up-to-date: /workspaces/daniels-wonderland/agrobot-pipeline/ros2_ws/install/agrobot_msgs/include/agrobot_msgs/agrobot_msgs/msg/rosidl_generator_c__visibility_control.h
-- Up-to-date: /workspaces/daniels-wonderland/agrobot-pipeline/ros2_ws/install/agrobot_msgs/include/agrobot_msgs/agrobot_msgs/msg/detail
-- Up-to-date: /workspaces/daniels-wonderland/agrobot-pipeline/ros2_ws/install/agrobot_msgs/include/agrobot_msgs/agrobot_msgs/msg/detail/detection__struct.h
-- Up-to-date: /workspaces/daniels-wonderland/agrobot-pipeline/ros2_ws/install/agrobot_msgs/include/agrobot_msgs/agrobot_msgs/msg/detail/detection__functions.c
-- Up-to-date: /workspaces/daniels-wonderland/agrobot-pipeline/ros2_ws/install/agrobot_msgs/include/agrobot_msgs/agrobot_msgs/msg/detail/detection__functions.h
-- Up-to-date: /workspaces/daniels-wonderland/agrobot-pipeline/ros2_ws/install/agrobot_msgs/include/agrobot_msgs/agrobot_msgs/msg/detail/detection__type_support.h
-- Up-to-date: /workspaces/daniels-wonderland/agrobot-pipeline/ros2_ws/install/agrobot_msgs/share/agrobot_msgs/environment/library_path.sh
-- Up-to-date: /workspaces/daniels-wonderland/agrobot-pipeline/ros2_ws/install/agrobot_msgs/share/agrobot_msgs/environment/library_path.dsv
-- Up-to-date: /workspaces/daniels-wonderland/agrobot-pipeline/ros2_ws/install/agrobot_msgs/lib/libagrobot_msgs__rosidl_generator_c.so
-- Up-to-date: /workspaces/daniels-wonderland/agrobot-pipeline/ros2_ws/install/agrobot_msgs/include/agrobot_msgs/agrobot_msgs
-- Up-to-date: /workspaces/daniels-wonderland/agrobot-pipeline/ros2_ws/install/agrobot_msgs/include/agrobot_msgs/agrobot_msgs/msg
-- Up-to-date: /workspaces/daniels-wonderland/agrobot-pipeline/ros2_ws/install/agrobot_msgs/include/agrobot_msgs/agrobot_msgs/msg/rosidl_typesupport_fastrtps_c__visibility_control.h
-- Up-to-date: /workspaces/daniels-wonderland/agrobot-pipeline/ros2_ws/install/agrobot_msgs/include/agrobot_msgs/agrobot_msgs/msg/detail
-- Up-to-date: /workspaces/daniels-wonderland/agrobot-pipeline/ros2_ws/install/agrobot_msgs/include/agrobot_msgs/agrobot_msgs/msg/detail/detection__rosidl_typesupport_fastrtps_c.h
-- Up-to-date: /workspaces/daniels-wonderland/agrobot-pipeline/ros2_ws/install/agrobot_msgs/lib/libagrobot_msgs__rosidl_typesupport_fastrtps_c.so
-- Up-to-date: /workspaces/daniels-wonderland/agrobot-pipeline/ros2_ws/install/agrobot_msgs/include/agrobot_msgs/agrobot_msgs
-- Up-to-date: /workspaces/daniels-wonderland/agrobot-pipeline/ros2_ws/install/agrobot_msgs/include/agrobot_msgs/agrobot_msgs/msg
-- Up-to-date: /workspaces/daniels-wonderland/agrobot-pipeline/ros2_ws/install/agrobot_msgs/include/agrobot_msgs/agrobot_msgs/msg/rosidl_typesupport_introspection_c__visibility_control.h
-- Up-to-date: /workspaces/daniels-wonderland/agrobot-pipeline/ros2_ws/install/agrobot_msgs/include/agrobot_msgs/agrobot_msgs/msg/detail
-- Up-to-date: /workspaces/daniels-wonderland/agrobot-pipeline/ros2_ws/install/agrobot_msgs/include/agrobot_msgs/agrobot_msgs/msg/detail/detection__rosidl_typesupport_introspection_c.h
-- Up-to-date: /workspaces/daniels-wonderland/agrobot-pipeline/ros2_ws/install/agrobot_msgs/include/agrobot_msgs/agrobot_msgs/msg/detail/detection__type_support.c
-- Up-to-date: /workspaces/daniels-wonderland/agrobot-pipeline/ros2_ws/install/agrobot_msgs/lib/libagrobot_msgs__rosidl_typesupport_introspection_c.so
-- Up-to-date: /workspaces/daniels-wonderland/agrobot-pipeline/ros2_ws/install/agrobot_msgs/lib/libagrobot_msgs__rosidl_typesupport_c.so
-- Up-to-date: /workspaces/daniels-wonderland/agrobot-pipeline/ros2_ws/install/agrobot_msgs/include/agrobot_msgs/agrobot_msgs
-- Up-to-date: /workspaces/daniels-wonderland/agrobot-pipeline/ros2_ws/install/agrobot_msgs/include/agrobot_msgs/agrobot_msgs/msg
-- Up-to-date: /workspaces/daniels-wonderland/agrobot-pipeline/ros2_ws/install/agrobot_msgs/include/agrobot_msgs/agrobot_msgs/msg/detection.hpp
-- Up-to-date: /workspaces/daniels-wonderland/agrobot-pipeline/ros2_ws/install/agrobot_msgs/include/agrobot_msgs/agrobot_msgs/msg/detail
-- Up-to-date: /workspaces/daniels-wonderland/agrobot-pipeline/ros2_ws/install/agrobot_msgs/include/agrobot_msgs/agrobot_msgs/msg/detail/detection__builder.hpp
-- Up-to-date: /workspaces/daniels-wonderland/agrobot-pipeline/ros2_ws/install/agrobot_msgs/include/agrobot_msgs/agrobot_msgs/msg/detail/detection__struct.hpp
-- Up-to-date: /workspaces/daniels-wonderland/agrobot-pipeline/ros2_ws/install/agrobot_msgs/include/agrobot_msgs/agrobot_msgs/msg/detail/detection__traits.hpp
-- Up-to-date: /workspaces/daniels-wonderland/agrobot-pipeline/ros2_ws/install/agrobot_msgs/include/agrobot_msgs/agrobot_msgs/msg/detail/detection__type_support.hpp
-- Up-to-date: /workspaces/daniels-wonderland/agrobot-pipeline/ros2_ws/install/agrobot_msgs/include/agrobot_msgs/agrobot_msgs/msg/rosidl_generator_cpp__visibility_control.hpp
-- Up-to-date: /workspaces/daniels-wonderland/agrobot-pipeline/ros2_ws/install/agrobot_msgs/include/agrobot_msgs/agrobot_msgs
-- Up-to-date: /workspaces/daniels-wonderland/agrobot-pipeline/ros2_ws/install/agrobot_msgs/include/agrobot_msgs/agrobot_msgs/msg
-- Up-to-date: /workspaces/daniels-wonderland/agrobot-pipeline/ros2_ws/install/agrobot_msgs/include/agrobot_msgs/agrobot_msgs/msg/detail
-- Up-to-date: /workspaces/daniels-wonderland/agrobot-pipeline/ros2_ws/install/agrobot_msgs/include/agrobot_msgs/agrobot_msgs/msg/detail/dds_fastrtps
-- Up-to-date: /workspaces/daniels-wonderland/agrobot-pipeline/ros2_ws/install/agrobot_msgs/include/agrobot_msgs/agrobot_msgs/msg/detail/detection__rosidl_typesupport_fastrtps_cpp.hpp
-- Up-to-date: /workspaces/daniels-wonderland/agrobot-pipeline/ros2_ws/install/agrobot_msgs/include/agrobot_msgs/agrobot_msgs/msg/rosidl_typesupport_fastrtps_cpp__visibility_control.h
-- Up-to-date: /workspaces/daniels-wonderland/agrobot-pipeline/ros2_ws/install/agrobot_msgs/lib/libagrobot_msgs__rosidl_typesupport_fastrtps_cpp.so
-- Up-to-date: /workspaces/daniels-wonderland/agrobot-pipeline/ros2_ws/install/agrobot_msgs/include/agrobot_msgs/agrobot_msgs
-- Up-to-date: /workspaces/daniels-wonderland/agrobot-pipeline/ros2_ws/install/agrobot_msgs/include/agrobot_msgs/agrobot_msgs/msg
-- Up-to-date: /workspaces/daniels-wonderland/agrobot-pipeline/ros2_ws/install/agrobot_msgs/include/agrobot_msgs/agrobot_msgs/msg/detail
-- Up-to-date: /workspaces/daniels-wonderland/agrobot-pipeline/ros2_ws/install/agrobot_msgs/include/agrobot_msgs/agrobot_msgs/msg/detail/detection__rosidl_typesupport_introspection_cpp.hpp
-- Up-to-date: /workspaces/daniels-wonderland/agrobot-pipeline/ros2_ws/install/agrobot_msgs/include/agrobot_msgs/agrobot_msgs/msg/detail/detection__type_support.cpp
-- Up-to-date: /workspaces/daniels-wonderland/agrobot-pipeline/ros2_ws/install/agrobot_msgs/lib/libagrobot_msgs__rosidl_typesupport_introspection_cpp.so
-- Up-to-date: /workspaces/daniels-wonderland/agrobot-pipeline/ros2_ws/install/agrobot_msgs/lib/libagrobot_msgs__rosidl_typesupport_cpp.so
-- Up-to-date: /workspaces/daniels-wonderland/agrobot-pipeline/ros2_ws/install/agrobot_msgs/share/agrobot_msgs/environment/pythonpath.sh
-- Up-to-date: /workspaces/daniels-wonderland/agrobot-pipeline/ros2_ws/install/agrobot_msgs/share/agrobot_msgs/environment/pythonpath.dsv
-- Up-to-date: /workspaces/daniels-wonderland/agrobot-pipeline/ros2_ws/install/agrobot_msgs/local/lib/python3.10/dist-packages/agrobot_msgs-0.0.1-py3.10.egg-info
-- Installing: /workspaces/daniels-wonderland/agrobot-pipeline/ros2_ws/install/agrobot_msgs/local/lib/python3.10/dist-packages/agrobot_msgs-0.0.1-py3.10.egg-info/top_level.txt
-- Installing: /workspaces/daniels-wonderland/agrobot-pipeline/ros2_ws/install/agrobot_msgs/local/lib/python3.10/dist-packages/agrobot_msgs-0.0.1-py3.10.egg-info/dependency_links.txt
-- Installing: /workspaces/daniels-wonderland/agrobot-pipeline/ros2_ws/install/agrobot_msgs/local/lib/python3.10/dist-packages/agrobot_msgs-0.0.1-py3.10.egg-info/SOURCES.txt
-- Installing: /workspaces/daniels-wonderland/agrobot-pipeline/ros2_ws/install/agrobot_msgs/local/lib/python3.10/dist-packages/agrobot_msgs-0.0.1-py3.10.egg-info/PKG-INFO
-- Up-to-date: /workspaces/daniels-wonderland/agrobot-pipeline/ros2_ws/install/agrobot_msgs/local/lib/python3.10/dist-packages/agrobot_msgs
-- Up-to-date: /workspaces/daniels-wonderland/agrobot-pipeline/ros2_ws/install/agrobot_msgs/local/lib/python3.10/dist-packages/agrobot_msgs/_agrobot_msgs_s.ep.rosidl_typesupport_introspection_c.c
-- Up-to-date: /workspaces/daniels-wonderland/agrobot-pipeline/ros2_ws/install/agrobot_msgs/local/lib/python3.10/dist-packages/agrobot_msgs/libagrobot_msgs__rosidl_generator_py.so
-- Up-to-date: /workspaces/daniels-wonderland/agrobot-pipeline/ros2_ws/install/agrobot_msgs/local/lib/python3.10/dist-packages/agrobot_msgs/agrobot_msgs_s__rosidl_typesupport_fastrtps_c.cpython-310-aarch64-linux-gnu.so
-- Up-to-date: /workspaces/daniels-wonderland/agrobot-pipeline/ros2_ws/install/agrobot_msgs/local/lib/python3.10/dist-packages/agrobot_msgs/agrobot_msgs_s__rosidl_typesupport_introspection_c.cpython-310-aarch64-linux-gnu.so
-- Up-to-date: /workspaces/daniels-wonderland/agrobot-pipeline/ros2_ws/install/agrobot_msgs/local/lib/python3.10/dist-packages/agrobot_msgs/_agrobot_msgs_s.ep.rosidl_typesupport_fastrtps_c.c
-- Up-to-date: /workspaces/daniels-wonderland/agrobot-pipeline/ros2_ws/install/agrobot_msgs/local/lib/python3.10/dist-packages/agrobot_msgs/__init__.py
-- Up-to-date: /workspaces/daniels-wonderland/agrobot-pipeline/ros2_ws/install/agrobot_msgs/local/lib/python3.10/dist-packages/agrobot_msgs/_agrobot_msgs_s.ep.rosidl_typesupport_c.c
-- Up-to-date: /workspaces/daniels-wonderland/agrobot-pipeline/ros2_ws/install/agrobot_msgs/local/lib/python3.10/dist-packages/agrobot_msgs/agrobot_msgs_s__rosidl_typesupport_c.cpython-310-aarch64-linux-gnu.so
-- Up-to-date: /workspaces/daniels-wonderland/agrobot-pipeline/ros2_ws/install/agrobot_msgs/local/lib/python3.10/dist-packages/agrobot_msgs/msg
-- Up-to-date: /workspaces/daniels-wonderland/agrobot-pipeline/ros2_ws/install/agrobot_msgs/local/lib/python3.10/dist-packages/agrobot_msgs/msg/_detection_s.c
-- Up-to-date: /workspaces/daniels-wonderland/agrobot-pipeline/ros2_ws/install/agrobot_msgs/local/lib/python3.10/dist-packages/agrobot_msgs/msg/_detection.py
-- Up-to-date: /workspaces/daniels-wonderland/agrobot-pipeline/ros2_ws/install/agrobot_msgs/local/lib/python3.10/dist-packages/agrobot_msgs/msg/__init__.py
Listing '/workspaces/daniels-wonderland/agrobot-pipeline/ros2_ws/install/agrobot_msgs/local/lib/python3.10/dist-packages/agrobot_msgs'...
Listing '/workspaces/daniels-wonderland/agrobot-pipeline/ros2_ws/install/agrobot_msgs/local/lib/python3.10/dist-packages/agrobot_msgs/msg'...
-- Up-to-date: /workspaces/daniels-wonderland/agrobot-pipeline/ros2_ws/install/agrobot_msgs/local/lib/python3.10/dist-packages/agrobot_msgs/agrobot_msgs_s__rosidl_typesupport_fastrtps_c.cpython-310-aarch64-linux-gnu.so
-- Up-to-date: /workspaces/daniels-wonderland/agrobot-pipeline/ros2_ws/install/agrobot_msgs/local/lib/python3.10/dist-packages/agrobot_msgs/agrobot_msgs_s__rosidl_typesupport_introspection_c.cpython-310-aarch64-linux-gnu.so
-- Up-to-date: /workspaces/daniels-wonderland/agrobot-pipeline/ros2_ws/install/agrobot_msgs/local/lib/python3.10/dist-packages/agrobot_msgs/agrobot_msgs_s__rosidl_typesupport_c.cpython-310-aarch64-linux-gnu.so
-- Up-to-date: /workspaces/daniels-wonderland/agrobot-pipeline/ros2_ws/install/agrobot_msgs/lib/libagrobot_msgs__rosidl_generator_py.so
-- Up-to-date: /workspaces/daniels-wonderland/agrobot-pipeline/ros2_ws/install/agrobot_msgs/share/ament_index/resource_index/rust_packages/agrobot_msgs
-- Up-to-date: /workspaces/daniels-wonderland/agrobot-pipeline/ros2_ws/install/agrobot_msgs/share/agrobot_msgs/rust
-- Up-to-date: /workspaces/daniels-wonderland/agrobot-pipeline/ros2_ws/install/agrobot_msgs/share/agrobot_msgs/rust/build.rs
-- Up-to-date: /workspaces/daniels-wonderland/agrobot-pipeline/ros2_ws/install/agrobot_msgs/share/agrobot_msgs/rust/Cargo.toml
-- Up-to-date: /workspaces/daniels-wonderland/agrobot-pipeline/ros2_ws/install/agrobot_msgs/share/agrobot_msgs/rust/src
-- Up-to-date: /workspaces/daniels-wonderland/agrobot-pipeline/ros2_ws/install/agrobot_msgs/share/agrobot_msgs/rust/src/msg.rs
-- Up-to-date: /workspaces/daniels-wonderland/agrobot-pipeline/ros2_ws/install/agrobot_msgs/share/agrobot_msgs/rust/src/lib.rs
-- Up-to-date: /workspaces/daniels-wonderland/agrobot-pipeline/ros2_ws/install/agrobot_msgs/share/agrobot_msgs/rust/src/msg
-- Up-to-date: /workspaces/daniels-wonderland/agrobot-pipeline/ros2_ws/install/agrobot_msgs/share/agrobot_msgs/rust/src/msg/rmw.rs
-- Up-to-date: /workspaces/daniels-wonderland/agrobot-pipeline/ros2_ws/install/agrobot_msgs/share/agrobot_msgs/msg/Detection.idl
-- Up-to-date: /workspaces/daniels-wonderland/agrobot-pipeline/ros2_ws/install/agrobot_msgs/share/agrobot_msgs/msg/Detection.msg
-- Up-to-date: /workspaces/daniels-wonderland/agrobot-pipeline/ros2_ws/install/agrobot_msgs/share/ament_index/resource_index/package_run_dependencies/agrobot_msgs
-- Up-to-date: /workspaces/daniels-wonderland/agrobot-pipeline/ros2_ws/install/agrobot_msgs/share/ament_index/resource_index/parent_prefix_path/agrobot_msgs
-- Up-to-date: /workspaces/daniels-wonderland/agrobot-pipeline/ros2_ws/install/agrobot_msgs/share/agrobot_msgs/environment/ament_prefix_path.sh
-- Up-to-date: /workspaces/daniels-wonderland/agrobot-pipeline/ros2_ws/install/agrobot_msgs/share/agrobot_msgs/environment/ament_prefix_path.dsv
-- Up-to-date: /workspaces/daniels-wonderland/agrobot-pipeline/ros2_ws/install/agrobot_msgs/share/agrobot_msgs/environment/path.sh
-- Up-to-date: /workspaces/daniels-wonderland/agrobot-pipeline/ros2_ws/install/agrobot_msgs/share/agrobot_msgs/environment/path.dsv
-- Up-to-date: /workspaces/daniels-wonderland/agrobot-pipeline/ros2_ws/install/agrobot_msgs/share/agrobot_msgs/local_setup.bash
-- Up-to-date: /workspaces/daniels-wonderland/agrobot-pipeline/ros2_ws/install/agrobot_msgs/share/agrobot_msgs/local_setup.sh
-- Up-to-date: /workspaces/daniels-wonderland/agrobot-pipeline/ros2_ws/install/agrobot_msgs/share/agrobot_msgs/local_setup.zsh
-- Up-to-date: /workspaces/daniels-wonderland/agrobot-pipeline/ros2_ws/install/agrobot_msgs/share/agrobot_msgs/local_setup.dsv
-- Installing: /workspaces/daniels-wonderland/agrobot-pipeline/ros2_ws/install/agrobot_msgs/share/agrobot_msgs/package.dsv
-- Up-to-date: /workspaces/daniels-wonderland/agrobot-pipeline/ros2_ws/install/agrobot_msgs/share/ament_index/resource_index/packages/agrobot_msgs
-- Up-to-date: /workspaces/daniels-wonderland/agrobot-pipeline/ros2_ws/install/agrobot_msgs/share/agrobot_msgs/cmake/export_agrobot_msgs__rosidl_generator_cExport.cmake
-- Up-to-date: /workspaces/daniels-wonderland/agrobot-pipeline/ros2_ws/install/agrobot_msgs/share/agrobot_msgs/cmake/export_agrobot_msgs__rosidl_generator_cExport-noconfig.cmake
-- Up-to-date: /workspaces/daniels-wonderland/agrobot-pipeline/ros2_ws/install/agrobot_msgs/share/agrobot_msgs/cmake/export_agrobot_msgs__rosidl_typesupport_fastrtps_cExport.cmake
-- Up-to-date: /workspaces/daniels-wonderland/agrobot-pipeline/ros2_ws/install/agrobot_msgs/share/agrobot_msgs/cmake/export_agrobot_msgs__rosidl_typesupport_fastrtps_cExport-noconfig.cmake
-- Up-to-date: /workspaces/daniels-wonderland/agrobot-pipeline/ros2_ws/install/agrobot_msgs/share/agrobot_msgs/cmake/agrobot_msgs__rosidl_typesupport_introspection_cExport.cmake
-- Up-to-date: /workspaces/daniels-wonderland/agrobot-pipeline/ros2_ws/install/agrobot_msgs/share/agrobot_msgs/cmake/agrobot_msgs__rosidl_typesupport_introspection_cExport-noconfig.cmake
-- Up-to-date: /workspaces/daniels-wonderland/agrobot-pipeline/ros2_ws/install/agrobot_msgs/share/agrobot_msgs/cmake/agrobot_msgs__rosidl_typesupport_cExport.cmake
-- Up-to-date: /workspaces/daniels-wonderland/agrobot-pipeline/ros2_ws/install/agrobot_msgs/share/agrobot_msgs/cmake/agrobot_msgs__rosidl_typesupport_cExport-noconfig.cmake
-- Up-to-date: /workspaces/daniels-wonderland/agrobot-pipeline/ros2_ws/install/agrobot_msgs/share/agrobot_msgs/cmake/export_agrobot_msgs__rosidl_generator_cppExport.cmake
-- Up-to-date: /workspaces/daniels-wonderland/agrobot-pipeline/ros2_ws/install/agrobot_msgs/share/agrobot_msgs/cmake/export_agrobot_msgs__rosidl_typesupport_fastrtps_cppExport.cmake
-- Up-to-date: /workspaces/daniels-wonderland/agrobot-pipeline/ros2_ws/install/agrobot_msgs/share/agrobot_msgs/cmake/export_agrobot_msgs__rosidl_typesupport_fastrtps_cppExport-noconfig.cmake
-- Up-to-date: /workspaces/daniels-wonderland/agrobot-pipeline/ros2_ws/install/agrobot_msgs/share/agrobot_msgs/cmake/agrobot_msgs__rosidl_typesupport_introspection_cppExport.cmake
-- Up-to-date: /workspaces/daniels-wonderland/agrobot-pipeline/ros2_ws/install/agrobot_msgs/share/agrobot_msgs/cmake/agrobot_msgs__rosidl_typesupport_introspection_cppExport-noconfig.cmake
-- Up-to-date: /workspaces/daniels-wonderland/agrobot-pipeline/ros2_ws/install/agrobot_msgs/share/agrobot_msgs/cmake/agrobot_msgs__rosidl_typesupport_cppExport.cmake
-- Up-to-date: /workspaces/daniels-wonderland/agrobot-pipeline/ros2_ws/install/agrobot_msgs/share/agrobot_msgs/cmake/agrobot_msgs__rosidl_typesupport_cppExport-noconfig.cmake
-- Up-to-date: /workspaces/daniels-wonderland/agrobot-pipeline/ros2_ws/install/agrobot_msgs/share/agrobot_msgs/cmake/export_agrobot_msgs__rosidl_generator_pyExport.cmake
-- Up-to-date: /workspaces/daniels-wonderland/agrobot-pipeline/ros2_ws/install/agrobot_msgs/share/agrobot_msgs/cmake/export_agrobot_msgs__rosidl_generator_pyExport-noconfig.cmake
-- Up-to-date: /workspaces/daniels-wonderland/agrobot-pipeline/ros2_ws/install/agrobot_msgs/share/agrobot_msgs/cmake/rosidl_cmake-extras.cmake
-- Up-to-date: /workspaces/daniels-wonderland/agrobot-pipeline/ros2_ws/install/agrobot_msgs/share/agrobot_msgs/cmake/ament_cmake_export_dependencies-extras.cmake
-- Up-to-date: /workspaces/daniels-wonderland/agrobot-pipeline/ros2_ws/install/agrobot_msgs/share/agrobot_msgs/cmake/ament_cmake_export_include_directories-extras.cmake
-- Up-to-date: /workspaces/daniels-wonderland/agrobot-pipeline/ros2_ws/install/agrobot_msgs/share/agrobot_msgs/cmake/ament_cmake_export_libraries-extras.cmake
-- Up-to-date: /workspaces/daniels-wonderland/agrobot-pipeline/ros2_ws/install/agrobot_msgs/share/agrobot_msgs/cmake/ament_cmake_export_targets-extras.cmake
-- Up-to-date: /workspaces/daniels-wonderland/agrobot-pipeline/ros2_ws/install/agrobot_msgs/share/agrobot_msgs/cmake/rosidl_cmake_export_typesupport_targets-extras.cmake
-- Up-to-date: /workspaces/daniels-wonderland/agrobot-pipeline/ros2_ws/install/agrobot_msgs/share/agrobot_msgs/cmake/rosidl_cmake_export_typesupport_libraries-extras.cmake
-- Up-to-date: /workspaces/daniels-wonderland/agrobot-pipeline/ros2_ws/install/agrobot_msgs/share/agrobot_msgs/cmake/agrobot_msgsConfig.cmake
-- Up-to-date: /workspaces/daniels-wonderland/agrobot-pipeline/ros2_ws/install/agrobot_msgs/share/agrobot_msgs/cmake/agrobot_msgsConfig-version.cmake
-- Up-to-date: /workspaces/daniels-wonderland/agrobot-pipeline/ros2_ws/install/agrobot_msgs/share/agrobot_msgs/package.xml
