[0.076s] Invoking command in '/workspaces/daniels-wonderland/agrobot-pipeline/ros2_ws/build/agrobot_msgs': _=/usr/bin/env /usr/bin/cmake /workspaces/daniels-wonderland/agrobot-pipeline/ros2_ws/src/agrobot_msgs -DCATKIN_INSTALL_INTO_PREFIX_ROOT=0 -DCMAKE_INSTALL_PREFIX=/workspaces/daniels-wonderland/agrobot-pipeline/ros2_ws/install/agrobot_msgs
[0.347s] -- The C compiler identification is GNU 11.4.0
[0.484s] -- The CXX compiler identification is GNU 11.4.0
[0.502s] -- Detecting C compiler ABI info
[0.843s] -- Detecting C compiler ABI info - done
[0.868s] -- Check for working C compiler: /usr/bin/cc - skipped
[0.869s] -- Detecting C compile features
[0.870s] -- Detecting C compile features - done
[0.882s] -- Detecting CXX compiler ABI info
[1.196s] -- Detecting CXX compiler ABI info - done
[1.222s] -- Check for working CXX compiler: /usr/bin/c++ - skipped
[1.223s] -- Detecting CXX compile features
[1.225s] -- Detecting CXX compile features - done
[1.234s] -- Found ament_cmake: 1.3.14 (/opt/ros/humble/share/ament_cmake/cmake)
[1.990s] -- Found Python3: /usr/bin/python3 (found version "3.10.12") found components: Interpreter 
[2.210s] -- Found rosidl_default_generators: 1.2.1 (/opt/ros/humble/share/rosidl_default_generators/cmake)
[2.220s] -- Using all available rosidl_typesupport_c: rosidl_typesupport_fastrtps_c;rosidl_typesupport_introspection_c
[2.237s] -- Found rosidl_adapter: 3.1.8 (/opt/ros/humble/share/rosidl_adapter/cmake)
[2.313s] -- Using all available rosidl_typesupport_cpp: rosidl_typesupport_fastrtps_cpp;rosidl_typesupport_introspection_cpp
[2.383s] -- Found builtin_interfaces: 1.2.2 (/opt/ros/humble/share/builtin_interfaces/cmake)
[2.947s] -- Found ament_cmake_ros: 0.10.0 (/opt/ros/humble/share/ament_cmake_ros/cmake)
[3.355s] -- Using all available rosidl_typesupport_c: rosidl_typesupport_fastrtps_c;rosidl_typesupport_introspection_c
[3.880s] -- Using all available rosidl_typesupport_cpp: rosidl_typesupport_fastrtps_cpp;rosidl_typesupport_introspection_cpp
[3.926s] -- Found PythonInterp: /usr/bin/python3 (found suitable version "3.10.12", minimum required is "3.6") 
[3.930s] -- Found python_cmake_module: 0.10.0 (/opt/ros/humble/share/python_cmake_module/cmake)
[3.981s] -- Found PythonLibs: /usr/lib/aarch64-linux-gnu/libpython3.10.so (found suitable version "3.10.12", minimum required is "3.5") 
[3.982s] -- Using PYTHON_EXECUTABLE: /usr/bin/python3
[3.982s] -- Using PYTHON_INCLUDE_DIRS: /usr/include/python3.10
[3.982s] -- Using PYTHON_LIBRARIES: /usr/lib/aarch64-linux-gnu/libpython3.10.so
[4.019s] -- Found PythonExtra: .so  
[4.256s] -- Configuring done
[4.334s] -- Generating done
[4.339s] [33mCMake Warning:
[4.339s]   Manually-specified variables were not used by the project:
[4.339s] 
[4.340s]     CATKIN_INSTALL_INTO_PREFIX_ROOT
[4.340s] 
[4.340s] [0m
[4.356s] -- Build files have been written to: /workspaces/daniels-wonderland/agrobot-pipeline/ros2_ws/build/agrobot_msgs
[4.373s] Invoked command in '/workspaces/daniels-wonderland/agrobot-pipeline/ros2_ws/build/agrobot_msgs' returned '0': _=/usr/bin/env /usr/bin/cmake /workspaces/daniels-wonderland/agrobot-pipeline/ros2_ws/src/agrobot_msgs -DCATKIN_INSTALL_INTO_PREFIX_ROOT=0 -DCMAKE_INSTALL_PREFIX=/workspaces/daniels-wonderland/agrobot-pipeline/ros2_ws/install/agrobot_msgs
[4.379s] Invoking command in '/workspaces/daniels-wonderland/agrobot-pipeline/ros2_ws/build/agrobot_msgs': _=/usr/bin/env /usr/bin/cmake --build /workspaces/daniels-wonderland/agrobot-pipeline/ros2_ws/build/agrobot_msgs -- -j8 -l8
[4.543s] [  3%] [34m[1mGenerating C code for ROS interfaces[0m
[4.632s] [  9%] [34m[1mGenerating Rust code for ROS interfaces[0m
[4.632s] [  9%] [34m[1mGenerating C++ code for ROS interfaces[0m
[4.657s] [  9%] Built target ament_cmake_python_copy_agrobot_msgs
[5.182s] running egg_info
[5.184s] creating agrobot_msgs.egg-info
[5.211s] writing agrobot_msgs.egg-info/PKG-INFO
[5.211s] writing dependency_links to agrobot_msgs.egg-info/dependency_links.txt
[5.212s] writing top-level names to agrobot_msgs.egg-info/top_level.txt
[5.213s] writing manifest file 'agrobot_msgs.egg-info/SOURCES.txt'
[5.258s] [  9%] Built target agrobot_msgs__rs
[5.258s] [ 12%] [32mBuilding C object CMakeFiles/agrobot_msgs__rosidl_generator_c.dir/rosidl_generator_c/agrobot_msgs/msg/detail/detection__functions.c.o[0m
[5.272s] [ 12%] Built target agrobot_msgs__cpp
[5.287s] reading manifest file 'agrobot_msgs.egg-info/SOURCES.txt'
[5.288s] writing manifest file 'agrobot_msgs.egg-info/SOURCES.txt'
[5.365s] [ 15%] [34m[1mGenerating C++ type support for eProsima Fast-RTPS[0m
[5.370s] [ 21%] [34m[1mGenerating C++ introspection for ROS interfaces[0m
[5.370s] [ 21%] [34m[1mGenerating C++ type support dispatch for ROS interfaces[0m
[5.440s] [ 25%] Built target ament_cmake_python_build_agrobot_msgs_egg
[5.440s] [ 25%] [32m[1mLinking C shared library libagrobot_msgs__rosidl_generator_c.so[0m
[5.574s] [ 25%] Built target agrobot_msgs__rosidl_generator_c
[5.666s] [ 28%] [34m[1mGenerating C introspection for ROS interfaces[0m
[5.666s] [ 31%] [34m[1mGenerating C type support for eProsima Fast-RTPS[0m
[5.672s] [ 34%] [34m[1mGenerating C type support dispatch for ROS interfaces[0m
[6.006s] [ 37%] [32mBuilding CXX object CMakeFiles/agrobot_msgs__rosidl_typesupport_cpp.dir/rosidl_typesupport_cpp/agrobot_msgs/msg/detection__type_support.cpp.o[0m
[6.043s] [ 40%] [32mBuilding CXX object CMakeFiles/agrobot_msgs__rosidl_typesupport_fastrtps_cpp.dir/rosidl_typesupport_fastrtps_cpp/agrobot_msgs/msg/detail/dds_fastrtps/detection__type_support.cpp.o[0m
[6.044s] [ 43%] [32mBuilding CXX object CMakeFiles/agrobot_msgs__rosidl_typesupport_introspection_cpp.dir/rosidl_typesupport_introspection_cpp/agrobot_msgs/msg/detail/detection__type_support.cpp.o[0m
[6.306s] [ 46%] [32mBuilding CXX object CMakeFiles/agrobot_msgs__rosidl_typesupport_c.dir/rosidl_typesupport_c/agrobot_msgs/msg/detection__type_support.cpp.o[0m
[6.353s] [ 50%] [32mBuilding C object CMakeFiles/agrobot_msgs__rosidl_typesupport_introspection_c.dir/rosidl_typesupport_introspection_c/agrobot_msgs/msg/detail/detection__type_support.c.o[0m
[6.379s] [ 53%] [32mBuilding CXX object CMakeFiles/agrobot_msgs__rosidl_typesupport_fastrtps_c.dir/rosidl_typesupport_fastrtps_c/agrobot_msgs/msg/detail/detection__type_support_c.cpp.o[0m
[6.483s] [ 56%] [32m[1mLinking CXX shared library libagrobot_msgs__rosidl_typesupport_c.so[0m
[6.500s] [ 59%] [32m[1mLinking C shared library libagrobot_msgs__rosidl_typesupport_introspection_c.so[0m
[6.664s] [ 59%] Built target agrobot_msgs__rosidl_typesupport_c
[6.671s] [ 59%] Built target agrobot_msgs__rosidl_typesupport_introspection_c
[6.731s] [ 62%] [32m[1mLinking CXX shared library libagrobot_msgs__rosidl_typesupport_cpp.so[0m
[6.873s] [ 62%] Built target agrobot_msgs__rosidl_typesupport_cpp
[6.999s] [ 65%] [32m[1mLinking CXX shared library libagrobot_msgs__rosidl_typesupport_introspection_cpp.so[0m
[7.031s] [ 68%] [32m[1mLinking CXX shared library libagrobot_msgs__rosidl_typesupport_fastrtps_cpp.so[0m
[7.142s] [ 68%] Built target agrobot_msgs__rosidl_typesupport_introspection_cpp
[7.233s] [ 71%] [32m[1mLinking CXX shared library libagrobot_msgs__rosidl_typesupport_fastrtps_c.so[0m
[7.260s] [ 71%] Built target agrobot_msgs__rosidl_typesupport_fastrtps_cpp
[7.462s] [ 71%] Built target agrobot_msgs__rosidl_typesupport_fastrtps_c
[7.640s] [ 71%] Built target agrobot_msgs
[7.806s] [ 75%] [34m[1mGenerating Python code for ROS interfaces[0m
[8.556s] [ 75%] Built target agrobot_msgs__py
[8.735s] [ 78%] [32mBuilding C object CMakeFiles/agrobot_msgs__rosidl_generator_py.dir/rosidl_generator_py/agrobot_msgs/msg/_detection_s.c.o[0m
[9.032s] [ 81%] [32m[1mLinking C shared library rosidl_generator_py/agrobot_msgs/libagrobot_msgs__rosidl_generator_py.so[0m
[9.185s] [ 81%] Built target agrobot_msgs__rosidl_generator_py
[9.377s] [ 87%] [32mBuilding C object CMakeFiles/agrobot_msgs__rosidl_typesupport_fastrtps_c__pyext.dir/rosidl_generator_py/agrobot_msgs/_agrobot_msgs_s.ep.rosidl_typesupport_fastrtps_c.c.o[0m
[9.377s] [ 87%] [32mBuilding C object CMakeFiles/agrobot_msgs__rosidl_typesupport_c__pyext.dir/rosidl_generator_py/agrobot_msgs/_agrobot_msgs_s.ep.rosidl_typesupport_c.c.o[0m
[9.377s] [ 90%] [32mBuilding C object CMakeFiles/agrobot_msgs__rosidl_typesupport_introspection_c__pyext.dir/rosidl_generator_py/agrobot_msgs/_agrobot_msgs_s.ep.rosidl_typesupport_introspection_c.c.o[0m
[9.704s] [ 93%] [32m[1mLinking C shared library rosidl_generator_py/agrobot_msgs/agrobot_msgs_s__rosidl_typesupport_introspection_c.cpython-310-aarch64-linux-gnu.so[0m
[9.704s] [ 96%] [32m[1mLinking C shared library rosidl_generator_py/agrobot_msgs/agrobot_msgs_s__rosidl_typesupport_c.cpython-310-aarch64-linux-gnu.so[0m
[9.704s] [100%] [32m[1mLinking C shared library rosidl_generator_py/agrobot_msgs/agrobot_msgs_s__rosidl_typesupport_fastrtps_c.cpython-310-aarch64-linux-gnu.so[0m
[9.866s] [100%] Built target agrobot_msgs__rosidl_typesupport_fastrtps_c__pyext
[9.867s] [100%] Built target agrobot_msgs__rosidl_typesupport_introspection_c__pyext
[9.867s] [100%] Built target agrobot_msgs__rosidl_typesupport_c__pyext
[9.910s] Invoked command in '/workspaces/daniels-wonderland/agrobot-pipeline/ros2_ws/build/agrobot_msgs' returned '0': _=/usr/bin/env /usr/bin/cmake --build /workspaces/daniels-wonderland/agrobot-pipeline/ros2_ws/build/agrobot_msgs -- -j8 -l8
[9.936s] Invoking command in '/workspaces/daniels-wonderland/agrobot-pipeline/ros2_ws/build/agrobot_msgs': _=/usr/bin/env /usr/bin/cmake --install /workspaces/daniels-wonderland/agrobot-pipeline/ros2_ws/build/agrobot_msgs
[9.954s] -- Install configuration: ""
[9.954s] -- Installing: /workspaces/daniels-wonderland/agrobot-pipeline/ros2_ws/install/agrobot_msgs/share/ament_index/resource_index/rosidl_interfaces/agrobot_msgs
[9.955s] -- Up-to-date: /workspaces/daniels-wonderland/agrobot-pipeline/ros2_ws/install/agrobot_msgs/include/agrobot_msgs/agrobot_msgs
[9.955s] -- Up-to-date: /workspaces/daniels-wonderland/agrobot-pipeline/ros2_ws/install/agrobot_msgs/include/agrobot_msgs/agrobot_msgs/msg
[9.955s] -- Installing: /workspaces/daniels-wonderland/agrobot-pipeline/ros2_ws/install/agrobot_msgs/include/agrobot_msgs/agrobot_msgs/msg/detection.h
[9.955s] -- Installing: /workspaces/daniels-wonderland/agrobot-pipeline/ros2_ws/install/agrobot_msgs/include/agrobot_msgs/agrobot_msgs/msg/rosidl_generator_c__visibility_control.h
[9.955s] -- Up-to-date: /workspaces/daniels-wonderland/agrobot-pipeline/ros2_ws/install/agrobot_msgs/include/agrobot_msgs/agrobot_msgs/msg/detail
[9.956s] -- Installing: /workspaces/daniels-wonderland/agrobot-pipeline/ros2_ws/install/agrobot_msgs/include/agrobot_msgs/agrobot_msgs/msg/detail/detection__struct.h
[9.956s] -- Installing: /workspaces/daniels-wonderland/agrobot-pipeline/ros2_ws/install/agrobot_msgs/include/agrobot_msgs/agrobot_msgs/msg/detail/detection__functions.c
[9.956s] -- Installing: /workspaces/daniels-wonderland/agrobot-pipeline/ros2_ws/install/agrobot_msgs/include/agrobot_msgs/agrobot_msgs/msg/detail/detection__functions.h
[9.956s] -- Installing: /workspaces/daniels-wonderland/agrobot-pipeline/ros2_ws/install/agrobot_msgs/include/agrobot_msgs/agrobot_msgs/msg/detail/detection__type_support.h
[9.957s] -- Up-to-date: /workspaces/daniels-wonderland/agrobot-pipeline/ros2_ws/install/agrobot_msgs/share/agrobot_msgs/environment/library_path.sh
[9.957s] -- Installing: /workspaces/daniels-wonderland/agrobot-pipeline/ros2_ws/install/agrobot_msgs/share/agrobot_msgs/environment/library_path.dsv
[9.958s] -- Installing: /workspaces/daniels-wonderland/agrobot-pipeline/ros2_ws/install/agrobot_msgs/lib/libagrobot_msgs__rosidl_generator_c.so
[9.959s] -- Set runtime path of "/workspaces/daniels-wonderland/agrobot-pipeline/ros2_ws/install/agrobot_msgs/lib/libagrobot_msgs__rosidl_generator_c.so" to ""
[9.959s] -- Up-to-date: /workspaces/daniels-wonderland/agrobot-pipeline/ros2_ws/install/agrobot_msgs/include/agrobot_msgs/agrobot_msgs
[9.959s] -- Up-to-date: /workspaces/daniels-wonderland/agrobot-pipeline/ros2_ws/install/agrobot_msgs/include/agrobot_msgs/agrobot_msgs/msg
[9.960s] -- Installing: /workspaces/daniels-wonderland/agrobot-pipeline/ros2_ws/install/agrobot_msgs/include/agrobot_msgs/agrobot_msgs/msg/rosidl_typesupport_fastrtps_c__visibility_control.h
[9.960s] -- Up-to-date: /workspaces/daniels-wonderland/agrobot-pipeline/ros2_ws/install/agrobot_msgs/include/agrobot_msgs/agrobot_msgs/msg/detail
[9.960s] -- Installing: /workspaces/daniels-wonderland/agrobot-pipeline/ros2_ws/install/agrobot_msgs/include/agrobot_msgs/agrobot_msgs/msg/detail/detection__rosidl_typesupport_fastrtps_c.h
[9.961s] -- Installing: /workspaces/daniels-wonderland/agrobot-pipeline/ros2_ws/install/agrobot_msgs/lib/libagrobot_msgs__rosidl_typesupport_fastrtps_c.so
[9.961s] -- Set runtime path of "/workspaces/daniels-wonderland/agrobot-pipeline/ros2_ws/install/agrobot_msgs/lib/libagrobot_msgs__rosidl_typesupport_fastrtps_c.so" to ""
[9.961s] -- Up-to-date: /workspaces/daniels-wonderland/agrobot-pipeline/ros2_ws/install/agrobot_msgs/include/agrobot_msgs/agrobot_msgs
[9.962s] -- Up-to-date: /workspaces/daniels-wonderland/agrobot-pipeline/ros2_ws/install/agrobot_msgs/include/agrobot_msgs/agrobot_msgs/msg
[9.962s] -- Installing: /workspaces/daniels-wonderland/agrobot-pipeline/ros2_ws/install/agrobot_msgs/include/agrobot_msgs/agrobot_msgs/msg/rosidl_typesupport_introspection_c__visibility_control.h
[9.962s] -- Up-to-date: /workspaces/daniels-wonderland/agrobot-pipeline/ros2_ws/install/agrobot_msgs/include/agrobot_msgs/agrobot_msgs/msg/detail
[9.962s] -- Installing: /workspaces/daniels-wonderland/agrobot-pipeline/ros2_ws/install/agrobot_msgs/include/agrobot_msgs/agrobot_msgs/msg/detail/detection__rosidl_typesupport_introspection_c.h
[9.963s] -- Installing: /workspaces/daniels-wonderland/agrobot-pipeline/ros2_ws/install/agrobot_msgs/include/agrobot_msgs/agrobot_msgs/msg/detail/detection__type_support.c
[9.963s] -- Installing: /workspaces/daniels-wonderland/agrobot-pipeline/ros2_ws/install/agrobot_msgs/lib/libagrobot_msgs__rosidl_typesupport_introspection_c.so
[9.963s] -- Set runtime path of "/workspaces/daniels-wonderland/agrobot-pipeline/ros2_ws/install/agrobot_msgs/lib/libagrobot_msgs__rosidl_typesupport_introspection_c.so" to ""
[9.964s] -- Installing: /workspaces/daniels-wonderland/agrobot-pipeline/ros2_ws/install/agrobot_msgs/lib/libagrobot_msgs__rosidl_typesupport_c.so
[9.964s] -- Set runtime path of "/workspaces/daniels-wonderland/agrobot-pipeline/ros2_ws/install/agrobot_msgs/lib/libagrobot_msgs__rosidl_typesupport_c.so" to ""
[9.964s] -- Up-to-date: /workspaces/daniels-wonderland/agrobot-pipeline/ros2_ws/install/agrobot_msgs/include/agrobot_msgs/agrobot_msgs
[9.964s] -- Up-to-date: /workspaces/daniels-wonderland/agrobot-pipeline/ros2_ws/install/agrobot_msgs/include/agrobot_msgs/agrobot_msgs/msg
[9.965s] -- Installing: /workspaces/daniels-wonderland/agrobot-pipeline/ros2_ws/install/agrobot_msgs/include/agrobot_msgs/agrobot_msgs/msg/detection.hpp
[9.965s] -- Up-to-date: /workspaces/daniels-wonderland/agrobot-pipeline/ros2_ws/install/agrobot_msgs/include/agrobot_msgs/agrobot_msgs/msg/detail
[9.965s] -- Installing: /workspaces/daniels-wonderland/agrobot-pipeline/ros2_ws/install/agrobot_msgs/include/agrobot_msgs/agrobot_msgs/msg/detail/detection__builder.hpp
[9.965s] -- Installing: /workspaces/daniels-wonderland/agrobot-pipeline/ros2_ws/install/agrobot_msgs/include/agrobot_msgs/agrobot_msgs/msg/detail/detection__struct.hpp
[9.966s] -- Installing: /workspaces/daniels-wonderland/agrobot-pipeline/ros2_ws/install/agrobot_msgs/include/agrobot_msgs/agrobot_msgs/msg/detail/detection__traits.hpp
[9.966s] -- Installing: /workspaces/daniels-wonderland/agrobot-pipeline/ros2_ws/install/agrobot_msgs/include/agrobot_msgs/agrobot_msgs/msg/detail/detection__type_support.hpp
[9.967s] -- Installing: /workspaces/daniels-wonderland/agrobot-pipeline/ros2_ws/install/agrobot_msgs/include/agrobot_msgs/agrobot_msgs/msg/rosidl_generator_cpp__visibility_control.hpp
[9.967s] -- Up-to-date: /workspaces/daniels-wonderland/agrobot-pipeline/ros2_ws/install/agrobot_msgs/include/agrobot_msgs/agrobot_msgs
[9.967s] -- Up-to-date: /workspaces/daniels-wonderland/agrobot-pipeline/ros2_ws/install/agrobot_msgs/include/agrobot_msgs/agrobot_msgs/msg
[9.967s] -- Up-to-date: /workspaces/daniels-wonderland/agrobot-pipeline/ros2_ws/install/agrobot_msgs/include/agrobot_msgs/agrobot_msgs/msg/detail
[9.968s] -- Up-to-date: /workspaces/daniels-wonderland/agrobot-pipeline/ros2_ws/install/agrobot_msgs/include/agrobot_msgs/agrobot_msgs/msg/detail/dds_fastrtps
[9.968s] -- Installing: /workspaces/daniels-wonderland/agrobot-pipeline/ros2_ws/install/agrobot_msgs/include/agrobot_msgs/agrobot_msgs/msg/detail/detection__rosidl_typesupport_fastrtps_cpp.hpp
[9.968s] -- Installing: /workspaces/daniels-wonderland/agrobot-pipeline/ros2_ws/install/agrobot_msgs/include/agrobot_msgs/agrobot_msgs/msg/rosidl_typesupport_fastrtps_cpp__visibility_control.h
[9.968s] -- Installing: /workspaces/daniels-wonderland/agrobot-pipeline/ros2_ws/install/agrobot_msgs/lib/libagrobot_msgs__rosidl_typesupport_fastrtps_cpp.so
[9.969s] -- Set runtime path of "/workspaces/daniels-wonderland/agrobot-pipeline/ros2_ws/install/agrobot_msgs/lib/libagrobot_msgs__rosidl_typesupport_fastrtps_cpp.so" to ""
[9.969s] -- Up-to-date: /workspaces/daniels-wonderland/agrobot-pipeline/ros2_ws/install/agrobot_msgs/include/agrobot_msgs/agrobot_msgs
[9.969s] -- Up-to-date: /workspaces/daniels-wonderland/agrobot-pipeline/ros2_ws/install/agrobot_msgs/include/agrobot_msgs/agrobot_msgs/msg
[9.969s] -- Up-to-date: /workspaces/daniels-wonderland/agrobot-pipeline/ros2_ws/install/agrobot_msgs/include/agrobot_msgs/agrobot_msgs/msg/detail
[9.970s] -- Installing: /workspaces/daniels-wonderland/agrobot-pipeline/ros2_ws/install/agrobot_msgs/include/agrobot_msgs/agrobot_msgs/msg/detail/detection__rosidl_typesupport_introspection_cpp.hpp
[9.970s] -- Installing: /workspaces/daniels-wonderland/agrobot-pipeline/ros2_ws/install/agrobot_msgs/include/agrobot_msgs/agrobot_msgs/msg/detail/detection__type_support.cpp
[9.970s] -- Installing: /workspaces/daniels-wonderland/agrobot-pipeline/ros2_ws/install/agrobot_msgs/lib/libagrobot_msgs__rosidl_typesupport_introspection_cpp.so
[9.971s] -- Set runtime path of "/workspaces/daniels-wonderland/agrobot-pipeline/ros2_ws/install/agrobot_msgs/lib/libagrobot_msgs__rosidl_typesupport_introspection_cpp.so" to ""
[9.971s] -- Installing: /workspaces/daniels-wonderland/agrobot-pipeline/ros2_ws/install/agrobot_msgs/lib/libagrobot_msgs__rosidl_typesupport_cpp.so
[9.971s] -- Set runtime path of "/workspaces/daniels-wonderland/agrobot-pipeline/ros2_ws/install/agrobot_msgs/lib/libagrobot_msgs__rosidl_typesupport_cpp.so" to ""
[9.971s] -- Installing: /workspaces/daniels-wonderland/agrobot-pipeline/ros2_ws/install/agrobot_msgs/share/agrobot_msgs/environment/pythonpath.sh
[9.972s] -- Installing: /workspaces/daniels-wonderland/agrobot-pipeline/ros2_ws/install/agrobot_msgs/share/agrobot_msgs/environment/pythonpath.dsv
[9.972s] -- Up-to-date: /workspaces/daniels-wonderland/agrobot-pipeline/ros2_ws/install/agrobot_msgs/local/lib/python3.10/dist-packages/agrobot_msgs-0.0.1-py3.10.egg-info
[9.972s] -- Installing: /workspaces/daniels-wonderland/agrobot-pipeline/ros2_ws/install/agrobot_msgs/local/lib/python3.10/dist-packages/agrobot_msgs-0.0.1-py3.10.egg-info/top_level.txt
[9.973s] -- Installing: /workspaces/daniels-wonderland/agrobot-pipeline/ros2_ws/install/agrobot_msgs/local/lib/python3.10/dist-packages/agrobot_msgs-0.0.1-py3.10.egg-info/dependency_links.txt
[9.973s] -- Installing: /workspaces/daniels-wonderland/agrobot-pipeline/ros2_ws/install/agrobot_msgs/local/lib/python3.10/dist-packages/agrobot_msgs-0.0.1-py3.10.egg-info/SOURCES.txt
[9.973s] -- Installing: /workspaces/daniels-wonderland/agrobot-pipeline/ros2_ws/install/agrobot_msgs/local/lib/python3.10/dist-packages/agrobot_msgs-0.0.1-py3.10.egg-info/PKG-INFO
[9.973s] -- Up-to-date: /workspaces/daniels-wonderland/agrobot-pipeline/ros2_ws/install/agrobot_msgs/local/lib/python3.10/dist-packages/agrobot_msgs
[9.974s] -- Installing: /workspaces/daniels-wonderland/agrobot-pipeline/ros2_ws/install/agrobot_msgs/local/lib/python3.10/dist-packages/agrobot_msgs/_agrobot_msgs_s.ep.rosidl_typesupport_introspection_c.c
[9.974s] -- Installing: /workspaces/daniels-wonderland/agrobot-pipeline/ros2_ws/install/agrobot_msgs/local/lib/python3.10/dist-packages/agrobot_msgs/libagrobot_msgs__rosidl_generator_py.so
[9.975s] -- Installing: /workspaces/daniels-wonderland/agrobot-pipeline/ros2_ws/install/agrobot_msgs/local/lib/python3.10/dist-packages/agrobot_msgs/agrobot_msgs_s__rosidl_typesupport_fastrtps_c.cpython-310-aarch64-linux-gnu.so
[9.975s] -- Installing: /workspaces/daniels-wonderland/agrobot-pipeline/ros2_ws/install/agrobot_msgs/local/lib/python3.10/dist-packages/agrobot_msgs/agrobot_msgs_s__rosidl_typesupport_introspection_c.cpython-310-aarch64-linux-gnu.so
[9.975s] -- Installing: /workspaces/daniels-wonderland/agrobot-pipeline/ros2_ws/install/agrobot_msgs/local/lib/python3.10/dist-packages/agrobot_msgs/_agrobot_msgs_s.ep.rosidl_typesupport_fastrtps_c.c
[9.976s] -- Installing: /workspaces/daniels-wonderland/agrobot-pipeline/ros2_ws/install/agrobot_msgs/local/lib/python3.10/dist-packages/agrobot_msgs/__init__.py
[9.976s] -- Installing: /workspaces/daniels-wonderland/agrobot-pipeline/ros2_ws/install/agrobot_msgs/local/lib/python3.10/dist-packages/agrobot_msgs/_agrobot_msgs_s.ep.rosidl_typesupport_c.c
[9.976s] -- Installing: /workspaces/daniels-wonderland/agrobot-pipeline/ros2_ws/install/agrobot_msgs/local/lib/python3.10/dist-packages/agrobot_msgs/agrobot_msgs_s__rosidl_typesupport_c.cpython-310-aarch64-linux-gnu.so
[9.976s] -- Up-to-date: /workspaces/daniels-wonderland/agrobot-pipeline/ros2_ws/install/agrobot_msgs/local/lib/python3.10/dist-packages/agrobot_msgs/msg
[9.976s] -- Installing: /workspaces/daniels-wonderland/agrobot-pipeline/ros2_ws/install/agrobot_msgs/local/lib/python3.10/dist-packages/agrobot_msgs/msg/_detection_s.c
[9.977s] -- Installing: /workspaces/daniels-wonderland/agrobot-pipeline/ros2_ws/install/agrobot_msgs/local/lib/python3.10/dist-packages/agrobot_msgs/msg/_detection.py
[9.977s] -- Installing: /workspaces/daniels-wonderland/agrobot-pipeline/ros2_ws/install/agrobot_msgs/local/lib/python3.10/dist-packages/agrobot_msgs/msg/__init__.py
[10.050s] Listing '/workspaces/daniels-wonderland/agrobot-pipeline/ros2_ws/install/agrobot_msgs/local/lib/python3.10/dist-packages/agrobot_msgs'...
[10.050s] Compiling '/workspaces/daniels-wonderland/agrobot-pipeline/ros2_ws/install/agrobot_msgs/local/lib/python3.10/dist-packages/agrobot_msgs/__init__.py'...
[10.050s] Listing '/workspaces/daniels-wonderland/agrobot-pipeline/ros2_ws/install/agrobot_msgs/local/lib/python3.10/dist-packages/agrobot_msgs/msg'...
[10.050s] Compiling '/workspaces/daniels-wonderland/agrobot-pipeline/ros2_ws/install/agrobot_msgs/local/lib/python3.10/dist-packages/agrobot_msgs/msg/__init__.py'...
[10.050s] Compiling '/workspaces/daniels-wonderland/agrobot-pipeline/ros2_ws/install/agrobot_msgs/local/lib/python3.10/dist-packages/agrobot_msgs/msg/_detection.py'...
[10.063s] -- Installing: /workspaces/daniels-wonderland/agrobot-pipeline/ros2_ws/install/agrobot_msgs/local/lib/python3.10/dist-packages/agrobot_msgs/agrobot_msgs_s__rosidl_typesupport_fastrtps_c.cpython-310-aarch64-linux-gnu.so
[10.063s] -- Set runtime path of "/workspaces/daniels-wonderland/agrobot-pipeline/ros2_ws/install/agrobot_msgs/local/lib/python3.10/dist-packages/agrobot_msgs/agrobot_msgs_s__rosidl_typesupport_fastrtps_c.cpython-310-aarch64-linux-gnu.so" to ""
[10.063s] -- Installing: /workspaces/daniels-wonderland/agrobot-pipeline/ros2_ws/install/agrobot_msgs/local/lib/python3.10/dist-packages/agrobot_msgs/agrobot_msgs_s__rosidl_typesupport_introspection_c.cpython-310-aarch64-linux-gnu.so
[10.064s] -- Set runtime path of "/workspaces/daniels-wonderland/agrobot-pipeline/ros2_ws/install/agrobot_msgs/local/lib/python3.10/dist-packages/agrobot_msgs/agrobot_msgs_s__rosidl_typesupport_introspection_c.cpython-310-aarch64-linux-gnu.so" to ""
[10.064s] -- Installing: /workspaces/daniels-wonderland/agrobot-pipeline/ros2_ws/install/agrobot_msgs/local/lib/python3.10/dist-packages/agrobot_msgs/agrobot_msgs_s__rosidl_typesupport_c.cpython-310-aarch64-linux-gnu.so
[10.065s] -- Set runtime path of "/workspaces/daniels-wonderland/agrobot-pipeline/ros2_ws/install/agrobot_msgs/local/lib/python3.10/dist-packages/agrobot_msgs/agrobot_msgs_s__rosidl_typesupport_c.cpython-310-aarch64-linux-gnu.so" to ""
[10.065s] -- Installing: /workspaces/daniels-wonderland/agrobot-pipeline/ros2_ws/install/agrobot_msgs/lib/libagrobot_msgs__rosidl_generator_py.so
[10.066s] -- Set runtime path of "/workspaces/daniels-wonderland/agrobot-pipeline/ros2_ws/install/agrobot_msgs/lib/libagrobot_msgs__rosidl_generator_py.so" to ""
[10.066s] -- Installing: /workspaces/daniels-wonderland/agrobot-pipeline/ros2_ws/install/agrobot_msgs/share/ament_index/resource_index/rust_packages/agrobot_msgs
[10.066s] -- Up-to-date: /workspaces/daniels-wonderland/agrobot-pipeline/ros2_ws/install/agrobot_msgs/share/agrobot_msgs/rust
[10.066s] -- Installing: /workspaces/daniels-wonderland/agrobot-pipeline/ros2_ws/install/agrobot_msgs/share/agrobot_msgs/rust/build.rs
[10.067s] -- Installing: /workspaces/daniels-wonderland/agrobot-pipeline/ros2_ws/install/agrobot_msgs/share/agrobot_msgs/rust/Cargo.toml
[10.067s] -- Up-to-date: /workspaces/daniels-wonderland/agrobot-pipeline/ros2_ws/install/agrobot_msgs/share/agrobot_msgs/rust/src
[10.067s] -- Installing: /workspaces/daniels-wonderland/agrobot-pipeline/ros2_ws/install/agrobot_msgs/share/agrobot_msgs/rust/src/msg.rs
[10.067s] -- Installing: /workspaces/daniels-wonderland/agrobot-pipeline/ros2_ws/install/agrobot_msgs/share/agrobot_msgs/rust/src/lib.rs
[10.068s] -- Up-to-date: /workspaces/daniels-wonderland/agrobot-pipeline/ros2_ws/install/agrobot_msgs/share/agrobot_msgs/rust/src/msg
[10.068s] -- Installing: /workspaces/daniels-wonderland/agrobot-pipeline/ros2_ws/install/agrobot_msgs/share/agrobot_msgs/rust/src/msg/rmw.rs
[10.068s] -- Installing: /workspaces/daniels-wonderland/agrobot-pipeline/ros2_ws/install/agrobot_msgs/share/agrobot_msgs/msg/Detection.idl
[10.068s] -- Up-to-date: /workspaces/daniels-wonderland/agrobot-pipeline/ros2_ws/install/agrobot_msgs/share/agrobot_msgs/msg/Detection.msg
[10.069s] -- Installing: /workspaces/daniels-wonderland/agrobot-pipeline/ros2_ws/install/agrobot_msgs/share/ament_index/resource_index/package_run_dependencies/agrobot_msgs
[10.069s] -- Installing: /workspaces/daniels-wonderland/agrobot-pipeline/ros2_ws/install/agrobot_msgs/share/ament_index/resource_index/parent_prefix_path/agrobot_msgs
[10.069s] -- Up-to-date: /workspaces/daniels-wonderland/agrobot-pipeline/ros2_ws/install/agrobot_msgs/share/agrobot_msgs/environment/ament_prefix_path.sh
[10.069s] -- Installing: /workspaces/daniels-wonderland/agrobot-pipeline/ros2_ws/install/agrobot_msgs/share/agrobot_msgs/environment/ament_prefix_path.dsv
[10.070s] -- Up-to-date: /workspaces/daniels-wonderland/agrobot-pipeline/ros2_ws/install/agrobot_msgs/share/agrobot_msgs/environment/path.sh
[10.070s] -- Installing: /workspaces/daniels-wonderland/agrobot-pipeline/ros2_ws/install/agrobot_msgs/share/agrobot_msgs/environment/path.dsv
[10.070s] -- Installing: /workspaces/daniels-wonderland/agrobot-pipeline/ros2_ws/install/agrobot_msgs/share/agrobot_msgs/local_setup.bash
[10.070s] -- Installing: /workspaces/daniels-wonderland/agrobot-pipeline/ros2_ws/install/agrobot_msgs/share/agrobot_msgs/local_setup.sh
[10.071s] -- Installing: /workspaces/daniels-wonderland/agrobot-pipeline/ros2_ws/install/agrobot_msgs/share/agrobot_msgs/local_setup.zsh
[10.071s] -- Installing: /workspaces/daniels-wonderland/agrobot-pipeline/ros2_ws/install/agrobot_msgs/share/agrobot_msgs/local_setup.dsv
[10.071s] -- Installing: /workspaces/daniels-wonderland/agrobot-pipeline/ros2_ws/install/agrobot_msgs/share/agrobot_msgs/package.dsv
[10.072s] -- Installing: /workspaces/daniels-wonderland/agrobot-pipeline/ros2_ws/install/agrobot_msgs/share/ament_index/resource_index/packages/agrobot_msgs
[10.072s] -- Installing: /workspaces/daniels-wonderland/agrobot-pipeline/ros2_ws/install/agrobot_msgs/share/agrobot_msgs/cmake/export_agrobot_msgs__rosidl_generator_cExport.cmake
[10.072s] -- Installing: /workspaces/daniels-wonderland/agrobot-pipeline/ros2_ws/install/agrobot_msgs/share/agrobot_msgs/cmake/export_agrobot_msgs__rosidl_generator_cExport-noconfig.cmake
[10.073s] -- Installing: /workspaces/daniels-wonderland/agrobot-pipeline/ros2_ws/install/agrobot_msgs/share/agrobot_msgs/cmake/export_agrobot_msgs__rosidl_typesupport_fastrtps_cExport.cmake
[10.073s] -- Installing: /workspaces/daniels-wonderland/agrobot-pipeline/ros2_ws/install/agrobot_msgs/share/agrobot_msgs/cmake/export_agrobot_msgs__rosidl_typesupport_fastrtps_cExport-noconfig.cmake
[10.074s] -- Installing: /workspaces/daniels-wonderland/agrobot-pipeline/ros2_ws/install/agrobot_msgs/share/agrobot_msgs/cmake/agrobot_msgs__rosidl_typesupport_introspection_cExport.cmake
[10.074s] -- Installing: /workspaces/daniels-wonderland/agrobot-pipeline/ros2_ws/install/agrobot_msgs/share/agrobot_msgs/cmake/agrobot_msgs__rosidl_typesupport_introspection_cExport-noconfig.cmake
[10.074s] -- Installing: /workspaces/daniels-wonderland/agrobot-pipeline/ros2_ws/install/agrobot_msgs/share/agrobot_msgs/cmake/agrobot_msgs__rosidl_typesupport_cExport.cmake
[10.075s] -- Installing: /workspaces/daniels-wonderland/agrobot-pipeline/ros2_ws/install/agrobot_msgs/share/agrobot_msgs/cmake/agrobot_msgs__rosidl_typesupport_cExport-noconfig.cmake
[10.075s] -- Installing: /workspaces/daniels-wonderland/agrobot-pipeline/ros2_ws/install/agrobot_msgs/share/agrobot_msgs/cmake/export_agrobot_msgs__rosidl_generator_cppExport.cmake
[10.076s] -- Installing: /workspaces/daniels-wonderland/agrobot-pipeline/ros2_ws/install/agrobot_msgs/share/agrobot_msgs/cmake/export_agrobot_msgs__rosidl_typesupport_fastrtps_cppExport.cmake
[10.076s] -- Installing: /workspaces/daniels-wonderland/agrobot-pipeline/ros2_ws/install/agrobot_msgs/share/agrobot_msgs/cmake/export_agrobot_msgs__rosidl_typesupport_fastrtps_cppExport-noconfig.cmake
[10.076s] -- Installing: /workspaces/daniels-wonderland/agrobot-pipeline/ros2_ws/install/agrobot_msgs/share/agrobot_msgs/cmake/agrobot_msgs__rosidl_typesupport_introspection_cppExport.cmake
[10.077s] -- Installing: /workspaces/daniels-wonderland/agrobot-pipeline/ros2_ws/install/agrobot_msgs/share/agrobot_msgs/cmake/agrobot_msgs__rosidl_typesupport_introspection_cppExport-noconfig.cmake
[10.077s] -- Installing: /workspaces/daniels-wonderland/agrobot-pipeline/ros2_ws/install/agrobot_msgs/share/agrobot_msgs/cmake/agrobot_msgs__rosidl_typesupport_cppExport.cmake
[10.078s] -- Installing: /workspaces/daniels-wonderland/agrobot-pipeline/ros2_ws/install/agrobot_msgs/share/agrobot_msgs/cmake/agrobot_msgs__rosidl_typesupport_cppExport-noconfig.cmake
[10.078s] -- Installing: /workspaces/daniels-wonderland/agrobot-pipeline/ros2_ws/install/agrobot_msgs/share/agrobot_msgs/cmake/export_agrobot_msgs__rosidl_generator_pyExport.cmake
[10.078s] -- Installing: /workspaces/daniels-wonderland/agrobot-pipeline/ros2_ws/install/agrobot_msgs/share/agrobot_msgs/cmake/export_agrobot_msgs__rosidl_generator_pyExport-noconfig.cmake
[10.079s] -- Installing: /workspaces/daniels-wonderland/agrobot-pipeline/ros2_ws/install/agrobot_msgs/share/agrobot_msgs/cmake/rosidl_cmake-extras.cmake
[10.079s] -- Installing: /workspaces/daniels-wonderland/agrobot-pipeline/ros2_ws/install/agrobot_msgs/share/agrobot_msgs/cmake/ament_cmake_export_dependencies-extras.cmake
[10.079s] -- Installing: /workspaces/daniels-wonderland/agrobot-pipeline/ros2_ws/install/agrobot_msgs/share/agrobot_msgs/cmake/ament_cmake_export_include_directories-extras.cmake
[10.080s] -- Installing: /workspaces/daniels-wonderland/agrobot-pipeline/ros2_ws/install/agrobot_msgs/share/agrobot_msgs/cmake/ament_cmake_export_libraries-extras.cmake
[10.080s] -- Installing: /workspaces/daniels-wonderland/agrobot-pipeline/ros2_ws/install/agrobot_msgs/share/agrobot_msgs/cmake/ament_cmake_export_targets-extras.cmake
[10.080s] -- Installing: /workspaces/daniels-wonderland/agrobot-pipeline/ros2_ws/install/agrobot_msgs/share/agrobot_msgs/cmake/rosidl_cmake_export_typesupport_targets-extras.cmake
[10.081s] -- Installing: /workspaces/daniels-wonderland/agrobot-pipeline/ros2_ws/install/agrobot_msgs/share/agrobot_msgs/cmake/rosidl_cmake_export_typesupport_libraries-extras.cmake
[10.081s] -- Installing: /workspaces/daniels-wonderland/agrobot-pipeline/ros2_ws/install/agrobot_msgs/share/agrobot_msgs/cmake/agrobot_msgsConfig.cmake
[10.081s] -- Installing: /workspaces/daniels-wonderland/agrobot-pipeline/ros2_ws/install/agrobot_msgs/share/agrobot_msgs/cmake/agrobot_msgsConfig-version.cmake
[10.082s] -- Up-to-date: /workspaces/daniels-wonderland/agrobot-pipeline/ros2_ws/install/agrobot_msgs/share/agrobot_msgs/package.xml
[10.088s] Invoked command in '/workspaces/daniels-wonderland/agrobot-pipeline/ros2_ws/build/agrobot_msgs' returned '0': _=/usr/bin/env /usr/bin/cmake --install /workspaces/daniels-wonderland/agrobot-pipeline/ros2_ws/build/agrobot_msgs
