-- Found ament_cmake: 1.3.14 (/opt/ros/humble/share/ament_cmake/cmake)
-- Found rosidl_default_generators: 1.2.1 (/opt/ros/humble/share/rosidl_default_generators/cmake)
-- Using all available rosidl_typesupport_c: rosidl_typesupport_fastrtps_c;rosidl_typesupport_introspection_c
-- Found rosidl_adapter: 3.1.8 (/opt/ros/humble/share/rosidl_adapter/cmake)
-- Using all available rosidl_typesupport_cpp: rosidl_typesupport_fastrtps_cpp;rosidl_typesupport_introspection_cpp
-- Found builtin_interfaces: 1.2.2 (/opt/ros/humble/share/builtin_interfaces/cmake)
-- Found ament_cmake_ros: 0.10.0 (/opt/ros/humble/share/ament_cmake_ros/cmake)
-- Using all available rosidl_typesupport_c: rosidl_typesupport_fastrtps_c;rosidl_typesupport_introspection_c
-- Using all available rosidl_typesupport_cpp: rosidl_typesupport_fastrtps_cpp;rosidl_typesupport_introspection_cpp
-- Found python_cmake_module: 0.10.0 (/opt/ros/humble/share/python_cmake_module/cmake)
-- Using PYTHON_EXECUTABLE: /usr/bin/python3
-- Using PYTHON_INCLUDE_DIRS: /usr/include/python3.10
-- Using PYTHON_LIBRARIES: /usr/lib/aarch64-linux-gnu/libpython3.10.so
-- Configuring done
-- Generating done
-- Build files have been written to: /workspaces/daniels-wonderland/agrobot-pipeline/ros2_ws/build/agrobot_msgs
[  2%] [34m[1mGenerating C code for ROS interfaces[0m
[  5%] [34m[1mGenerating C++ code for ROS interfaces[0m
[  7%] [34m[1mGenerating Rust code for ROS interfaces[0m
[  7%] Built target ament_cmake_python_copy_agrobot_msgs
running egg_info
writing agrobot_msgs.egg-info/PKG-INFO
writing dependency_links to agrobot_msgs.egg-info/dependency_links.txt
writing top-level names to agrobot_msgs.egg-info/top_level.txt
reading manifest file 'agrobot_msgs.egg-info/SOURCES.txt'
writing manifest file 'agrobot_msgs.egg-info/SOURCES.txt'
[35m[1mConsolidate compiler generated dependencies of target agrobot_msgs__rosidl_generator_c[0m
[  7%] Built target agrobot_msgs__rs
[  7%] Built target agrobot_msgs__cpp
[  7%] Built target ament_cmake_python_build_agrobot_msgs_egg
[ 10%] [32mBuilding C object CMakeFiles/agrobot_msgs__rosidl_generator_c.dir/rosidl_generator_c/agrobot_msgs/srv/detail/nav_position__functions.c.o[0m
[ 12%] [32mBuilding C object CMakeFiles/agrobot_msgs__rosidl_generator_c.dir/rosidl_generator_c/agrobot_msgs/msg/detail/detection__functions.c.o[0m
[ 15%] [34m[1mGenerating C++ type support for eProsima Fast-RTPS[0m
[ 17%] [34m[1mGenerating C++ introspection for ROS interfaces[0m
[ 20%] [34m[1mGenerating C++ type support dispatch for ROS interfaces[0m
[ 22%] [32m[1mLinking C shared library libagrobot_msgs__rosidl_generator_c.so[0m
[ 22%] Built target agrobot_msgs__rosidl_generator_c
[ 25%] [34m[1mGenerating C type support for eProsima Fast-RTPS[0m
[ 30%] [34m[1mGenerating C type support dispatch for ROS interfaces[0m
[ 30%] [34m[1mGenerating C introspection for ROS interfaces[0m
[35m[1mConsolidate compiler generated dependencies of target agrobot_msgs__rosidl_typesupport_cpp[0m
[35m[1mConsolidate compiler generated dependencies of target agrobot_msgs__rosidl_typesupport_introspection_cpp[0m
[35m[1mConsolidate compiler generated dependencies of target agrobot_msgs__rosidl_typesupport_fastrtps_cpp[0m
[ 32%] [32mBuilding CXX object CMakeFiles/agrobot_msgs__rosidl_typesupport_cpp.dir/rosidl_typesupport_cpp/agrobot_msgs/srv/nav_position__type_support.cpp.o[0m
[ 35%] [32mBuilding CXX object CMakeFiles/agrobot_msgs__rosidl_typesupport_cpp.dir/rosidl_typesupport_cpp/agrobot_msgs/msg/detection__type_support.cpp.o[0m
[ 37%] [32mBuilding CXX object CMakeFiles/agrobot_msgs__rosidl_typesupport_introspection_cpp.dir/rosidl_typesupport_introspection_cpp/agrobot_msgs/srv/detail/nav_position__type_support.cpp.o[0m
[ 40%] [32mBuilding CXX object CMakeFiles/agrobot_msgs__rosidl_typesupport_introspection_cpp.dir/rosidl_typesupport_introspection_cpp/agrobot_msgs/msg/detail/detection__type_support.cpp.o[0m
[ 42%] [32mBuilding CXX object CMakeFiles/agrobot_msgs__rosidl_typesupport_fastrtps_cpp.dir/rosidl_typesupport_fastrtps_cpp/agrobot_msgs/msg/detail/dds_fastrtps/detection__type_support.cpp.o[0m
[35m[1mConsolidate compiler generated dependencies of target agrobot_msgs__rosidl_typesupport_c[0m
[35m[1mConsolidate compiler generated dependencies of target agrobot_msgs__rosidl_typesupport_introspection_c[0m
[35m[1mConsolidate compiler generated dependencies of target agrobot_msgs__rosidl_typesupport_fastrtps_c[0m
[ 45%] [32mBuilding CXX object CMakeFiles/agrobot_msgs__rosidl_typesupport_c.dir/rosidl_typesupport_c/agrobot_msgs/msg/detection__type_support.cpp.o[0m
[ 47%] [32mBuilding C object CMakeFiles/agrobot_msgs__rosidl_typesupport_introspection_c.dir/rosidl_typesupport_introspection_c/agrobot_msgs/msg/detail/detection__type_support.c.o[0m
[ 50%] [32mBuilding CXX object CMakeFiles/agrobot_msgs__rosidl_typesupport_fastrtps_c.dir/rosidl_typesupport_fastrtps_c/agrobot_msgs/msg/detail/detection__type_support_c.cpp.o[0m
[ 52%] [32mBuilding CXX object CMakeFiles/agrobot_msgs__rosidl_typesupport_c.dir/rosidl_typesupport_c/agrobot_msgs/srv/nav_position__type_support.cpp.o[0m
[ 55%] [32mBuilding C object CMakeFiles/agrobot_msgs__rosidl_typesupport_introspection_c.dir/rosidl_typesupport_introspection_c/agrobot_msgs/srv/detail/nav_position__type_support.c.o[0m
[ 57%] [32mBuilding CXX object CMakeFiles/agrobot_msgs__rosidl_typesupport_fastrtps_cpp.dir/rosidl_typesupport_fastrtps_cpp/agrobot_msgs/srv/detail/dds_fastrtps/nav_position__type_support.cpp.o[0m
[ 60%] [32m[1mLinking CXX shared library libagrobot_msgs__rosidl_typesupport_cpp.so[0m
[ 62%] [32m[1mLinking CXX shared library libagrobot_msgs__rosidl_typesupport_c.so[0m
[ 65%] [32m[1mLinking C shared library libagrobot_msgs__rosidl_typesupport_introspection_c.so[0m
[ 65%] Built target agrobot_msgs__rosidl_typesupport_cpp
[ 65%] Built target agrobot_msgs__rosidl_typesupport_c
[ 67%] [32mBuilding CXX object CMakeFiles/agrobot_msgs__rosidl_typesupport_fastrtps_c.dir/rosidl_typesupport_fastrtps_c/agrobot_msgs/srv/detail/nav_position__type_support_c.cpp.o[0m
[ 67%] Built target agrobot_msgs__rosidl_typesupport_introspection_c
[ 70%] [32m[1mLinking CXX shared library libagrobot_msgs__rosidl_typesupport_introspection_cpp.so[0m
[ 70%] Built target agrobot_msgs__rosidl_typesupport_introspection_cpp
[ 72%] [32m[1mLinking CXX shared library libagrobot_msgs__rosidl_typesupport_fastrtps_cpp.so[0m
[ 75%] [32m[1mLinking CXX shared library libagrobot_msgs__rosidl_typesupport_fastrtps_c.so[0m
[ 75%] Built target agrobot_msgs__rosidl_typesupport_fastrtps_cpp
[ 75%] Built target agrobot_msgs__rosidl_typesupport_fastrtps_c
[ 75%] Built target agrobot_msgs
[ 77%] [34m[1mGenerating Python code for ROS interfaces[0m
[ 77%] Built target agrobot_msgs__py
[35m[1mConsolidate compiler generated dependencies of target agrobot_msgs__rosidl_generator_py[0m
[ 80%] [32mBuilding C object CMakeFiles/agrobot_msgs__rosidl_generator_py.dir/rosidl_generator_py/agrobot_msgs/msg/_detection_s.c.o[0m
[ 82%] [32mBuilding C object CMakeFiles/agrobot_msgs__rosidl_generator_py.dir/rosidl_generator_py/agrobot_msgs/srv/_nav_position_s.c.o[0m
[ 85%] [32m[1mLinking C shared library rosidl_generator_py/agrobot_msgs/libagrobot_msgs__rosidl_generator_py.so[0m
[ 85%] Built target agrobot_msgs__rosidl_generator_py
[35m[1mConsolidate compiler generated dependencies of target agrobot_msgs__rosidl_typesupport_fastrtps_c__pyext[0m
[35m[1mConsolidate compiler generated dependencies of target agrobot_msgs__rosidl_typesupport_c__pyext[0m
[35m[1mConsolidate compiler generated dependencies of target agrobot_msgs__rosidl_typesupport_introspection_c__pyext[0m
[ 90%] [32mBuilding C object CMakeFiles/agrobot_msgs__rosidl_typesupport_c__pyext.dir/rosidl_generator_py/agrobot_msgs/_agrobot_msgs_s.ep.rosidl_typesupport_c.c.o[0m
[ 90%] [32mBuilding C object CMakeFiles/agrobot_msgs__rosidl_typesupport_fastrtps_c__pyext.dir/rosidl_generator_py/agrobot_msgs/_agrobot_msgs_s.ep.rosidl_typesupport_fastrtps_c.c.o[0m
[ 92%] [32mBuilding C object CMakeFiles/agrobot_msgs__rosidl_typesupport_introspection_c__pyext.dir/rosidl_generator_py/agrobot_msgs/_agrobot_msgs_s.ep.rosidl_typesupport_introspection_c.c.o[0m
[ 95%] [32m[1mLinking C shared library rosidl_generator_py/agrobot_msgs/agrobot_msgs_s__rosidl_typesupport_introspection_c.cpython-310-aarch64-linux-gnu.so[0m
[ 97%] [32m[1mLinking C shared library rosidl_generator_py/agrobot_msgs/agrobot_msgs_s__rosidl_typesupport_fastrtps_c.cpython-310-aarch64-linux-gnu.so[0m
[100%] [32m[1mLinking C shared library rosidl_generator_py/agrobot_msgs/agrobot_msgs_s__rosidl_typesupport_c.cpython-310-aarch64-linux-gnu.so[0m
[100%] Built target agrobot_msgs__rosidl_typesupport_fastrtps_c__pyext
[100%] Built target agrobot_msgs__rosidl_typesupport_introspection_c__pyext
[100%] Built target agrobot_msgs__rosidl_typesupport_c__pyext
-- Install configuration: ""
-- Installing: /workspaces/daniels-wonderland/agrobot-pipeline/ros2_ws/install/agrobot_msgs/share/ament_index/resource_index/rosidl_interfaces/agrobot_msgs
-- Up-to-date: /workspaces/daniels-wonderland/agrobot-pipeline/ros2_ws/install/agrobot_msgs/include/agrobot_msgs/agrobot_msgs
-- Up-to-date: /workspaces/daniels-wonderland/agrobot-pipeline/ros2_ws/install/agrobot_msgs/include/agrobot_msgs/agrobot_msgs/msg
-- Installing: /workspaces/daniels-wonderland/agrobot-pipeline/ros2_ws/install/agrobot_msgs/include/agrobot_msgs/agrobot_msgs/msg/detection.h
-- Up-to-date: /workspaces/daniels-wonderland/agrobot-pipeline/ros2_ws/install/agrobot_msgs/include/agrobot_msgs/agrobot_msgs/msg/rosidl_generator_c__visibility_control.h
-- Up-to-date: /workspaces/daniels-wonderland/agrobot-pipeline/ros2_ws/install/agrobot_msgs/include/agrobot_msgs/agrobot_msgs/msg/detail
-- Installing: /workspaces/daniels-wonderland/agrobot-pipeline/ros2_ws/install/agrobot_msgs/include/agrobot_msgs/agrobot_msgs/msg/detail/detection__struct.h
-- Installing: /workspaces/daniels-wonderland/agrobot-pipeline/ros2_ws/install/agrobot_msgs/include/agrobot_msgs/agrobot_msgs/msg/detail/detection__functions.c
-- Installing: /workspaces/daniels-wonderland/agrobot-pipeline/ros2_ws/install/agrobot_msgs/include/agrobot_msgs/agrobot_msgs/msg/detail/detection__functions.h
-- Installing: /workspaces/daniels-wonderland/agrobot-pipeline/ros2_ws/install/agrobot_msgs/include/agrobot_msgs/agrobot_msgs/msg/detail/detection__type_support.h
-- Installing: /workspaces/daniels-wonderland/agrobot-pipeline/ros2_ws/install/agrobot_msgs/include/agrobot_msgs/agrobot_msgs/srv
-- Installing: /workspaces/daniels-wonderland/agrobot-pipeline/ros2_ws/install/agrobot_msgs/include/agrobot_msgs/agrobot_msgs/srv/nav_position.h
-- Installing: /workspaces/daniels-wonderland/agrobot-pipeline/ros2_ws/install/agrobot_msgs/include/agrobot_msgs/agrobot_msgs/srv/detail
-- Installing: /workspaces/daniels-wonderland/agrobot-pipeline/ros2_ws/install/agrobot_msgs/include/agrobot_msgs/agrobot_msgs/srv/detail/nav_position__struct.h
-- Installing: /workspaces/daniels-wonderland/agrobot-pipeline/ros2_ws/install/agrobot_msgs/include/agrobot_msgs/agrobot_msgs/srv/detail/nav_position__type_support.h
-- Installing: /workspaces/daniels-wonderland/agrobot-pipeline/ros2_ws/install/agrobot_msgs/include/agrobot_msgs/agrobot_msgs/srv/detail/nav_position__functions.h
-- Installing: /workspaces/daniels-wonderland/agrobot-pipeline/ros2_ws/install/agrobot_msgs/include/agrobot_msgs/agrobot_msgs/srv/detail/nav_position__functions.c
-- Up-to-date: /workspaces/daniels-wonderland/agrobot-pipeline/ros2_ws/install/agrobot_msgs/share/agrobot_msgs/environment/library_path.sh
-- Installing: /workspaces/daniels-wonderland/agrobot-pipeline/ros2_ws/install/agrobot_msgs/share/agrobot_msgs/environment/library_path.dsv
-- Installing: /workspaces/daniels-wonderland/agrobot-pipeline/ros2_ws/install/agrobot_msgs/lib/libagrobot_msgs__rosidl_generator_c.so
-- Set runtime path of "/workspaces/daniels-wonderland/agrobot-pipeline/ros2_ws/install/agrobot_msgs/lib/libagrobot_msgs__rosidl_generator_c.so" to ""
-- Up-to-date: /workspaces/daniels-wonderland/agrobot-pipeline/ros2_ws/install/agrobot_msgs/include/agrobot_msgs/agrobot_msgs
-- Up-to-date: /workspaces/daniels-wonderland/agrobot-pipeline/ros2_ws/install/agrobot_msgs/include/agrobot_msgs/agrobot_msgs/msg
-- Up-to-date: /workspaces/daniels-wonderland/agrobot-pipeline/ros2_ws/install/agrobot_msgs/include/agrobot_msgs/agrobot_msgs/msg/rosidl_typesupport_fastrtps_c__visibility_control.h
-- Up-to-date: /workspaces/daniels-wonderland/agrobot-pipeline/ros2_ws/install/agrobot_msgs/include/agrobot_msgs/agrobot_msgs/msg/detail
-- Installing: /workspaces/daniels-wonderland/agrobot-pipeline/ros2_ws/install/agrobot_msgs/include/agrobot_msgs/agrobot_msgs/msg/detail/detection__rosidl_typesupport_fastrtps_c.h
-- Up-to-date: /workspaces/daniels-wonderland/agrobot-pipeline/ros2_ws/install/agrobot_msgs/include/agrobot_msgs/agrobot_msgs/srv
-- Up-to-date: /workspaces/daniels-wonderland/agrobot-pipeline/ros2_ws/install/agrobot_msgs/include/agrobot_msgs/agrobot_msgs/srv/detail
-- Installing: /workspaces/daniels-wonderland/agrobot-pipeline/ros2_ws/install/agrobot_msgs/include/agrobot_msgs/agrobot_msgs/srv/detail/nav_position__rosidl_typesupport_fastrtps_c.h
-- Installing: /workspaces/daniels-wonderland/agrobot-pipeline/ros2_ws/install/agrobot_msgs/lib/libagrobot_msgs__rosidl_typesupport_fastrtps_c.so
-- Set runtime path of "/workspaces/daniels-wonderland/agrobot-pipeline/ros2_ws/install/agrobot_msgs/lib/libagrobot_msgs__rosidl_typesupport_fastrtps_c.so" to ""
-- Up-to-date: /workspaces/daniels-wonderland/agrobot-pipeline/ros2_ws/install/agrobot_msgs/include/agrobot_msgs/agrobot_msgs
-- Up-to-date: /workspaces/daniels-wonderland/agrobot-pipeline/ros2_ws/install/agrobot_msgs/include/agrobot_msgs/agrobot_msgs/msg
-- Up-to-date: /workspaces/daniels-wonderland/agrobot-pipeline/ros2_ws/install/agrobot_msgs/include/agrobot_msgs/agrobot_msgs/msg/rosidl_typesupport_introspection_c__visibility_control.h
-- Up-to-date: /workspaces/daniels-wonderland/agrobot-pipeline/ros2_ws/install/agrobot_msgs/include/agrobot_msgs/agrobot_msgs/msg/detail
-- Installing: /workspaces/daniels-wonderland/agrobot-pipeline/ros2_ws/install/agrobot_msgs/include/agrobot_msgs/agrobot_msgs/msg/detail/detection__rosidl_typesupport_introspection_c.h
-- Installing: /workspaces/daniels-wonderland/agrobot-pipeline/ros2_ws/install/agrobot_msgs/include/agrobot_msgs/agrobot_msgs/msg/detail/detection__type_support.c
-- Up-to-date: /workspaces/daniels-wonderland/agrobot-pipeline/ros2_ws/install/agrobot_msgs/include/agrobot_msgs/agrobot_msgs/srv
-- Up-to-date: /workspaces/daniels-wonderland/agrobot-pipeline/ros2_ws/install/agrobot_msgs/include/agrobot_msgs/agrobot_msgs/srv/detail
-- Installing: /workspaces/daniels-wonderland/agrobot-pipeline/ros2_ws/install/agrobot_msgs/include/agrobot_msgs/agrobot_msgs/srv/detail/nav_position__rosidl_typesupport_introspection_c.h
-- Installing: /workspaces/daniels-wonderland/agrobot-pipeline/ros2_ws/install/agrobot_msgs/include/agrobot_msgs/agrobot_msgs/srv/detail/nav_position__type_support.c
-- Installing: /workspaces/daniels-wonderland/agrobot-pipeline/ros2_ws/install/agrobot_msgs/lib/libagrobot_msgs__rosidl_typesupport_introspection_c.so
-- Set runtime path of "/workspaces/daniels-wonderland/agrobot-pipeline/ros2_ws/install/agrobot_msgs/lib/libagrobot_msgs__rosidl_typesupport_introspection_c.so" to ""
-- Installing: /workspaces/daniels-wonderland/agrobot-pipeline/ros2_ws/install/agrobot_msgs/lib/libagrobot_msgs__rosidl_typesupport_c.so
-- Set runtime path of "/workspaces/daniels-wonderland/agrobot-pipeline/ros2_ws/install/agrobot_msgs/lib/libagrobot_msgs__rosidl_typesupport_c.so" to ""
-- Up-to-date: /workspaces/daniels-wonderland/agrobot-pipeline/ros2_ws/install/agrobot_msgs/include/agrobot_msgs/agrobot_msgs
-- Up-to-date: /workspaces/daniels-wonderland/agrobot-pipeline/ros2_ws/install/agrobot_msgs/include/agrobot_msgs/agrobot_msgs/msg
-- Installing: /workspaces/daniels-wonderland/agrobot-pipeline/ros2_ws/install/agrobot_msgs/include/agrobot_msgs/agrobot_msgs/msg/detection.hpp
-- Up-to-date: /workspaces/daniels-wonderland/agrobot-pipeline/ros2_ws/install/agrobot_msgs/include/agrobot_msgs/agrobot_msgs/msg/detail
-- Installing: /workspaces/daniels-wonderland/agrobot-pipeline/ros2_ws/install/agrobot_msgs/include/agrobot_msgs/agrobot_msgs/msg/detail/detection__builder.hpp
-- Installing: /workspaces/daniels-wonderland/agrobot-pipeline/ros2_ws/install/agrobot_msgs/include/agrobot_msgs/agrobot_msgs/msg/detail/detection__struct.hpp
-- Installing: /workspaces/daniels-wonderland/agrobot-pipeline/ros2_ws/install/agrobot_msgs/include/agrobot_msgs/agrobot_msgs/msg/detail/detection__traits.hpp
-- Installing: /workspaces/daniels-wonderland/agrobot-pipeline/ros2_ws/install/agrobot_msgs/include/agrobot_msgs/agrobot_msgs/msg/detail/detection__type_support.hpp
-- Up-to-date: /workspaces/daniels-wonderland/agrobot-pipeline/ros2_ws/install/agrobot_msgs/include/agrobot_msgs/agrobot_msgs/msg/rosidl_generator_cpp__visibility_control.hpp
-- Up-to-date: /workspaces/daniels-wonderland/agrobot-pipeline/ros2_ws/install/agrobot_msgs/include/agrobot_msgs/agrobot_msgs/srv
-- Up-to-date: /workspaces/daniels-wonderland/agrobot-pipeline/ros2_ws/install/agrobot_msgs/include/agrobot_msgs/agrobot_msgs/srv/detail
-- Installing: /workspaces/daniels-wonderland/agrobot-pipeline/ros2_ws/install/agrobot_msgs/include/agrobot_msgs/agrobot_msgs/srv/detail/nav_position__struct.hpp
-- Installing: /workspaces/daniels-wonderland/agrobot-pipeline/ros2_ws/install/agrobot_msgs/include/agrobot_msgs/agrobot_msgs/srv/detail/nav_position__builder.hpp
-- Installing: /workspaces/daniels-wonderland/agrobot-pipeline/ros2_ws/install/agrobot_msgs/include/agrobot_msgs/agrobot_msgs/srv/detail/nav_position__traits.hpp
-- Installing: /workspaces/daniels-wonderland/agrobot-pipeline/ros2_ws/install/agrobot_msgs/include/agrobot_msgs/agrobot_msgs/srv/detail/nav_position__type_support.hpp
-- Installing: /workspaces/daniels-wonderland/agrobot-pipeline/ros2_ws/install/agrobot_msgs/include/agrobot_msgs/agrobot_msgs/srv/nav_position.hpp
-- Up-to-date: /workspaces/daniels-wonderland/agrobot-pipeline/ros2_ws/install/agrobot_msgs/include/agrobot_msgs/agrobot_msgs
-- Up-to-date: /workspaces/daniels-wonderland/agrobot-pipeline/ros2_ws/install/agrobot_msgs/include/agrobot_msgs/agrobot_msgs/msg
-- Up-to-date: /workspaces/daniels-wonderland/agrobot-pipeline/ros2_ws/install/agrobot_msgs/include/agrobot_msgs/agrobot_msgs/msg/detail
-- Up-to-date: /workspaces/daniels-wonderland/agrobot-pipeline/ros2_ws/install/agrobot_msgs/include/agrobot_msgs/agrobot_msgs/msg/detail/dds_fastrtps
-- Installing: /workspaces/daniels-wonderland/agrobot-pipeline/ros2_ws/install/agrobot_msgs/include/agrobot_msgs/agrobot_msgs/msg/detail/detection__rosidl_typesupport_fastrtps_cpp.hpp
-- Up-to-date: /workspaces/daniels-wonderland/agrobot-pipeline/ros2_ws/install/agrobot_msgs/include/agrobot_msgs/agrobot_msgs/msg/rosidl_typesupport_fastrtps_cpp__visibility_control.h
-- Up-to-date: /workspaces/daniels-wonderland/agrobot-pipeline/ros2_ws/install/agrobot_msgs/include/agrobot_msgs/agrobot_msgs/srv
-- Up-to-date: /workspaces/daniels-wonderland/agrobot-pipeline/ros2_ws/install/agrobot_msgs/include/agrobot_msgs/agrobot_msgs/srv/detail
-- Installing: /workspaces/daniels-wonderland/agrobot-pipeline/ros2_ws/install/agrobot_msgs/include/agrobot_msgs/agrobot_msgs/srv/detail/dds_fastrtps
-- Installing: /workspaces/daniels-wonderland/agrobot-pipeline/ros2_ws/install/agrobot_msgs/include/agrobot_msgs/agrobot_msgs/srv/detail/nav_position__rosidl_typesupport_fastrtps_cpp.hpp
-- Installing: /workspaces/daniels-wonderland/agrobot-pipeline/ros2_ws/install/agrobot_msgs/lib/libagrobot_msgs__rosidl_typesupport_fastrtps_cpp.so
-- Set runtime path of "/workspaces/daniels-wonderland/agrobot-pipeline/ros2_ws/install/agrobot_msgs/lib/libagrobot_msgs__rosidl_typesupport_fastrtps_cpp.so" to ""
-- Up-to-date: /workspaces/daniels-wonderland/agrobot-pipeline/ros2_ws/install/agrobot_msgs/include/agrobot_msgs/agrobot_msgs
-- Up-to-date: /workspaces/daniels-wonderland/agrobot-pipeline/ros2_ws/install/agrobot_msgs/include/agrobot_msgs/agrobot_msgs/msg
-- Up-to-date: /workspaces/daniels-wonderland/agrobot-pipeline/ros2_ws/install/agrobot_msgs/include/agrobot_msgs/agrobot_msgs/msg/detail
-- Installing: /workspaces/daniels-wonderland/agrobot-pipeline/ros2_ws/install/agrobot_msgs/include/agrobot_msgs/agrobot_msgs/msg/detail/detection__rosidl_typesupport_introspection_cpp.hpp
-- Installing: /workspaces/daniels-wonderland/agrobot-pipeline/ros2_ws/install/agrobot_msgs/include/agrobot_msgs/agrobot_msgs/msg/detail/detection__type_support.cpp
-- Up-to-date: /workspaces/daniels-wonderland/agrobot-pipeline/ros2_ws/install/agrobot_msgs/include/agrobot_msgs/agrobot_msgs/srv
-- Up-to-date: /workspaces/daniels-wonderland/agrobot-pipeline/ros2_ws/install/agrobot_msgs/include/agrobot_msgs/agrobot_msgs/srv/detail
-- Installing: /workspaces/daniels-wonderland/agrobot-pipeline/ros2_ws/install/agrobot_msgs/include/agrobot_msgs/agrobot_msgs/srv/detail/nav_position__rosidl_typesupport_introspection_cpp.hpp
-- Installing: /workspaces/daniels-wonderland/agrobot-pipeline/ros2_ws/install/agrobot_msgs/include/agrobot_msgs/agrobot_msgs/srv/detail/nav_position__type_support.cpp
-- Installing: /workspaces/daniels-wonderland/agrobot-pipeline/ros2_ws/install/agrobot_msgs/lib/libagrobot_msgs__rosidl_typesupport_introspection_cpp.so
-- Set runtime path of "/workspaces/daniels-wonderland/agrobot-pipeline/ros2_ws/install/agrobot_msgs/lib/libagrobot_msgs__rosidl_typesupport_introspection_cpp.so" to ""
-- Installing: /workspaces/daniels-wonderland/agrobot-pipeline/ros2_ws/install/agrobot_msgs/lib/libagrobot_msgs__rosidl_typesupport_cpp.so
-- Set runtime path of "/workspaces/daniels-wonderland/agrobot-pipeline/ros2_ws/install/agrobot_msgs/lib/libagrobot_msgs__rosidl_typesupport_cpp.so" to ""
-- Up-to-date: /workspaces/daniels-wonderland/agrobot-pipeline/ros2_ws/install/agrobot_msgs/share/agrobot_msgs/environment/pythonpath.sh
-- Installing: /workspaces/daniels-wonderland/agrobot-pipeline/ros2_ws/install/agrobot_msgs/share/agrobot_msgs/environment/pythonpath.dsv
-- Up-to-date: /workspaces/daniels-wonderland/agrobot-pipeline/ros2_ws/install/agrobot_msgs/local/lib/python3.10/dist-packages/agrobot_msgs-0.0.1-py3.10.egg-info
-- Installing: /workspaces/daniels-wonderland/agrobot-pipeline/ros2_ws/install/agrobot_msgs/local/lib/python3.10/dist-packages/agrobot_msgs-0.0.1-py3.10.egg-info/top_level.txt
-- Installing: /workspaces/daniels-wonderland/agrobot-pipeline/ros2_ws/install/agrobot_msgs/local/lib/python3.10/dist-packages/agrobot_msgs-0.0.1-py3.10.egg-info/dependency_links.txt
-- Installing: /workspaces/daniels-wonderland/agrobot-pipeline/ros2_ws/install/agrobot_msgs/local/lib/python3.10/dist-packages/agrobot_msgs-0.0.1-py3.10.egg-info/SOURCES.txt
-- Installing: /workspaces/daniels-wonderland/agrobot-pipeline/ros2_ws/install/agrobot_msgs/local/lib/python3.10/dist-packages/agrobot_msgs-0.0.1-py3.10.egg-info/PKG-INFO
-- Up-to-date: /workspaces/daniels-wonderland/agrobot-pipeline/ros2_ws/install/agrobot_msgs/local/lib/python3.10/dist-packages/agrobot_msgs
-- Installing: /workspaces/daniels-wonderland/agrobot-pipeline/ros2_ws/install/agrobot_msgs/local/lib/python3.10/dist-packages/agrobot_msgs/_agrobot_msgs_s.ep.rosidl_typesupport_introspection_c.c
-- Installing: /workspaces/daniels-wonderland/agrobot-pipeline/ros2_ws/install/agrobot_msgs/local/lib/python3.10/dist-packages/agrobot_msgs/libagrobot_msgs__rosidl_generator_py.so
-- Installing: /workspaces/daniels-wonderland/agrobot-pipeline/ros2_ws/install/agrobot_msgs/local/lib/python3.10/dist-packages/agrobot_msgs/agrobot_msgs_s__rosidl_typesupport_fastrtps_c.cpython-310-aarch64-linux-gnu.so
-- Installing: /workspaces/daniels-wonderland/agrobot-pipeline/ros2_ws/install/agrobot_msgs/local/lib/python3.10/dist-packages/agrobot_msgs/agrobot_msgs_s__rosidl_typesupport_introspection_c.cpython-310-aarch64-linux-gnu.so
-- Installing: /workspaces/daniels-wonderland/agrobot-pipeline/ros2_ws/install/agrobot_msgs/local/lib/python3.10/dist-packages/agrobot_msgs/_agrobot_msgs_s.ep.rosidl_typesupport_fastrtps_c.c
-- Installing: /workspaces/daniels-wonderland/agrobot-pipeline/ros2_ws/install/agrobot_msgs/local/lib/python3.10/dist-packages/agrobot_msgs/__init__.py
-- Installing: /workspaces/daniels-wonderland/agrobot-pipeline/ros2_ws/install/agrobot_msgs/local/lib/python3.10/dist-packages/agrobot_msgs/_agrobot_msgs_s.ep.rosidl_typesupport_c.c
-- Installing: /workspaces/daniels-wonderland/agrobot-pipeline/ros2_ws/install/agrobot_msgs/local/lib/python3.10/dist-packages/agrobot_msgs/agrobot_msgs_s__rosidl_typesupport_c.cpython-310-aarch64-linux-gnu.so
-- Up-to-date: /workspaces/daniels-wonderland/agrobot-pipeline/ros2_ws/install/agrobot_msgs/local/lib/python3.10/dist-packages/agrobot_msgs/msg
-- Installing: /workspaces/daniels-wonderland/agrobot-pipeline/ros2_ws/install/agrobot_msgs/local/lib/python3.10/dist-packages/agrobot_msgs/msg/_detection_s.c
-- Installing: /workspaces/daniels-wonderland/agrobot-pipeline/ros2_ws/install/agrobot_msgs/local/lib/python3.10/dist-packages/agrobot_msgs/msg/_detection.py
-- Installing: /workspaces/daniels-wonderland/agrobot-pipeline/ros2_ws/install/agrobot_msgs/local/lib/python3.10/dist-packages/agrobot_msgs/msg/__init__.py
-- Installing: /workspaces/daniels-wonderland/agrobot-pipeline/ros2_ws/install/agrobot_msgs/local/lib/python3.10/dist-packages/agrobot_msgs/srv
-- Installing: /workspaces/daniels-wonderland/agrobot-pipeline/ros2_ws/install/agrobot_msgs/local/lib/python3.10/dist-packages/agrobot_msgs/srv/_nav_position.py
-- Installing: /workspaces/daniels-wonderland/agrobot-pipeline/ros2_ws/install/agrobot_msgs/local/lib/python3.10/dist-packages/agrobot_msgs/srv/_nav_position_s.c
-- Installing: /workspaces/daniels-wonderland/agrobot-pipeline/ros2_ws/install/agrobot_msgs/local/lib/python3.10/dist-packages/agrobot_msgs/srv/__init__.py
Listing '/workspaces/daniels-wonderland/agrobot-pipeline/ros2_ws/install/agrobot_msgs/local/lib/python3.10/dist-packages/agrobot_msgs'...
Compiling '/workspaces/daniels-wonderland/agrobot-pipeline/ros2_ws/install/agrobot_msgs/local/lib/python3.10/dist-packages/agrobot_msgs/__init__.py'...
Listing '/workspaces/daniels-wonderland/agrobot-pipeline/ros2_ws/install/agrobot_msgs/local/lib/python3.10/dist-packages/agrobot_msgs/msg'...
Compiling '/workspaces/daniels-wonderland/agrobot-pipeline/ros2_ws/install/agrobot_msgs/local/lib/python3.10/dist-packages/agrobot_msgs/msg/__init__.py'...
Compiling '/workspaces/daniels-wonderland/agrobot-pipeline/ros2_ws/install/agrobot_msgs/local/lib/python3.10/dist-packages/agrobot_msgs/msg/_detection.py'...
Listing '/workspaces/daniels-wonderland/agrobot-pipeline/ros2_ws/install/agrobot_msgs/local/lib/python3.10/dist-packages/agrobot_msgs/srv'...
Compiling '/workspaces/daniels-wonderland/agrobot-pipeline/ros2_ws/install/agrobot_msgs/local/lib/python3.10/dist-packages/agrobot_msgs/srv/__init__.py'...
Compiling '/workspaces/daniels-wonderland/agrobot-pipeline/ros2_ws/install/agrobot_msgs/local/lib/python3.10/dist-packages/agrobot_msgs/srv/_nav_position.py'...
-- Installing: /workspaces/daniels-wonderland/agrobot-pipeline/ros2_ws/install/agrobot_msgs/local/lib/python3.10/dist-packages/agrobot_msgs/agrobot_msgs_s__rosidl_typesupport_fastrtps_c.cpython-310-aarch64-linux-gnu.so
-- Set runtime path of "/workspaces/daniels-wonderland/agrobot-pipeline/ros2_ws/install/agrobot_msgs/local/lib/python3.10/dist-packages/agrobot_msgs/agrobot_msgs_s__rosidl_typesupport_fastrtps_c.cpython-310-aarch64-linux-gnu.so" to ""
-- Installing: /workspaces/daniels-wonderland/agrobot-pipeline/ros2_ws/install/agrobot_msgs/local/lib/python3.10/dist-packages/agrobot_msgs/agrobot_msgs_s__rosidl_typesupport_introspection_c.cpython-310-aarch64-linux-gnu.so
-- Set runtime path of "/workspaces/daniels-wonderland/agrobot-pipeline/ros2_ws/install/agrobot_msgs/local/lib/python3.10/dist-packages/agrobot_msgs/agrobot_msgs_s__rosidl_typesupport_introspection_c.cpython-310-aarch64-linux-gnu.so" to ""
-- Installing: /workspaces/daniels-wonderland/agrobot-pipeline/ros2_ws/install/agrobot_msgs/local/lib/python3.10/dist-packages/agrobot_msgs/agrobot_msgs_s__rosidl_typesupport_c.cpython-310-aarch64-linux-gnu.so
-- Set runtime path of "/workspaces/daniels-wonderland/agrobot-pipeline/ros2_ws/install/agrobot_msgs/local/lib/python3.10/dist-packages/agrobot_msgs/agrobot_msgs_s__rosidl_typesupport_c.cpython-310-aarch64-linux-gnu.so" to ""
-- Installing: /workspaces/daniels-wonderland/agrobot-pipeline/ros2_ws/install/agrobot_msgs/lib/libagrobot_msgs__rosidl_generator_py.so
-- Set runtime path of "/workspaces/daniels-wonderland/agrobot-pipeline/ros2_ws/install/agrobot_msgs/lib/libagrobot_msgs__rosidl_generator_py.so" to ""
-- Up-to-date: /workspaces/daniels-wonderland/agrobot-pipeline/ros2_ws/install/agrobot_msgs/share/ament_index/resource_index/rust_packages/agrobot_msgs
-- Up-to-date: /workspaces/daniels-wonderland/agrobot-pipeline/ros2_ws/install/agrobot_msgs/share/agrobot_msgs/rust
-- Installing: /workspaces/daniels-wonderland/agrobot-pipeline/ros2_ws/install/agrobot_msgs/share/agrobot_msgs/rust/build.rs
-- Installing: /workspaces/daniels-wonderland/agrobot-pipeline/ros2_ws/install/agrobot_msgs/share/agrobot_msgs/rust/Cargo.toml
-- Up-to-date: /workspaces/daniels-wonderland/agrobot-pipeline/ros2_ws/install/agrobot_msgs/share/agrobot_msgs/rust/src
-- Installing: /workspaces/daniels-wonderland/agrobot-pipeline/ros2_ws/install/agrobot_msgs/share/agrobot_msgs/rust/src/srv.rs
-- Installing: /workspaces/daniels-wonderland/agrobot-pipeline/ros2_ws/install/agrobot_msgs/share/agrobot_msgs/rust/src/msg.rs
-- Installing: /workspaces/daniels-wonderland/agrobot-pipeline/ros2_ws/install/agrobot_msgs/share/agrobot_msgs/rust/src/lib.rs
-- Up-to-date: /workspaces/daniels-wonderland/agrobot-pipeline/ros2_ws/install/agrobot_msgs/share/agrobot_msgs/rust/src/msg
-- Installing: /workspaces/daniels-wonderland/agrobot-pipeline/ros2_ws/install/agrobot_msgs/share/agrobot_msgs/rust/src/msg/rmw.rs
-- Installing: /workspaces/daniels-wonderland/agrobot-pipeline/ros2_ws/install/agrobot_msgs/share/agrobot_msgs/rust/src/srv
-- Installing: /workspaces/daniels-wonderland/agrobot-pipeline/ros2_ws/install/agrobot_msgs/share/agrobot_msgs/rust/src/srv/rmw.rs
-- Up-to-date: /workspaces/daniels-wonderland/agrobot-pipeline/ros2_ws/install/agrobot_msgs/share/agrobot_msgs/msg/Detection.idl
-- Installing: /workspaces/daniels-wonderland/agrobot-pipeline/ros2_ws/install/agrobot_msgs/share/agrobot_msgs/srv/NavPosition.idl
-- Up-to-date: /workspaces/daniels-wonderland/agrobot-pipeline/ros2_ws/install/agrobot_msgs/share/agrobot_msgs/msg/Detection.msg
-- Installing: /workspaces/daniels-wonderland/agrobot-pipeline/ros2_ws/install/agrobot_msgs/share/agrobot_msgs/srv/NavPosition.srv
-- Installing: /workspaces/daniels-wonderland/agrobot-pipeline/ros2_ws/install/agrobot_msgs/share/agrobot_msgs/srv/NavPosition_Request.msg
-- Installing: /workspaces/daniels-wonderland/agrobot-pipeline/ros2_ws/install/agrobot_msgs/share/agrobot_msgs/srv/NavPosition_Response.msg
-- Up-to-date: /workspaces/daniels-wonderland/agrobot-pipeline/ros2_ws/install/agrobot_msgs/share/ament_index/resource_index/package_run_dependencies/agrobot_msgs
-- Up-to-date: /workspaces/daniels-wonderland/agrobot-pipeline/ros2_ws/install/agrobot_msgs/share/ament_index/resource_index/parent_prefix_path/agrobot_msgs
-- Up-to-date: /workspaces/daniels-wonderland/agrobot-pipeline/ros2_ws/install/agrobot_msgs/share/agrobot_msgs/environment/ament_prefix_path.sh
-- Installing: /workspaces/daniels-wonderland/agrobot-pipeline/ros2_ws/install/agrobot_msgs/share/agrobot_msgs/environment/ament_prefix_path.dsv
-- Up-to-date: /workspaces/daniels-wonderland/agrobot-pipeline/ros2_ws/install/agrobot_msgs/share/agrobot_msgs/environment/path.sh
-- Installing: /workspaces/daniels-wonderland/agrobot-pipeline/ros2_ws/install/agrobot_msgs/share/agrobot_msgs/environment/path.dsv
-- Up-to-date: /workspaces/daniels-wonderland/agrobot-pipeline/ros2_ws/install/agrobot_msgs/share/agrobot_msgs/local_setup.bash
-- Up-to-date: /workspaces/daniels-wonderland/agrobot-pipeline/ros2_ws/install/agrobot_msgs/share/agrobot_msgs/local_setup.sh
-- Up-to-date: /workspaces/daniels-wonderland/agrobot-pipeline/ros2_ws/install/agrobot_msgs/share/agrobot_msgs/local_setup.zsh
-- Installing: /workspaces/daniels-wonderland/agrobot-pipeline/ros2_ws/install/agrobot_msgs/share/agrobot_msgs/local_setup.dsv
-- Installing: /workspaces/daniels-wonderland/agrobot-pipeline/ros2_ws/install/agrobot_msgs/share/agrobot_msgs/package.dsv
-- Up-to-date: /workspaces/daniels-wonderland/agrobot-pipeline/ros2_ws/install/agrobot_msgs/share/ament_index/resource_index/packages/agrobot_msgs
-- Up-to-date: /workspaces/daniels-wonderland/agrobot-pipeline/ros2_ws/install/agrobot_msgs/share/agrobot_msgs/cmake/export_agrobot_msgs__rosidl_generator_cExport.cmake
-- Up-to-date: /workspaces/daniels-wonderland/agrobot-pipeline/ros2_ws/install/agrobot_msgs/share/agrobot_msgs/cmake/export_agrobot_msgs__rosidl_generator_cExport-noconfig.cmake
-- Up-to-date: /workspaces/daniels-wonderland/agrobot-pipeline/ros2_ws/install/agrobot_msgs/share/agrobot_msgs/cmake/export_agrobot_msgs__rosidl_typesupport_fastrtps_cExport.cmake
-- Up-to-date: /workspaces/daniels-wonderland/agrobot-pipeline/ros2_ws/install/agrobot_msgs/share/agrobot_msgs/cmake/export_agrobot_msgs__rosidl_typesupport_fastrtps_cExport-noconfig.cmake
-- Up-to-date: /workspaces/daniels-wonderland/agrobot-pipeline/ros2_ws/install/agrobot_msgs/share/agrobot_msgs/cmake/agrobot_msgs__rosidl_typesupport_introspection_cExport.cmake
-- Up-to-date: /workspaces/daniels-wonderland/agrobot-pipeline/ros2_ws/install/agrobot_msgs/share/agrobot_msgs/cmake/agrobot_msgs__rosidl_typesupport_introspection_cExport-noconfig.cmake
-- Up-to-date: /workspaces/daniels-wonderland/agrobot-pipeline/ros2_ws/install/agrobot_msgs/share/agrobot_msgs/cmake/agrobot_msgs__rosidl_typesupport_cExport.cmake
-- Up-to-date: /workspaces/daniels-wonderland/agrobot-pipeline/ros2_ws/install/agrobot_msgs/share/agrobot_msgs/cmake/agrobot_msgs__rosidl_typesupport_cExport-noconfig.cmake
-- Up-to-date: /workspaces/daniels-wonderland/agrobot-pipeline/ros2_ws/install/agrobot_msgs/share/agrobot_msgs/cmake/export_agrobot_msgs__rosidl_generator_cppExport.cmake
-- Up-to-date: /workspaces/daniels-wonderland/agrobot-pipeline/ros2_ws/install/agrobot_msgs/share/agrobot_msgs/cmake/export_agrobot_msgs__rosidl_typesupport_fastrtps_cppExport.cmake
-- Up-to-date: /workspaces/daniels-wonderland/agrobot-pipeline/ros2_ws/install/agrobot_msgs/share/agrobot_msgs/cmake/export_agrobot_msgs__rosidl_typesupport_fastrtps_cppExport-noconfig.cmake
-- Up-to-date: /workspaces/daniels-wonderland/agrobot-pipeline/ros2_ws/install/agrobot_msgs/share/agrobot_msgs/cmake/agrobot_msgs__rosidl_typesupport_introspection_cppExport.cmake
-- Up-to-date: /workspaces/daniels-wonderland/agrobot-pipeline/ros2_ws/install/agrobot_msgs/share/agrobot_msgs/cmake/agrobot_msgs__rosidl_typesupport_introspection_cppExport-noconfig.cmake
-- Up-to-date: /workspaces/daniels-wonderland/agrobot-pipeline/ros2_ws/install/agrobot_msgs/share/agrobot_msgs/cmake/agrobot_msgs__rosidl_typesupport_cppExport.cmake
-- Up-to-date: /workspaces/daniels-wonderland/agrobot-pipeline/ros2_ws/install/agrobot_msgs/share/agrobot_msgs/cmake/agrobot_msgs__rosidl_typesupport_cppExport-noconfig.cmake
-- Up-to-date: /workspaces/daniels-wonderland/agrobot-pipeline/ros2_ws/install/agrobot_msgs/share/agrobot_msgs/cmake/export_agrobot_msgs__rosidl_generator_pyExport.cmake
-- Up-to-date: /workspaces/daniels-wonderland/agrobot-pipeline/ros2_ws/install/agrobot_msgs/share/agrobot_msgs/cmake/export_agrobot_msgs__rosidl_generator_pyExport-noconfig.cmake
-- Installing: /workspaces/daniels-wonderland/agrobot-pipeline/ros2_ws/install/agrobot_msgs/share/agrobot_msgs/cmake/rosidl_cmake-extras.cmake
-- Up-to-date: /workspaces/daniels-wonderland/agrobot-pipeline/ros2_ws/install/agrobot_msgs/share/agrobot_msgs/cmake/ament_cmake_export_dependencies-extras.cmake
-- Up-to-date: /workspaces/daniels-wonderland/agrobot-pipeline/ros2_ws/install/agrobot_msgs/share/agrobot_msgs/cmake/ament_cmake_export_include_directories-extras.cmake
-- Up-to-date: /workspaces/daniels-wonderland/agrobot-pipeline/ros2_ws/install/agrobot_msgs/share/agrobot_msgs/cmake/ament_cmake_export_libraries-extras.cmake
-- Up-to-date: /workspaces/daniels-wonderland/agrobot-pipeline/ros2_ws/install/agrobot_msgs/share/agrobot_msgs/cmake/ament_cmake_export_targets-extras.cmake
-- Up-to-date: /workspaces/daniels-wonderland/agrobot-pipeline/ros2_ws/install/agrobot_msgs/share/agrobot_msgs/cmake/rosidl_cmake_export_typesupport_targets-extras.cmake
-- Up-to-date: /workspaces/daniels-wonderland/agrobot-pipeline/ros2_ws/install/agrobot_msgs/share/agrobot_msgs/cmake/rosidl_cmake_export_typesupport_libraries-extras.cmake
-- Up-to-date: /workspaces/daniels-wonderland/agrobot-pipeline/ros2_ws/install/agrobot_msgs/share/agrobot_msgs/cmake/agrobot_msgsConfig.cmake
-- Up-to-date: /workspaces/daniels-wonderland/agrobot-pipeline/ros2_ws/install/agrobot_msgs/share/agrobot_msgs/cmake/agrobot_msgsConfig-version.cmake
-- Up-to-date: /workspaces/daniels-wonderland/agrobot-pipeline/ros2_ws/install/agrobot_msgs/share/agrobot_msgs/package.xml
