[0.083s] Invoking command in '/workspaces/daniels-wonderland/agrobot-pipeline/ros2_ws/build/agrobot_msgs': _=/usr/bin/env /usr/bin/cmake --build /workspaces/daniels-wonderland/agrobot-pipeline/ros2_ws/build/agrobot_msgs -- -j8 -l8
[0.145s] -- Found ament_cmake: 1.3.14 (/opt/ros/humble/share/ament_cmake/cmake)
[0.424s] -- Found rosidl_default_generators: 1.2.1 (/opt/ros/humble/share/rosidl_default_generators/cmake)
[0.429s] -- Using all available rosidl_typesupport_c: rosidl_typesupport_fastrtps_c;rosidl_typesupport_introspection_c
[0.440s] -- Found rosidl_adapter: 3.1.8 (/opt/ros/humble/share/rosidl_adapter/cmake)
[0.508s] -- Using all available rosidl_typesupport_cpp: rosidl_typesupport_fastrtps_cpp;rosidl_typesupport_introspection_cpp
[0.567s] -- Found builtin_interfaces: 1.2.2 (/opt/ros/humble/share/builtin_interfaces/cmake)
[1.176s] -- Found ament_cmake_ros: 0.10.0 (/opt/ros/humble/share/ament_cmake_ros/cmake)
[1.580s] -- Using all available rosidl_typesupport_c: rosidl_typesupport_fastrtps_c;rosidl_typesupport_introspection_c
[2.104s] -- Using all available rosidl_typesupport_cpp: rosidl_typesupport_fastrtps_cpp;rosidl_typesupport_introspection_cpp
[2.149s] -- Found python_cmake_module: 0.10.0 (/opt/ros/humble/share/python_cmake_module/cmake)
[2.193s] -- Using PYTHON_EXECUTABLE: /usr/bin/python3
[2.194s] -- Using PYTHON_INCLUDE_DIRS: /usr/include/python3.10
[2.194s] -- Using PYTHON_LIBRARIES: /usr/lib/aarch64-linux-gnu/libpython3.10.so
[2.377s] -- Configuring done
[2.467s] -- Generating done
[2.494s] -- Build files have been written to: /workspaces/daniels-wonderland/agrobot-pipeline/ros2_ws/build/agrobot_msgs
[2.622s] [  2%] [34m[1mGenerating C code for ROS interfaces[0m
[2.708s] [  5%] [34m[1mGenerating C++ code for ROS interfaces[0m
[2.712s] [  7%] [34m[1mGenerating Rust code for ROS interfaces[0m
[2.735s] [  7%] Built target ament_cmake_python_copy_agrobot_msgs
[3.243s] running egg_info
[3.271s] writing agrobot_msgs.egg-info/PKG-INFO
[3.272s] writing dependency_links to agrobot_msgs.egg-info/dependency_links.txt
[3.273s] writing top-level names to agrobot_msgs.egg-info/top_level.txt
[3.365s] reading manifest file 'agrobot_msgs.egg-info/SOURCES.txt'
[3.367s] writing manifest file 'agrobot_msgs.egg-info/SOURCES.txt'
[3.447s] [35m[1mConsolidate compiler generated dependencies of target agrobot_msgs__rosidl_generator_c[0m
[3.452s] [  7%] Built target agrobot_msgs__rs
[3.500s] [  7%] Built target agrobot_msgs__cpp
[3.539s] [  7%] Built target ament_cmake_python_build_agrobot_msgs_egg
[3.549s] [ 10%] [32mBuilding C object CMakeFiles/agrobot_msgs__rosidl_generator_c.dir/rosidl_generator_c/agrobot_msgs/srv/detail/nav_position__functions.c.o[0m
[3.556s] [ 12%] [32mBuilding C object CMakeFiles/agrobot_msgs__rosidl_generator_c.dir/rosidl_generator_c/agrobot_msgs/msg/detail/detection__functions.c.o[0m
[3.605s] [ 15%] [34m[1mGenerating C++ type support for eProsima Fast-RTPS[0m
[3.608s] [ 17%] [34m[1mGenerating C++ introspection for ROS interfaces[0m
[3.613s] [ 20%] [34m[1mGenerating C++ type support dispatch for ROS interfaces[0m
[3.763s] [ 22%] [32m[1mLinking C shared library libagrobot_msgs__rosidl_generator_c.so[0m
[3.903s] [ 22%] Built target agrobot_msgs__rosidl_generator_c
[3.989s] [ 25%] [34m[1mGenerating C type support for eProsima Fast-RTPS[0m
[3.996s] [ 30%] [34m[1mGenerating C type support dispatch for ROS interfaces[0m
[3.996s] [ 30%] [34m[1mGenerating C introspection for ROS interfaces[0m
[4.242s] [35m[1mConsolidate compiler generated dependencies of target agrobot_msgs__rosidl_typesupport_cpp[0m
[4.309s] [35m[1mConsolidate compiler generated dependencies of target agrobot_msgs__rosidl_typesupport_introspection_cpp[0m
[4.348s] [35m[1mConsolidate compiler generated dependencies of target agrobot_msgs__rosidl_typesupport_fastrtps_cpp[0m
[4.353s] [ 32%] [32mBuilding CXX object CMakeFiles/agrobot_msgs__rosidl_typesupport_cpp.dir/rosidl_typesupport_cpp/agrobot_msgs/srv/nav_position__type_support.cpp.o[0m
[4.360s] [ 35%] [32mBuilding CXX object CMakeFiles/agrobot_msgs__rosidl_typesupport_cpp.dir/rosidl_typesupport_cpp/agrobot_msgs/msg/detection__type_support.cpp.o[0m
[4.444s] [ 37%] [32mBuilding CXX object CMakeFiles/agrobot_msgs__rosidl_typesupport_introspection_cpp.dir/rosidl_typesupport_introspection_cpp/agrobot_msgs/srv/detail/nav_position__type_support.cpp.o[0m
[4.450s] [ 40%] [32mBuilding CXX object CMakeFiles/agrobot_msgs__rosidl_typesupport_introspection_cpp.dir/rosidl_typesupport_introspection_cpp/agrobot_msgs/msg/detail/detection__type_support.cpp.o[0m
[4.477s] [ 42%] [32mBuilding CXX object CMakeFiles/agrobot_msgs__rosidl_typesupport_fastrtps_cpp.dir/rosidl_typesupport_fastrtps_cpp/agrobot_msgs/msg/detail/dds_fastrtps/detection__type_support.cpp.o[0m
[4.655s] [35m[1mConsolidate compiler generated dependencies of target agrobot_msgs__rosidl_typesupport_c[0m
[4.773s] [35m[1mConsolidate compiler generated dependencies of target agrobot_msgs__rosidl_typesupport_introspection_c[0m
[4.800s] [35m[1mConsolidate compiler generated dependencies of target agrobot_msgs__rosidl_typesupport_fastrtps_c[0m
[4.809s] [ 45%] [32mBuilding CXX object CMakeFiles/agrobot_msgs__rosidl_typesupport_c.dir/rosidl_typesupport_c/agrobot_msgs/msg/detection__type_support.cpp.o[0m
[4.904s] [ 47%] [32mBuilding C object CMakeFiles/agrobot_msgs__rosidl_typesupport_introspection_c.dir/rosidl_typesupport_introspection_c/agrobot_msgs/msg/detail/detection__type_support.c.o[0m
[4.922s] [ 50%] [32mBuilding CXX object CMakeFiles/agrobot_msgs__rosidl_typesupport_fastrtps_c.dir/rosidl_typesupport_fastrtps_c/agrobot_msgs/msg/detail/detection__type_support_c.cpp.o[0m
[5.004s] [ 52%] [32mBuilding CXX object CMakeFiles/agrobot_msgs__rosidl_typesupport_c.dir/rosidl_typesupport_c/agrobot_msgs/srv/nav_position__type_support.cpp.o[0m
[5.103s] [ 55%] [32mBuilding C object CMakeFiles/agrobot_msgs__rosidl_typesupport_introspection_c.dir/rosidl_typesupport_introspection_c/agrobot_msgs/srv/detail/nav_position__type_support.c.o[0m
[5.130s] [ 57%] [32mBuilding CXX object CMakeFiles/agrobot_msgs__rosidl_typesupport_fastrtps_cpp.dir/rosidl_typesupport_fastrtps_cpp/agrobot_msgs/srv/detail/dds_fastrtps/nav_position__type_support.cpp.o[0m
[5.165s] [ 60%] [32m[1mLinking CXX shared library libagrobot_msgs__rosidl_typesupport_cpp.so[0m
[5.183s] [ 62%] [32m[1mLinking CXX shared library libagrobot_msgs__rosidl_typesupport_c.so[0m
[5.315s] [ 65%] [32m[1mLinking C shared library libagrobot_msgs__rosidl_typesupport_introspection_c.so[0m
[5.375s] [ 65%] Built target agrobot_msgs__rosidl_typesupport_cpp
[5.377s] [ 65%] Built target agrobot_msgs__rosidl_typesupport_c
[5.459s] [ 67%] [32mBuilding CXX object CMakeFiles/agrobot_msgs__rosidl_typesupport_fastrtps_c.dir/rosidl_typesupport_fastrtps_c/agrobot_msgs/srv/detail/nav_position__type_support_c.cpp.o[0m
[5.483s] [ 67%] Built target agrobot_msgs__rosidl_typesupport_introspection_c
[5.513s] [ 70%] [32m[1mLinking CXX shared library libagrobot_msgs__rosidl_typesupport_introspection_cpp.so[0m
[5.721s] [ 70%] Built target agrobot_msgs__rosidl_typesupport_introspection_cpp
[6.241s] [ 72%] [32m[1mLinking CXX shared library libagrobot_msgs__rosidl_typesupport_fastrtps_cpp.so[0m
[6.419s] [ 75%] [32m[1mLinking CXX shared library libagrobot_msgs__rosidl_typesupport_fastrtps_c.so[0m
[6.469s] [ 75%] Built target agrobot_msgs__rosidl_typesupport_fastrtps_cpp
[6.638s] [ 75%] Built target agrobot_msgs__rosidl_typesupport_fastrtps_c
[6.820s] [ 75%] Built target agrobot_msgs
[6.990s] [ 77%] [34m[1mGenerating Python code for ROS interfaces[0m
[8.049s] [ 77%] Built target agrobot_msgs__py
[8.139s] [35m[1mConsolidate compiler generated dependencies of target agrobot_msgs__rosidl_generator_py[0m
[8.236s] [ 80%] [32mBuilding C object CMakeFiles/agrobot_msgs__rosidl_generator_py.dir/rosidl_generator_py/agrobot_msgs/msg/_detection_s.c.o[0m
[8.239s] [ 82%] [32mBuilding C object CMakeFiles/agrobot_msgs__rosidl_generator_py.dir/rosidl_generator_py/agrobot_msgs/srv/_nav_position_s.c.o[0m
[8.541s] [ 85%] [32m[1mLinking C shared library rosidl_generator_py/agrobot_msgs/libagrobot_msgs__rosidl_generator_py.so[0m
[8.693s] [ 85%] Built target agrobot_msgs__rosidl_generator_py
[8.793s] [35m[1mConsolidate compiler generated dependencies of target agrobot_msgs__rosidl_typesupport_fastrtps_c__pyext[0m
[8.793s] [35m[1mConsolidate compiler generated dependencies of target agrobot_msgs__rosidl_typesupport_c__pyext[0m
[8.796s] [35m[1mConsolidate compiler generated dependencies of target agrobot_msgs__rosidl_typesupport_introspection_c__pyext[0m
[8.887s] [ 90%] [32mBuilding C object CMakeFiles/agrobot_msgs__rosidl_typesupport_c__pyext.dir/rosidl_generator_py/agrobot_msgs/_agrobot_msgs_s.ep.rosidl_typesupport_c.c.o[0m
[8.887s] [ 90%] [32mBuilding C object CMakeFiles/agrobot_msgs__rosidl_typesupport_fastrtps_c__pyext.dir/rosidl_generator_py/agrobot_msgs/_agrobot_msgs_s.ep.rosidl_typesupport_fastrtps_c.c.o[0m
[8.888s] [ 92%] [32mBuilding C object CMakeFiles/agrobot_msgs__rosidl_typesupport_introspection_c__pyext.dir/rosidl_generator_py/agrobot_msgs/_agrobot_msgs_s.ep.rosidl_typesupport_introspection_c.c.o[0m
[9.225s] [ 95%] [32m[1mLinking C shared library rosidl_generator_py/agrobot_msgs/agrobot_msgs_s__rosidl_typesupport_introspection_c.cpython-310-aarch64-linux-gnu.so[0m
[9.226s] [ 97%] [32m[1mLinking C shared library rosidl_generator_py/agrobot_msgs/agrobot_msgs_s__rosidl_typesupport_fastrtps_c.cpython-310-aarch64-linux-gnu.so[0m
[9.231s] [100%] [32m[1mLinking C shared library rosidl_generator_py/agrobot_msgs/agrobot_msgs_s__rosidl_typesupport_c.cpython-310-aarch64-linux-gnu.so[0m
[9.382s] [100%] Built target agrobot_msgs__rosidl_typesupport_fastrtps_c__pyext
[9.382s] [100%] Built target agrobot_msgs__rosidl_typesupport_introspection_c__pyext
[9.383s] [100%] Built target agrobot_msgs__rosidl_typesupport_c__pyext
[9.425s] Invoked command in '/workspaces/daniels-wonderland/agrobot-pipeline/ros2_ws/build/agrobot_msgs' returned '0': _=/usr/bin/env /usr/bin/cmake --build /workspaces/daniels-wonderland/agrobot-pipeline/ros2_ws/build/agrobot_msgs -- -j8 -l8
[9.455s] Invoking command in '/workspaces/daniels-wonderland/agrobot-pipeline/ros2_ws/build/agrobot_msgs': _=/usr/bin/env /usr/bin/cmake --install /workspaces/daniels-wonderland/agrobot-pipeline/ros2_ws/build/agrobot_msgs
[9.474s] -- Install configuration: ""
[9.474s] -- Installing: /workspaces/daniels-wonderland/agrobot-pipeline/ros2_ws/install/agrobot_msgs/share/ament_index/resource_index/rosidl_interfaces/agrobot_msgs
[9.475s] -- Up-to-date: /workspaces/daniels-wonderland/agrobot-pipeline/ros2_ws/install/agrobot_msgs/include/agrobot_msgs/agrobot_msgs
[9.475s] -- Up-to-date: /workspaces/daniels-wonderland/agrobot-pipeline/ros2_ws/install/agrobot_msgs/include/agrobot_msgs/agrobot_msgs/msg
[9.475s] -- Installing: /workspaces/daniels-wonderland/agrobot-pipeline/ros2_ws/install/agrobot_msgs/include/agrobot_msgs/agrobot_msgs/msg/detection.h
[9.475s] -- Up-to-date: /workspaces/daniels-wonderland/agrobot-pipeline/ros2_ws/install/agrobot_msgs/include/agrobot_msgs/agrobot_msgs/msg/rosidl_generator_c__visibility_control.h
[9.475s] -- Up-to-date: /workspaces/daniels-wonderland/agrobot-pipeline/ros2_ws/install/agrobot_msgs/include/agrobot_msgs/agrobot_msgs/msg/detail
[9.475s] -- Installing: /workspaces/daniels-wonderland/agrobot-pipeline/ros2_ws/install/agrobot_msgs/include/agrobot_msgs/agrobot_msgs/msg/detail/detection__struct.h
[9.476s] -- Installing: /workspaces/daniels-wonderland/agrobot-pipeline/ros2_ws/install/agrobot_msgs/include/agrobot_msgs/agrobot_msgs/msg/detail/detection__functions.c
[9.476s] -- Installing: /workspaces/daniels-wonderland/agrobot-pipeline/ros2_ws/install/agrobot_msgs/include/agrobot_msgs/agrobot_msgs/msg/detail/detection__functions.h
[9.476s] -- Installing: /workspaces/daniels-wonderland/agrobot-pipeline/ros2_ws/install/agrobot_msgs/include/agrobot_msgs/agrobot_msgs/msg/detail/detection__type_support.h
[9.476s] -- Installing: /workspaces/daniels-wonderland/agrobot-pipeline/ros2_ws/install/agrobot_msgs/include/agrobot_msgs/agrobot_msgs/srv
[9.477s] -- Installing: /workspaces/daniels-wonderland/agrobot-pipeline/ros2_ws/install/agrobot_msgs/include/agrobot_msgs/agrobot_msgs/srv/nav_position.h
[9.477s] -- Installing: /workspaces/daniels-wonderland/agrobot-pipeline/ros2_ws/install/agrobot_msgs/include/agrobot_msgs/agrobot_msgs/srv/detail
[9.477s] -- Installing: /workspaces/daniels-wonderland/agrobot-pipeline/ros2_ws/install/agrobot_msgs/include/agrobot_msgs/agrobot_msgs/srv/detail/nav_position__struct.h
[9.477s] -- Installing: /workspaces/daniels-wonderland/agrobot-pipeline/ros2_ws/install/agrobot_msgs/include/agrobot_msgs/agrobot_msgs/srv/detail/nav_position__type_support.h
[9.478s] -- Installing: /workspaces/daniels-wonderland/agrobot-pipeline/ros2_ws/install/agrobot_msgs/include/agrobot_msgs/agrobot_msgs/srv/detail/nav_position__functions.h
[9.478s] -- Installing: /workspaces/daniels-wonderland/agrobot-pipeline/ros2_ws/install/agrobot_msgs/include/agrobot_msgs/agrobot_msgs/srv/detail/nav_position__functions.c
[9.478s] -- Up-to-date: /workspaces/daniels-wonderland/agrobot-pipeline/ros2_ws/install/agrobot_msgs/share/agrobot_msgs/environment/library_path.sh
[9.478s] -- Installing: /workspaces/daniels-wonderland/agrobot-pipeline/ros2_ws/install/agrobot_msgs/share/agrobot_msgs/environment/library_path.dsv
[9.479s] -- Installing: /workspaces/daniels-wonderland/agrobot-pipeline/ros2_ws/install/agrobot_msgs/lib/libagrobot_msgs__rosidl_generator_c.so
[9.480s] -- Set runtime path of "/workspaces/daniels-wonderland/agrobot-pipeline/ros2_ws/install/agrobot_msgs/lib/libagrobot_msgs__rosidl_generator_c.so" to ""
[9.480s] -- Up-to-date: /workspaces/daniels-wonderland/agrobot-pipeline/ros2_ws/install/agrobot_msgs/include/agrobot_msgs/agrobot_msgs
[9.480s] -- Up-to-date: /workspaces/daniels-wonderland/agrobot-pipeline/ros2_ws/install/agrobot_msgs/include/agrobot_msgs/agrobot_msgs/msg
[9.480s] -- Up-to-date: /workspaces/daniels-wonderland/agrobot-pipeline/ros2_ws/install/agrobot_msgs/include/agrobot_msgs/agrobot_msgs/msg/rosidl_typesupport_fastrtps_c__visibility_control.h
[9.480s] -- Up-to-date: /workspaces/daniels-wonderland/agrobot-pipeline/ros2_ws/install/agrobot_msgs/include/agrobot_msgs/agrobot_msgs/msg/detail
[9.481s] -- Installing: /workspaces/daniels-wonderland/agrobot-pipeline/ros2_ws/install/agrobot_msgs/include/agrobot_msgs/agrobot_msgs/msg/detail/detection__rosidl_typesupport_fastrtps_c.h
[9.481s] -- Up-to-date: /workspaces/daniels-wonderland/agrobot-pipeline/ros2_ws/install/agrobot_msgs/include/agrobot_msgs/agrobot_msgs/srv
[9.481s] -- Up-to-date: /workspaces/daniels-wonderland/agrobot-pipeline/ros2_ws/install/agrobot_msgs/include/agrobot_msgs/agrobot_msgs/srv/detail
[9.481s] -- Installing: /workspaces/daniels-wonderland/agrobot-pipeline/ros2_ws/install/agrobot_msgs/include/agrobot_msgs/agrobot_msgs/srv/detail/nav_position__rosidl_typesupport_fastrtps_c.h
[9.481s] -- Installing: /workspaces/daniels-wonderland/agrobot-pipeline/ros2_ws/install/agrobot_msgs/lib/libagrobot_msgs__rosidl_typesupport_fastrtps_c.so
[9.482s] -- Set runtime path of "/workspaces/daniels-wonderland/agrobot-pipeline/ros2_ws/install/agrobot_msgs/lib/libagrobot_msgs__rosidl_typesupport_fastrtps_c.so" to ""
[9.483s] -- Up-to-date: /workspaces/daniels-wonderland/agrobot-pipeline/ros2_ws/install/agrobot_msgs/include/agrobot_msgs/agrobot_msgs
[9.483s] -- Up-to-date: /workspaces/daniels-wonderland/agrobot-pipeline/ros2_ws/install/agrobot_msgs/include/agrobot_msgs/agrobot_msgs/msg
[9.483s] -- Up-to-date: /workspaces/daniels-wonderland/agrobot-pipeline/ros2_ws/install/agrobot_msgs/include/agrobot_msgs/agrobot_msgs/msg/rosidl_typesupport_introspection_c__visibility_control.h
[9.483s] -- Up-to-date: /workspaces/daniels-wonderland/agrobot-pipeline/ros2_ws/install/agrobot_msgs/include/agrobot_msgs/agrobot_msgs/msg/detail
[9.483s] -- Installing: /workspaces/daniels-wonderland/agrobot-pipeline/ros2_ws/install/agrobot_msgs/include/agrobot_msgs/agrobot_msgs/msg/detail/detection__rosidl_typesupport_introspection_c.h
[9.483s] -- Installing: /workspaces/daniels-wonderland/agrobot-pipeline/ros2_ws/install/agrobot_msgs/include/agrobot_msgs/agrobot_msgs/msg/detail/detection__type_support.c
[9.484s] -- Up-to-date: /workspaces/daniels-wonderland/agrobot-pipeline/ros2_ws/install/agrobot_msgs/include/agrobot_msgs/agrobot_msgs/srv
[9.484s] -- Up-to-date: /workspaces/daniels-wonderland/agrobot-pipeline/ros2_ws/install/agrobot_msgs/include/agrobot_msgs/agrobot_msgs/srv/detail
[9.484s] -- Installing: /workspaces/daniels-wonderland/agrobot-pipeline/ros2_ws/install/agrobot_msgs/include/agrobot_msgs/agrobot_msgs/srv/detail/nav_position__rosidl_typesupport_introspection_c.h
[9.484s] -- Installing: /workspaces/daniels-wonderland/agrobot-pipeline/ros2_ws/install/agrobot_msgs/include/agrobot_msgs/agrobot_msgs/srv/detail/nav_position__type_support.c
[9.484s] -- Installing: /workspaces/daniels-wonderland/agrobot-pipeline/ros2_ws/install/agrobot_msgs/lib/libagrobot_msgs__rosidl_typesupport_introspection_c.so
[9.485s] -- Set runtime path of "/workspaces/daniels-wonderland/agrobot-pipeline/ros2_ws/install/agrobot_msgs/lib/libagrobot_msgs__rosidl_typesupport_introspection_c.so" to ""
[9.485s] -- Installing: /workspaces/daniels-wonderland/agrobot-pipeline/ros2_ws/install/agrobot_msgs/lib/libagrobot_msgs__rosidl_typesupport_c.so
[9.486s] -- Set runtime path of "/workspaces/daniels-wonderland/agrobot-pipeline/ros2_ws/install/agrobot_msgs/lib/libagrobot_msgs__rosidl_typesupport_c.so" to ""
[9.486s] -- Up-to-date: /workspaces/daniels-wonderland/agrobot-pipeline/ros2_ws/install/agrobot_msgs/include/agrobot_msgs/agrobot_msgs
[9.486s] -- Up-to-date: /workspaces/daniels-wonderland/agrobot-pipeline/ros2_ws/install/agrobot_msgs/include/agrobot_msgs/agrobot_msgs/msg
[9.486s] -- Installing: /workspaces/daniels-wonderland/agrobot-pipeline/ros2_ws/install/agrobot_msgs/include/agrobot_msgs/agrobot_msgs/msg/detection.hpp
[9.486s] -- Up-to-date: /workspaces/daniels-wonderland/agrobot-pipeline/ros2_ws/install/agrobot_msgs/include/agrobot_msgs/agrobot_msgs/msg/detail
[9.486s] -- Installing: /workspaces/daniels-wonderland/agrobot-pipeline/ros2_ws/install/agrobot_msgs/include/agrobot_msgs/agrobot_msgs/msg/detail/detection__builder.hpp
[9.487s] -- Installing: /workspaces/daniels-wonderland/agrobot-pipeline/ros2_ws/install/agrobot_msgs/include/agrobot_msgs/agrobot_msgs/msg/detail/detection__struct.hpp
[9.487s] -- Installing: /workspaces/daniels-wonderland/agrobot-pipeline/ros2_ws/install/agrobot_msgs/include/agrobot_msgs/agrobot_msgs/msg/detail/detection__traits.hpp
[9.487s] -- Installing: /workspaces/daniels-wonderland/agrobot-pipeline/ros2_ws/install/agrobot_msgs/include/agrobot_msgs/agrobot_msgs/msg/detail/detection__type_support.hpp
[9.487s] -- Up-to-date: /workspaces/daniels-wonderland/agrobot-pipeline/ros2_ws/install/agrobot_msgs/include/agrobot_msgs/agrobot_msgs/msg/rosidl_generator_cpp__visibility_control.hpp
[9.488s] -- Up-to-date: /workspaces/daniels-wonderland/agrobot-pipeline/ros2_ws/install/agrobot_msgs/include/agrobot_msgs/agrobot_msgs/srv
[9.488s] -- Up-to-date: /workspaces/daniels-wonderland/agrobot-pipeline/ros2_ws/install/agrobot_msgs/include/agrobot_msgs/agrobot_msgs/srv/detail
[9.488s] -- Installing: /workspaces/daniels-wonderland/agrobot-pipeline/ros2_ws/install/agrobot_msgs/include/agrobot_msgs/agrobot_msgs/srv/detail/nav_position__struct.hpp
[9.488s] -- Installing: /workspaces/daniels-wonderland/agrobot-pipeline/ros2_ws/install/agrobot_msgs/include/agrobot_msgs/agrobot_msgs/srv/detail/nav_position__builder.hpp
[9.488s] -- Installing: /workspaces/daniels-wonderland/agrobot-pipeline/ros2_ws/install/agrobot_msgs/include/agrobot_msgs/agrobot_msgs/srv/detail/nav_position__traits.hpp
[9.488s] -- Installing: /workspaces/daniels-wonderland/agrobot-pipeline/ros2_ws/install/agrobot_msgs/include/agrobot_msgs/agrobot_msgs/srv/detail/nav_position__type_support.hpp
[9.489s] -- Installing: /workspaces/daniels-wonderland/agrobot-pipeline/ros2_ws/install/agrobot_msgs/include/agrobot_msgs/agrobot_msgs/srv/nav_position.hpp
[9.489s] -- Up-to-date: /workspaces/daniels-wonderland/agrobot-pipeline/ros2_ws/install/agrobot_msgs/include/agrobot_msgs/agrobot_msgs
[9.489s] -- Up-to-date: /workspaces/daniels-wonderland/agrobot-pipeline/ros2_ws/install/agrobot_msgs/include/agrobot_msgs/agrobot_msgs/msg
[9.489s] -- Up-to-date: /workspaces/daniels-wonderland/agrobot-pipeline/ros2_ws/install/agrobot_msgs/include/agrobot_msgs/agrobot_msgs/msg/detail
[9.489s] -- Up-to-date: /workspaces/daniels-wonderland/agrobot-pipeline/ros2_ws/install/agrobot_msgs/include/agrobot_msgs/agrobot_msgs/msg/detail/dds_fastrtps
[9.490s] -- Installing: /workspaces/daniels-wonderland/agrobot-pipeline/ros2_ws/install/agrobot_msgs/include/agrobot_msgs/agrobot_msgs/msg/detail/detection__rosidl_typesupport_fastrtps_cpp.hpp
[9.490s] -- Up-to-date: /workspaces/daniels-wonderland/agrobot-pipeline/ros2_ws/install/agrobot_msgs/include/agrobot_msgs/agrobot_msgs/msg/rosidl_typesupport_fastrtps_cpp__visibility_control.h
[9.490s] -- Up-to-date: /workspaces/daniels-wonderland/agrobot-pipeline/ros2_ws/install/agrobot_msgs/include/agrobot_msgs/agrobot_msgs/srv
[9.490s] -- Up-to-date: /workspaces/daniels-wonderland/agrobot-pipeline/ros2_ws/install/agrobot_msgs/include/agrobot_msgs/agrobot_msgs/srv/detail
[9.490s] -- Installing: /workspaces/daniels-wonderland/agrobot-pipeline/ros2_ws/install/agrobot_msgs/include/agrobot_msgs/agrobot_msgs/srv/detail/dds_fastrtps
[9.490s] -- Installing: /workspaces/daniels-wonderland/agrobot-pipeline/ros2_ws/install/agrobot_msgs/include/agrobot_msgs/agrobot_msgs/srv/detail/nav_position__rosidl_typesupport_fastrtps_cpp.hpp
[9.491s] -- Installing: /workspaces/daniels-wonderland/agrobot-pipeline/ros2_ws/install/agrobot_msgs/lib/libagrobot_msgs__rosidl_typesupport_fastrtps_cpp.so
[9.491s] -- Set runtime path of "/workspaces/daniels-wonderland/agrobot-pipeline/ros2_ws/install/agrobot_msgs/lib/libagrobot_msgs__rosidl_typesupport_fastrtps_cpp.so" to ""
[9.491s] -- Up-to-date: /workspaces/daniels-wonderland/agrobot-pipeline/ros2_ws/install/agrobot_msgs/include/agrobot_msgs/agrobot_msgs
[9.491s] -- Up-to-date: /workspaces/daniels-wonderland/agrobot-pipeline/ros2_ws/install/agrobot_msgs/include/agrobot_msgs/agrobot_msgs/msg
[9.492s] -- Up-to-date: /workspaces/daniels-wonderland/agrobot-pipeline/ros2_ws/install/agrobot_msgs/include/agrobot_msgs/agrobot_msgs/msg/detail
[9.492s] -- Installing: /workspaces/daniels-wonderland/agrobot-pipeline/ros2_ws/install/agrobot_msgs/include/agrobot_msgs/agrobot_msgs/msg/detail/detection__rosidl_typesupport_introspection_cpp.hpp
[9.492s] -- Installing: /workspaces/daniels-wonderland/agrobot-pipeline/ros2_ws/install/agrobot_msgs/include/agrobot_msgs/agrobot_msgs/msg/detail/detection__type_support.cpp
[9.492s] -- Up-to-date: /workspaces/daniels-wonderland/agrobot-pipeline/ros2_ws/install/agrobot_msgs/include/agrobot_msgs/agrobot_msgs/srv
[9.492s] -- Up-to-date: /workspaces/daniels-wonderland/agrobot-pipeline/ros2_ws/install/agrobot_msgs/include/agrobot_msgs/agrobot_msgs/srv/detail
[9.492s] -- Installing: /workspaces/daniels-wonderland/agrobot-pipeline/ros2_ws/install/agrobot_msgs/include/agrobot_msgs/agrobot_msgs/srv/detail/nav_position__rosidl_typesupport_introspection_cpp.hpp
[9.493s] -- Installing: /workspaces/daniels-wonderland/agrobot-pipeline/ros2_ws/install/agrobot_msgs/include/agrobot_msgs/agrobot_msgs/srv/detail/nav_position__type_support.cpp
[9.493s] -- Installing: /workspaces/daniels-wonderland/agrobot-pipeline/ros2_ws/install/agrobot_msgs/lib/libagrobot_msgs__rosidl_typesupport_introspection_cpp.so
[9.494s] -- Set runtime path of "/workspaces/daniels-wonderland/agrobot-pipeline/ros2_ws/install/agrobot_msgs/lib/libagrobot_msgs__rosidl_typesupport_introspection_cpp.so" to ""
[9.494s] -- Installing: /workspaces/daniels-wonderland/agrobot-pipeline/ros2_ws/install/agrobot_msgs/lib/libagrobot_msgs__rosidl_typesupport_cpp.so
[9.495s] -- Set runtime path of "/workspaces/daniels-wonderland/agrobot-pipeline/ros2_ws/install/agrobot_msgs/lib/libagrobot_msgs__rosidl_typesupport_cpp.so" to ""
[9.495s] -- Up-to-date: /workspaces/daniels-wonderland/agrobot-pipeline/ros2_ws/install/agrobot_msgs/share/agrobot_msgs/environment/pythonpath.sh
[9.495s] -- Installing: /workspaces/daniels-wonderland/agrobot-pipeline/ros2_ws/install/agrobot_msgs/share/agrobot_msgs/environment/pythonpath.dsv
[9.495s] -- Up-to-date: /workspaces/daniels-wonderland/agrobot-pipeline/ros2_ws/install/agrobot_msgs/local/lib/python3.10/dist-packages/agrobot_msgs-0.0.1-py3.10.egg-info
[9.495s] -- Installing: /workspaces/daniels-wonderland/agrobot-pipeline/ros2_ws/install/agrobot_msgs/local/lib/python3.10/dist-packages/agrobot_msgs-0.0.1-py3.10.egg-info/top_level.txt
[9.496s] -- Installing: /workspaces/daniels-wonderland/agrobot-pipeline/ros2_ws/install/agrobot_msgs/local/lib/python3.10/dist-packages/agrobot_msgs-0.0.1-py3.10.egg-info/dependency_links.txt
[9.496s] -- Installing: /workspaces/daniels-wonderland/agrobot-pipeline/ros2_ws/install/agrobot_msgs/local/lib/python3.10/dist-packages/agrobot_msgs-0.0.1-py3.10.egg-info/SOURCES.txt
[9.496s] -- Installing: /workspaces/daniels-wonderland/agrobot-pipeline/ros2_ws/install/agrobot_msgs/local/lib/python3.10/dist-packages/agrobot_msgs-0.0.1-py3.10.egg-info/PKG-INFO
[9.496s] -- Up-to-date: /workspaces/daniels-wonderland/agrobot-pipeline/ros2_ws/install/agrobot_msgs/local/lib/python3.10/dist-packages/agrobot_msgs
[9.497s] -- Installing: /workspaces/daniels-wonderland/agrobot-pipeline/ros2_ws/install/agrobot_msgs/local/lib/python3.10/dist-packages/agrobot_msgs/_agrobot_msgs_s.ep.rosidl_typesupport_introspection_c.c
[9.497s] -- Installing: /workspaces/daniels-wonderland/agrobot-pipeline/ros2_ws/install/agrobot_msgs/local/lib/python3.10/dist-packages/agrobot_msgs/libagrobot_msgs__rosidl_generator_py.so
[9.497s] -- Installing: /workspaces/daniels-wonderland/agrobot-pipeline/ros2_ws/install/agrobot_msgs/local/lib/python3.10/dist-packages/agrobot_msgs/agrobot_msgs_s__rosidl_typesupport_fastrtps_c.cpython-310-aarch64-linux-gnu.so
[9.497s] -- Installing: /workspaces/daniels-wonderland/agrobot-pipeline/ros2_ws/install/agrobot_msgs/local/lib/python3.10/dist-packages/agrobot_msgs/agrobot_msgs_s__rosidl_typesupport_introspection_c.cpython-310-aarch64-linux-gnu.so
[9.498s] -- Installing: /workspaces/daniels-wonderland/agrobot-pipeline/ros2_ws/install/agrobot_msgs/local/lib/python3.10/dist-packages/agrobot_msgs/_agrobot_msgs_s.ep.rosidl_typesupport_fastrtps_c.c
[9.498s] -- Installing: /workspaces/daniels-wonderland/agrobot-pipeline/ros2_ws/install/agrobot_msgs/local/lib/python3.10/dist-packages/agrobot_msgs/__init__.py
[9.498s] -- Installing: /workspaces/daniels-wonderland/agrobot-pipeline/ros2_ws/install/agrobot_msgs/local/lib/python3.10/dist-packages/agrobot_msgs/_agrobot_msgs_s.ep.rosidl_typesupport_c.c
[9.499s] -- Installing: /workspaces/daniels-wonderland/agrobot-pipeline/ros2_ws/install/agrobot_msgs/local/lib/python3.10/dist-packages/agrobot_msgs/agrobot_msgs_s__rosidl_typesupport_c.cpython-310-aarch64-linux-gnu.so
[9.499s] -- Up-to-date: /workspaces/daniels-wonderland/agrobot-pipeline/ros2_ws/install/agrobot_msgs/local/lib/python3.10/dist-packages/agrobot_msgs/msg
[9.499s] -- Installing: /workspaces/daniels-wonderland/agrobot-pipeline/ros2_ws/install/agrobot_msgs/local/lib/python3.10/dist-packages/agrobot_msgs/msg/_detection_s.c
[9.499s] -- Installing: /workspaces/daniels-wonderland/agrobot-pipeline/ros2_ws/install/agrobot_msgs/local/lib/python3.10/dist-packages/agrobot_msgs/msg/_detection.py
[9.500s] -- Installing: /workspaces/daniels-wonderland/agrobot-pipeline/ros2_ws/install/agrobot_msgs/local/lib/python3.10/dist-packages/agrobot_msgs/msg/__init__.py
[9.500s] -- Installing: /workspaces/daniels-wonderland/agrobot-pipeline/ros2_ws/install/agrobot_msgs/local/lib/python3.10/dist-packages/agrobot_msgs/srv
[9.500s] -- Installing: /workspaces/daniels-wonderland/agrobot-pipeline/ros2_ws/install/agrobot_msgs/local/lib/python3.10/dist-packages/agrobot_msgs/srv/_nav_position.py
[9.500s] -- Installing: /workspaces/daniels-wonderland/agrobot-pipeline/ros2_ws/install/agrobot_msgs/local/lib/python3.10/dist-packages/agrobot_msgs/srv/_nav_position_s.c
[9.501s] -- Installing: /workspaces/daniels-wonderland/agrobot-pipeline/ros2_ws/install/agrobot_msgs/local/lib/python3.10/dist-packages/agrobot_msgs/srv/__init__.py
[9.586s] Listing '/workspaces/daniels-wonderland/agrobot-pipeline/ros2_ws/install/agrobot_msgs/local/lib/python3.10/dist-packages/agrobot_msgs'...
[9.586s] Compiling '/workspaces/daniels-wonderland/agrobot-pipeline/ros2_ws/install/agrobot_msgs/local/lib/python3.10/dist-packages/agrobot_msgs/__init__.py'...
[9.586s] Listing '/workspaces/daniels-wonderland/agrobot-pipeline/ros2_ws/install/agrobot_msgs/local/lib/python3.10/dist-packages/agrobot_msgs/msg'...
[9.587s] Compiling '/workspaces/daniels-wonderland/agrobot-pipeline/ros2_ws/install/agrobot_msgs/local/lib/python3.10/dist-packages/agrobot_msgs/msg/__init__.py'...
[9.587s] Compiling '/workspaces/daniels-wonderland/agrobot-pipeline/ros2_ws/install/agrobot_msgs/local/lib/python3.10/dist-packages/agrobot_msgs/msg/_detection.py'...
[9.587s] Listing '/workspaces/daniels-wonderland/agrobot-pipeline/ros2_ws/install/agrobot_msgs/local/lib/python3.10/dist-packages/agrobot_msgs/srv'...
[9.587s] Compiling '/workspaces/daniels-wonderland/agrobot-pipeline/ros2_ws/install/agrobot_msgs/local/lib/python3.10/dist-packages/agrobot_msgs/srv/__init__.py'...
[9.587s] Compiling '/workspaces/daniels-wonderland/agrobot-pipeline/ros2_ws/install/agrobot_msgs/local/lib/python3.10/dist-packages/agrobot_msgs/srv/_nav_position.py'...
[9.602s] -- Installing: /workspaces/daniels-wonderland/agrobot-pipeline/ros2_ws/install/agrobot_msgs/local/lib/python3.10/dist-packages/agrobot_msgs/agrobot_msgs_s__rosidl_typesupport_fastrtps_c.cpython-310-aarch64-linux-gnu.so
[9.602s] -- Set runtime path of "/workspaces/daniels-wonderland/agrobot-pipeline/ros2_ws/install/agrobot_msgs/local/lib/python3.10/dist-packages/agrobot_msgs/agrobot_msgs_s__rosidl_typesupport_fastrtps_c.cpython-310-aarch64-linux-gnu.so" to ""
[9.603s] -- Installing: /workspaces/daniels-wonderland/agrobot-pipeline/ros2_ws/install/agrobot_msgs/local/lib/python3.10/dist-packages/agrobot_msgs/agrobot_msgs_s__rosidl_typesupport_introspection_c.cpython-310-aarch64-linux-gnu.so
[9.603s] -- Set runtime path of "/workspaces/daniels-wonderland/agrobot-pipeline/ros2_ws/install/agrobot_msgs/local/lib/python3.10/dist-packages/agrobot_msgs/agrobot_msgs_s__rosidl_typesupport_introspection_c.cpython-310-aarch64-linux-gnu.so" to ""
[9.604s] -- Installing: /workspaces/daniels-wonderland/agrobot-pipeline/ros2_ws/install/agrobot_msgs/local/lib/python3.10/dist-packages/agrobot_msgs/agrobot_msgs_s__rosidl_typesupport_c.cpython-310-aarch64-linux-gnu.so
[9.605s] -- Set runtime path of "/workspaces/daniels-wonderland/agrobot-pipeline/ros2_ws/install/agrobot_msgs/local/lib/python3.10/dist-packages/agrobot_msgs/agrobot_msgs_s__rosidl_typesupport_c.cpython-310-aarch64-linux-gnu.so" to ""
[9.605s] -- Installing: /workspaces/daniels-wonderland/agrobot-pipeline/ros2_ws/install/agrobot_msgs/lib/libagrobot_msgs__rosidl_generator_py.so
[9.606s] -- Set runtime path of "/workspaces/daniels-wonderland/agrobot-pipeline/ros2_ws/install/agrobot_msgs/lib/libagrobot_msgs__rosidl_generator_py.so" to ""
[9.606s] -- Up-to-date: /workspaces/daniels-wonderland/agrobot-pipeline/ros2_ws/install/agrobot_msgs/share/ament_index/resource_index/rust_packages/agrobot_msgs
[9.606s] -- Up-to-date: /workspaces/daniels-wonderland/agrobot-pipeline/ros2_ws/install/agrobot_msgs/share/agrobot_msgs/rust
[9.607s] -- Installing: /workspaces/daniels-wonderland/agrobot-pipeline/ros2_ws/install/agrobot_msgs/share/agrobot_msgs/rust/build.rs
[9.607s] -- Installing: /workspaces/daniels-wonderland/agrobot-pipeline/ros2_ws/install/agrobot_msgs/share/agrobot_msgs/rust/Cargo.toml
[9.607s] -- Up-to-date: /workspaces/daniels-wonderland/agrobot-pipeline/ros2_ws/install/agrobot_msgs/share/agrobot_msgs/rust/src
[9.607s] -- Installing: /workspaces/daniels-wonderland/agrobot-pipeline/ros2_ws/install/agrobot_msgs/share/agrobot_msgs/rust/src/srv.rs
[9.608s] -- Installing: /workspaces/daniels-wonderland/agrobot-pipeline/ros2_ws/install/agrobot_msgs/share/agrobot_msgs/rust/src/msg.rs
[9.608s] -- Installing: /workspaces/daniels-wonderland/agrobot-pipeline/ros2_ws/install/agrobot_msgs/share/agrobot_msgs/rust/src/lib.rs
[9.608s] -- Up-to-date: /workspaces/daniels-wonderland/agrobot-pipeline/ros2_ws/install/agrobot_msgs/share/agrobot_msgs/rust/src/msg
[9.608s] -- Installing: /workspaces/daniels-wonderland/agrobot-pipeline/ros2_ws/install/agrobot_msgs/share/agrobot_msgs/rust/src/msg/rmw.rs
[9.609s] -- Installing: /workspaces/daniels-wonderland/agrobot-pipeline/ros2_ws/install/agrobot_msgs/share/agrobot_msgs/rust/src/srv
[9.609s] -- Installing: /workspaces/daniels-wonderland/agrobot-pipeline/ros2_ws/install/agrobot_msgs/share/agrobot_msgs/rust/src/srv/rmw.rs
[9.609s] -- Up-to-date: /workspaces/daniels-wonderland/agrobot-pipeline/ros2_ws/install/agrobot_msgs/share/agrobot_msgs/msg/Detection.idl
[9.609s] -- Installing: /workspaces/daniels-wonderland/agrobot-pipeline/ros2_ws/install/agrobot_msgs/share/agrobot_msgs/srv/NavPosition.idl
[9.609s] -- Up-to-date: /workspaces/daniels-wonderland/agrobot-pipeline/ros2_ws/install/agrobot_msgs/share/agrobot_msgs/msg/Detection.msg
[9.610s] -- Installing: /workspaces/daniels-wonderland/agrobot-pipeline/ros2_ws/install/agrobot_msgs/share/agrobot_msgs/srv/NavPosition.srv
[9.610s] -- Installing: /workspaces/daniels-wonderland/agrobot-pipeline/ros2_ws/install/agrobot_msgs/share/agrobot_msgs/srv/NavPosition_Request.msg
[9.610s] -- Installing: /workspaces/daniels-wonderland/agrobot-pipeline/ros2_ws/install/agrobot_msgs/share/agrobot_msgs/srv/NavPosition_Response.msg
[9.610s] -- Up-to-date: /workspaces/daniels-wonderland/agrobot-pipeline/ros2_ws/install/agrobot_msgs/share/ament_index/resource_index/package_run_dependencies/agrobot_msgs
[9.611s] -- Up-to-date: /workspaces/daniels-wonderland/agrobot-pipeline/ros2_ws/install/agrobot_msgs/share/ament_index/resource_index/parent_prefix_path/agrobot_msgs
[9.611s] -- Up-to-date: /workspaces/daniels-wonderland/agrobot-pipeline/ros2_ws/install/agrobot_msgs/share/agrobot_msgs/environment/ament_prefix_path.sh
[9.611s] -- Installing: /workspaces/daniels-wonderland/agrobot-pipeline/ros2_ws/install/agrobot_msgs/share/agrobot_msgs/environment/ament_prefix_path.dsv
[9.611s] -- Up-to-date: /workspaces/daniels-wonderland/agrobot-pipeline/ros2_ws/install/agrobot_msgs/share/agrobot_msgs/environment/path.sh
[9.612s] -- Installing: /workspaces/daniels-wonderland/agrobot-pipeline/ros2_ws/install/agrobot_msgs/share/agrobot_msgs/environment/path.dsv
[9.612s] -- Up-to-date: /workspaces/daniels-wonderland/agrobot-pipeline/ros2_ws/install/agrobot_msgs/share/agrobot_msgs/local_setup.bash
[9.612s] -- Up-to-date: /workspaces/daniels-wonderland/agrobot-pipeline/ros2_ws/install/agrobot_msgs/share/agrobot_msgs/local_setup.sh
[9.612s] -- Up-to-date: /workspaces/daniels-wonderland/agrobot-pipeline/ros2_ws/install/agrobot_msgs/share/agrobot_msgs/local_setup.zsh
[9.613s] -- Installing: /workspaces/daniels-wonderland/agrobot-pipeline/ros2_ws/install/agrobot_msgs/share/agrobot_msgs/local_setup.dsv
[9.613s] -- Installing: /workspaces/daniels-wonderland/agrobot-pipeline/ros2_ws/install/agrobot_msgs/share/agrobot_msgs/package.dsv
[9.613s] -- Up-to-date: /workspaces/daniels-wonderland/agrobot-pipeline/ros2_ws/install/agrobot_msgs/share/ament_index/resource_index/packages/agrobot_msgs
[9.613s] -- Up-to-date: /workspaces/daniels-wonderland/agrobot-pipeline/ros2_ws/install/agrobot_msgs/share/agrobot_msgs/cmake/export_agrobot_msgs__rosidl_generator_cExport.cmake
[9.614s] -- Up-to-date: /workspaces/daniels-wonderland/agrobot-pipeline/ros2_ws/install/agrobot_msgs/share/agrobot_msgs/cmake/export_agrobot_msgs__rosidl_generator_cExport-noconfig.cmake
[9.614s] -- Up-to-date: /workspaces/daniels-wonderland/agrobot-pipeline/ros2_ws/install/agrobot_msgs/share/agrobot_msgs/cmake/export_agrobot_msgs__rosidl_typesupport_fastrtps_cExport.cmake
[9.614s] -- Up-to-date: /workspaces/daniels-wonderland/agrobot-pipeline/ros2_ws/install/agrobot_msgs/share/agrobot_msgs/cmake/export_agrobot_msgs__rosidl_typesupport_fastrtps_cExport-noconfig.cmake
[9.614s] -- Up-to-date: /workspaces/daniels-wonderland/agrobot-pipeline/ros2_ws/install/agrobot_msgs/share/agrobot_msgs/cmake/agrobot_msgs__rosidl_typesupport_introspection_cExport.cmake
[9.615s] -- Up-to-date: /workspaces/daniels-wonderland/agrobot-pipeline/ros2_ws/install/agrobot_msgs/share/agrobot_msgs/cmake/agrobot_msgs__rosidl_typesupport_introspection_cExport-noconfig.cmake
[9.627s] -- Up-to-date: /workspaces/daniels-wonderland/agrobot-pipeline/ros2_ws/install/agrobot_msgs/share/agrobot_msgs/cmake/agrobot_msgs__rosidl_typesupport_cExport.cmake
[9.628s] -- Up-to-date: /workspaces/daniels-wonderland/agrobot-pipeline/ros2_ws/install/agrobot_msgs/share/agrobot_msgs/cmake/agrobot_msgs__rosidl_typesupport_cExport-noconfig.cmake
[9.628s] -- Up-to-date: /workspaces/daniels-wonderland/agrobot-pipeline/ros2_ws/install/agrobot_msgs/share/agrobot_msgs/cmake/export_agrobot_msgs__rosidl_generator_cppExport.cmake
[9.629s] -- Up-to-date: /workspaces/daniels-wonderland/agrobot-pipeline/ros2_ws/install/agrobot_msgs/share/agrobot_msgs/cmake/export_agrobot_msgs__rosidl_typesupport_fastrtps_cppExport.cmake
[9.629s] -- Up-to-date: /workspaces/daniels-wonderland/agrobot-pipeline/ros2_ws/install/agrobot_msgs/share/agrobot_msgs/cmake/export_agrobot_msgs__rosidl_typesupport_fastrtps_cppExport-noconfig.cmake
[9.629s] -- Up-to-date: /workspaces/daniels-wonderland/agrobot-pipeline/ros2_ws/install/agrobot_msgs/share/agrobot_msgs/cmake/agrobot_msgs__rosidl_typesupport_introspection_cppExport.cmake
[9.630s] -- Up-to-date: /workspaces/daniels-wonderland/agrobot-pipeline/ros2_ws/install/agrobot_msgs/share/agrobot_msgs/cmake/agrobot_msgs__rosidl_typesupport_introspection_cppExport-noconfig.cmake
[9.631s] -- Up-to-date: /workspaces/daniels-wonderland/agrobot-pipeline/ros2_ws/install/agrobot_msgs/share/agrobot_msgs/cmake/agrobot_msgs__rosidl_typesupport_cppExport.cmake
[9.640s] -- Up-to-date: /workspaces/daniels-wonderland/agrobot-pipeline/ros2_ws/install/agrobot_msgs/share/agrobot_msgs/cmake/agrobot_msgs__rosidl_typesupport_cppExport-noconfig.cmake
[9.640s] -- Up-to-date: /workspaces/daniels-wonderland/agrobot-pipeline/ros2_ws/install/agrobot_msgs/share/agrobot_msgs/cmake/export_agrobot_msgs__rosidl_generator_pyExport.cmake
[9.640s] -- Up-to-date: /workspaces/daniels-wonderland/agrobot-pipeline/ros2_ws/install/agrobot_msgs/share/agrobot_msgs/cmake/export_agrobot_msgs__rosidl_generator_pyExport-noconfig.cmake
[9.640s] -- Installing: /workspaces/daniels-wonderland/agrobot-pipeline/ros2_ws/install/agrobot_msgs/share/agrobot_msgs/cmake/rosidl_cmake-extras.cmake
[9.641s] -- Up-to-date: /workspaces/daniels-wonderland/agrobot-pipeline/ros2_ws/install/agrobot_msgs/share/agrobot_msgs/cmake/ament_cmake_export_dependencies-extras.cmake
[9.641s] -- Up-to-date: /workspaces/daniels-wonderland/agrobot-pipeline/ros2_ws/install/agrobot_msgs/share/agrobot_msgs/cmake/ament_cmake_export_include_directories-extras.cmake
[9.641s] -- Up-to-date: /workspaces/daniels-wonderland/agrobot-pipeline/ros2_ws/install/agrobot_msgs/share/agrobot_msgs/cmake/ament_cmake_export_libraries-extras.cmake
[9.641s] -- Up-to-date: /workspaces/daniels-wonderland/agrobot-pipeline/ros2_ws/install/agrobot_msgs/share/agrobot_msgs/cmake/ament_cmake_export_targets-extras.cmake
[9.641s] -- Up-to-date: /workspaces/daniels-wonderland/agrobot-pipeline/ros2_ws/install/agrobot_msgs/share/agrobot_msgs/cmake/rosidl_cmake_export_typesupport_targets-extras.cmake
[9.641s] -- Up-to-date: /workspaces/daniels-wonderland/agrobot-pipeline/ros2_ws/install/agrobot_msgs/share/agrobot_msgs/cmake/rosidl_cmake_export_typesupport_libraries-extras.cmake
[9.641s] -- Up-to-date: /workspaces/daniels-wonderland/agrobot-pipeline/ros2_ws/install/agrobot_msgs/share/agrobot_msgs/cmake/agrobot_msgsConfig.cmake
[9.642s] -- Up-to-date: /workspaces/daniels-wonderland/agrobot-pipeline/ros2_ws/install/agrobot_msgs/share/agrobot_msgs/cmake/agrobot_msgsConfig-version.cmake
[9.642s] -- Up-to-date: /workspaces/daniels-wonderland/agrobot-pipeline/ros2_ws/install/agrobot_msgs/share/agrobot_msgs/package.xml
[9.642s] Invoked command in '/workspaces/daniels-wonderland/agrobot-pipeline/ros2_ws/build/agrobot_msgs' returned '0': _=/usr/bin/env /usr/bin/cmake --install /workspaces/daniels-wonderland/agrobot-pipeline/ros2_ws/build/agrobot_msgs
